11-04 14:30:21.988  1193  1193 W JobStore: Periodic job for uid='1000' persisted run-time is too big [24:01:54, 48:01:54]. Clamping to [24:00:20,48:00:20]
11-04 14:30:21.989  1193  1193 I JobStore: Read 2 jobs
11-04 14:30:21.990  1193  1407 E PackageManager: Failed to create app data for jp.kyocera.kerr, but trying to recover: com.android.server.pm.Installer$InstallerException: android.os.ServiceSpecificException: Failed to restorecon /data/data/jp.kyocera.kerr (code 13)
11-04 14:30:21.992  1193  1407 W PackageManager: com.android.server.pm.Installer$InstallerException: android.os.ServiceSpecificException: Failed to delete /data/user_de/0/jp.kyocera.kerr (code 2)
11-04 14:30:21.994  1193  1407 D PackageManager: Recovery failed!
11-04 14:30:21.997  1193  1193 W JobScheduler: !!! RTC not yet good; tracking time updates for job scheduling
11-04 14:30:21.998  1193  1193 I SystemServer: StartSoundTrigger
11-04 14:30:21.998  1193  1193 I SystemServiceManager: Starting com.android.server.soundtrigger.SoundTriggerService
11-04 14:30:22.000  1193  1193 I SystemServer: StartTrustManager
11-04 14:30:22.000  1193  1193 I SystemServiceManager: Starting com.android.server.trust.TrustManagerService
11-04 14:30:22.003  1193  1193 I SystemServer: StartBackupManager
11-04 14:30:22.003  1193  1193 I SystemServiceManager: Starting com.android.server.backup.BackupManagerService$Lifecycle
11-04 14:30:22.006  1193  1193 I SystemServer: StartAppWidgerService
11-04 14:30:22.007  1193  1193 I SystemServiceManager: Starting com.android.server.appwidget.AppWidgetService
11-04 14:30:22.012  1193  1193 I SystemServer: StartVoiceRecognitionManager
11-04 14:30:22.013  1193  1193 I SystemServiceManager: Starting com.android.server.voiceinteraction.VoiceInteractionManagerService
11-04 14:30:22.015  1193  1193 I SystemServer: StartGestureLauncher
11-04 14:30:22.015  1193  1193 I SystemServiceManager: Starting com.android.server.GestureLauncherService
11-04 14:30:22.016  1193  1193 I SystemServer: StartSensorNotification
11-04 14:30:22.016  1193  1193 I SystemServiceManager: Starting com.android.server.SensorNotificationService
11-04 14:30:22.016  1193  1193 I SystemServer: StartContextHubSystemService
11-04 14:30:22.016  1193  1193 I SystemServiceManager: Starting com.android.server.ContextHubSystemService
11-04 14:30:22.016  1193  1193 I SystemServer: StartDiskStatsService
11-04 14:30:22.019  1193  1193 I SystemServer: StartNetworkTimeUpdateService
11-04 14:30:22.021  1193  1193 I SystemServer: StartCommonTimeManagementService
11-04 14:30:22.023  1193  1193 I SystemServer: CertBlacklister
11-04 14:30:22.024  1193  1193 I SystemServer: StartEmergencyAffordanceService
11-04 14:30:22.024  1193  1193 I SystemServiceManager: Starting com.android.server.emergency.EmergencyAffordanceService
11-04 14:30:22.025  1193  1193 I SystemServer: StartDreamManager
11-04 14:30:22.025  1193  1193 I SystemServiceManager: Starting com.android.server.dreams.DreamManagerService
11-04 14:30:22.027  1193  1193 I SystemServer: AddGraphicsStatsService
11-04 14:30:22.031  1193  1193 I SystemServer: StartPrintManager
11-04 14:30:22.031  1193  1193 I SystemServiceManager: Starting com.android.server.print.PrintManagerService
11-04 14:30:22.034  1193  1193 I SystemServer: StartCompanionDeviceManager
11-04 14:30:22.034  1193  1193 I SystemServiceManager: Starting com.android.server.companion.CompanionDeviceManagerService
11-04 14:30:22.037  1193  1193 I SystemServer: StartRestrictionManager
11-04 14:30:22.037  1193  1193 I SystemServiceManager: Starting com.android.server.restrictions.RestrictionsManagerService
11-04 14:30:22.040  1193  1193 I SystemServer: StartMediaSessionService
11-04 14:30:22.040  1193  1193 I SystemServiceManager: Starting com.android.server.media.MediaSessionService
11-04 14:30:22.045  1193  1193 I SystemServer: StartMediaUpdateService
11-04 14:30:22.045  1193  1193 I SystemServiceManager: Starting com.android.server.media.MediaUpdateService
11-04 14:30:22.045  1193  1193 I SystemServer: StartMediaRouterService
11-04 14:30:22.048  1193  1193 I SystemServer: StartBackgroundDexOptService
11-04 14:30:22.049  1193  1193 I SystemServer: StartPruneInstantAppsJobService
11-04 14:30:22.049  1193  1193 I SystemServer: StartShortcutServiceLifecycle
11-04 14:30:22.049  1193  1193 I SystemServiceManager: Starting com.android.server.pm.ShortcutService$Lifecycle
11-04 14:30:22.055  1193  1193 I SystemServer: StartLauncherAppsService
11-04 14:30:22.055  1193  1193 I SystemServiceManager: Starting com.android.server.pm.LauncherAppsService
11-04 14:30:22.057  1193  1193 I SystemServer: StartSubDisplayController
11-04 14:30:22.057  1193  1193 I SystemServiceManager: Starting com.android.server.subdisplay.SubDisplayController
11-04 14:30:22.059  1193  1193 I SystemServer: StartCrossProfileAppsService
11-04 14:30:22.059  1193  1193 I SystemServiceManager: Starting com.android.server.pm.CrossProfileAppsService
11-04 14:30:22.061  1193  1193 I SystemServer: StartMediaProjectionManager
11-04 14:30:22.061  1193  1193 I SystemServiceManager: Starting com.android.server.media.projection.MediaProjectionManagerService
11-04 14:30:22.066  1193  1193 I SystemServer: StartSliceManagerService
11-04 14:30:22.066  1193  1193 I SystemServiceManager: Starting com.android.server.slice.SliceManagerService$Lifecycle
11-04 14:30:22.070  1193  1193 I SystemServer: StartCameraServiceProxy
11-04 14:30:22.070  1193  1193 I SystemServiceManager: Starting com.android.server.camera.CameraServiceProxy
11-04 14:30:22.074  1193  1193 I SystemServer: StartStatsCompanionService
11-04 14:30:22.074  1193  1193 I SystemServiceManager: Starting com.android.server.stats.StatsCompanionService$Lifecycle
11-04 14:30:22.076  1193  1193 I KernelUidCpuFreqTimeReader: mPerClusterTimesAvailable=true
11-04 14:30:22.078  1193  1193 E StatsCompanionService: cannot find thermalservice, no throttling push notifications
11-04 14:30:22.080  1193  1193 I SystemServer: StartJitCompilation
11-04 14:30:22.080  1193  1193 I SystemServer: StartMmsService
11-04 14:30:22.081  1193  1193 I SystemServiceManager: Starting com.android.server.MmsServiceBroker
11-04 14:30:22.083  1193  1193 I SystemServer: StartAutoFillService
11-04 14:30:22.083  1193  1193 I SystemServiceManager: Starting com.android.server.autofill.AutofillManagerService
11-04 14:30:22.084  1193  1193 I AutofillManagerService: Setting debug to false
11-04 14:30:22.087  1193  1193 I SystemServer: MakeVibratorServiceReady
11-04 14:30:22.092  1193  1193 I SystemServer: MakeLockSettingsServiceReady
11-04 14:30:22.113  1193  1193 I SyntheticPasswordManager: Device does not support weaver
11-04 14:30:22.115  1193  1193 I LockSettingsService: Device doesn't implement AuthSecret HAL
11-04 14:30:22.117  1193  1193 E LockSettingsStorage: Cannot read file java.io.FileNotFoundException: /data/system/gatekeeper.password.key: open failed: ENOENT (No such file or directory)
11-04 14:30:22.117  1193  1193 E LockSettingsStorage: Cannot read file java.io.FileNotFoundException: /data/system/password.key: open failed: ENOENT (No such file or directory)
11-04 14:30:22.118  1193  1193 E LockSettingsStorage: Cannot read file java.io.FileNotFoundException: /data/system/gatekeeper.pattern.key: open failed: ENOENT (No such file or directory)
11-04 14:30:22.118  1193  1193 E LockSettingsStorage: Cannot read file java.io.FileNotFoundException: /data/system/gatekeeper.gesture.key: open failed: ENOENT (No such file or directory)
11-04 14:30:22.118  1193  1193 E LockSettingsStorage: Cannot read file java.io.FileNotFoundException: /data/system/gesture.key: open failed: ENOENT (No such file or directory)
11-04 14:30:22.119  1193  1193 I SystemServer: StartBootPhaseLockSettingsReady
11-04 14:30:22.119  1193  1193 I SystemServiceManager: Starting phase 480
11-04 14:30:22.126  1193  1193 I DevicePolicyManager: Set ro.device_owner property to false
11-04 14:30:22.130  1193  1193 I SystemServer: StartBootPhaseSystemServicesReady
11-04 14:30:22.130  1193  1193 I SystemServiceManager: Starting phase 500
11-04 14:30:22.132  1193  1193 D AppStandbyController: Setting app idle enabled state
11-04 14:30:22.146  1193  1193 I WifiService: WifiService starting up with Wi-Fi disabled
11-04 14:30:22.163   772   772 E wificond: Failed to get wiphy indices
11-04 14:30:22.183  1193  1193 I SystemServer: MakeWindowManagerServiceReady
11-04 14:30:22.193  1193  1193 I SystemServer: MakePowerManagerServiceReady
11-04 14:30:22.206  1193  1246 E KernelCpuSpeedReader: Failed to read cpu-freq: /sys/devices/system/cpu/cpu0/cpufreq/stats/time_in_state (No such file or directory)
11-04 14:30:22.210  1193  1193 I SystemServer: MakePackageManagerServiceReady
11-04 14:30:22.237  1193  1259 W KeyguardServiceDelegate: onScreenTurningOn(): no keyguard service!
11-04 14:30:22.242  1193  1193 V UserDataPreparer: Found /data/user_de/0 with serial number 0
11-04 14:30:22.242  1193  1193 V UserDataPreparer: Found /data/user/0 with serial number 0
11-04 14:30:22.242  1193  1193 V UserDataPreparer: Found /data/system_de/0 with serial number 0
11-04 14:30:22.243  1193  1193 V UserDataPreparer: Found /data/system_ce/0 with serial number 0
11-04 14:30:22.243  1193  1193 V UserDataPreparer: Found /data/misc_ce/0 with serial number 0
11-04 14:30:22.244  1193  1193 I SystemServer: MakeDisplayManagerServiceReady
11-04 14:30:22.244  1193  1193 I SystemServer: StartDeviceSpecificServices
11-04 14:30:22.244  1193  1193 I SystemServer: StartDeviceSpecificServices com.kyocera.pointer.KcPointerManagerService
11-04 14:30:22.244  1193  1193 I SystemServiceManager: Starting com.kyocera.pointer.KcPointerManagerService
11-04 14:30:22.277  1193  1193 I SystemServer: StartDeviceSpecificServices jp.kyocera.server.sublcd.SubLcdManagerService
11-04 14:30:22.301  1193  1193 I SystemServiceManager: Starting jp.kyocera.server.sublcd.SubLcdManagerService
11-04 14:30:22.305  1193  1193 I SystemServer: StartDeviceSpecificServices jp.kyocera.server.licencer.KcLicencerApiServiceImpl
11-04 14:30:22.305  1193  1193 I SystemServiceManager: Starting jp.kyocera.server.licencer.KcLicencerApiServiceImpl
11-04 14:30:22.306  1193  1193 I SystemServer: StartBootPhaseDeviceSpecificServicesReady
11-04 14:30:22.306  1193  1193 I SystemServiceManager: Starting phase 520
11-04 14:30:22.309  1193  1193 W UsageStatsService: Event reported without a package name
11-04 14:30:22.312  1193  1193 I AppOps  : Pruning old package system/com.android.server.AppOpsService$UidState@85dbc5c: new uid=-1
11-04 14:30:22.314  1193  1193 I ActivityManager: System now ready
11-04 14:30:22.319  1193  1193 I SystemServer: Making services ready
11-04 14:30:22.320  1193  1193 I SystemServer: StartActivityManagerReadyPhase
11-04 14:30:22.320  1193  1193 I SystemServiceManager: Starting phase 550
11-04 14:30:22.326  1193  1193 W ActivityManager: Too early to start/bind service in system_server: Phase=550 ComponentInfo{com.android.server.telecom/com.android.server.telecom.components.TelecomService}
11-04 14:30:22.328  1193  1193 W ActivityManager: Too early to start/bind service in system_server: Phase=550 ComponentInfo{com.android.server.telecom/com.android.server.telecom.components.TelecomService}
11-04 14:30:22.415  1193  1193 W SystemServiceManager: Service com.android.server.content.ContentService$Lifecycle took 87 ms in onBootPhase
11-04 14:30:22.415  1193  1193 D BluetoothManagerService: Bluetooth boot completed
11-04 14:30:22.416  1193  1193 D BluetoothManagerService: Getting adapter name and address
11-04 14:30:22.416  1193  1255 D BluetoothManagerService: MESSAGE_GET_NAME_AND_ADDRESS
11-04 14:30:22.416  1193  1255 D BluetoothManagerService: Binding to service to get name and address
11-04 14:30:22.432  1193  1241 I ActivityManager: Start proc 1502:com.android.bluetooth/1002 for service com.android.bluetooth/.btservice.AdapterService
11-04 14:30:22.486  1193  1193 W SystemServiceManager: Service com.android.server.InputMethodManagerService$Lifecycle took 65 ms in onBootPhase
11-04 14:30:22.486  1193  1446 D StorageManagerService: Thinking about init, mSystemReady=true, mDaemonConnected=true
11-04 14:30:22.486  1193  1446 D StorageManagerService: Setting up emulation state, initlocked=false
11-04 14:30:22.487   429   431 D vold    : e4crypt_unlock_user_key 0 serial=0 token_present=0
11-04 14:30:22.487  1193  1446 D StorageManagerService: Thinking about reset, mSystemReady=true, mDaemonConnected=true
11-04 14:30:22.488  1193  1239 I ActivityManager: Force stopping com.android.providers.media appid=10031 user=-1: vold reset
11-04 14:30:22.489   429   431 I vold    : mDestroy = true
11-04 14:30:22.489   429   431 I vold    : line : emulated
11-04 14:30:22.490  1193  1484 V StorageManagerService: Found primary storage at VolumeInfo{emulated}:
11-04 14:30:22.490  1193  1484 V StorageManagerService:     type=EMULATED diskId=null partGuid= mountFlags=0 mountUserId=-1 
11-04 14:30:22.490  1193  1484 V StorageManagerService:     state=UNMOUNTED 
11-04 14:30:22.490  1193  1484 V StorageManagerService:     fsType=null fsUuid=null fsLabel=null 
11-04 14:30:22.490  1193  1484 V StorageManagerService:     path=null internalPath=null 
11-04 14:30:22.495   429   431 I vold    : line : emulated
11-04 14:30:22.496   429   431 V vold    : Waiting for FUSE to spin up...
11-04 14:30:22.501  1193  1241 I ActivityManager: Start proc 1519:com.kyocera.mediumkey/u0a64 for service com.kyocera.mediumkey/.Mediumkey
11-04 14:30:22.507  1193  1193 I SystemServer: StartObservingNativeCrashes
11-04 14:30:22.507  1193  1412 I SystemServer: WebViewFactoryPreparation
11-04 14:30:22.507  1193  1193 I SystemServer: StartSystemUI
11-04 14:30:22.511  1193  1482 W BluetoothManagerService: bindBluetoothProfileService:Trying to bind to profile: 1, while Bluetooth is disabled
11-04 14:30:22.521  1193  1193 I SystemServer: MakeNetworkManagementServiceReady
11-04 14:30:22.521  1193  1193 D NetworkManagement: enabling bandwidth control
11-04 14:30:22.534  1193  1241 I ActivityManager: Start proc 1532:com.android.systemui/u0a32 for service com.android.systemui/.SystemUIService
11-04 14:30:22.547   429   431 V vold    : Waiting for FUSE to spin up...
11-04 14:30:22.550  1518  1518 W sdcard  : Device explicitly enabled sdcardfs
11-04 14:30:22.569  1193  1241 I ActivityManager: Start proc 1549:WebViewLoader-armeabi-v7a/1037 [android.webkit.WebViewLibraryLoader$RelroFileCreator] for 
11-04 14:30:22.599   429   431 I vold    : line : emulated
11-04 14:30:22.601   429   431 I vold    : external_media_status set 1
11-04 14:30:22.606  1193  1193 I SystemServer: MakeIpSecServiceReady
11-04 14:30:22.611  1193  1193 D IpSecService: IpSecService is ready
11-04 14:30:22.611  1193  1193 I SystemServer: MakeNetworkStatsServiceReady
11-04 14:30:22.612  1193  1246 E BatteryExternalStatsWorker: no controller energy info supplied for wifi
11-04 14:30:22.612  1193  1246 E BatteryExternalStatsWorker: no controller energy info supplied for telephony
11-04 14:30:22.615  1193  1452 W NetworkPolicy: unable to apply policy to UID 1000; ignoring
11-04 14:30:22.617  1193  1452 E NetworkPolicy: addDefaultRestrictBackgroundWhitelistUidsUL(): skipping non-privileged app  com.kyocera.voicerecognition
11-04 14:30:22.617  1193  1452 E NetworkPolicy: addDefaultRestrictBackgroundWhitelistUidsUL(): skipping non-privileged app  com.kyocera.stopwatch
11-04 14:30:22.620  1193  1452 W NetworkPolicy: setRestrictBackgroundUL: already false
11-04 14:30:22.648  1193  1193 I SystemServer: MakeConnectivityServiceReady
11-04 14:30:22.656  1193  1472 V NetPluginDelegate: registerHandler
11-04 14:30:22.657  1193  1472 V NetPluginDelegate: loading ConnectivityExt jar
11-04 14:30:22.687  1193  1472 V NetPluginDelegate: ConnectivityExt jar loaded
11-04 14:30:22.705  1193  1193 I SystemServer: MakeNetworkPolicyServiceReady
11-04 14:30:22.705  1193  1193 I SystemServer: StartWatchdog
11-04 14:30:22.948  1193  1484 I ActivityManager: Process WebViewLoader-armeabi-v7a (pid 1549) has died: psvc PER 
11-04 14:30:22.954  1193  1246 E KernelCpuSpeedReader: Failed to read cpu-freq: /sys/devices/system/cpu/cpu0/cpufreq/stats/time_in_state (No such file or directory)
11-04 14:30:23.102  1193  1407 E PackageManager: Failed to create app data for jp.kyocera.thermalmonitor, but trying to recover: com.android.server.pm.Installer$InstallerException: android.os.ServiceSpecificException: Failed to restorecon /data/data/jp.kyocera.thermalmonitor (code 13)
11-04 14:30:23.105  1193  1407 W PackageManager: com.android.server.pm.Installer$InstallerException: android.os.ServiceSpecificException: Failed to delete /data/user_de/0/jp.kyocera.thermalmonitor (code 2)
11-04 14:30:23.108  1193  1407 D PackageManager: Recovery failed!
11-04 14:30:23.112  1193  1407 E PackageManager: Failed to create app data for jp.kyocera.thermalmonitor, but trying to recover: com.android.server.pm.Installer$InstallerException: android.os.ServiceSpecificException: Failed to restorecon /data/data/jp.kyocera.thermalmonitor (code 13)
11-04 14:30:23.115  1193  1407 W PackageManager: com.android.server.pm.Installer$InstallerException: android.os.ServiceSpecificException: Failed to delete /data/user_de/0/jp.kyocera.thermalmonitor (code 2)
11-04 14:30:23.117  1193  1407 D PackageManager: Recovery failed!
11-04 14:30:23.229  1193  1219 D ConnectivityService: requestNetwork for uid/pid:10032/1532 NetworkRequest [ TRACK_DEFAULT id=7, [ Capabilities: INTERNET&NOT_RESTRICTED&TRUSTED Unwanted:  Uid: 10032] ]
11-04 14:30:23.244  1193  1407 I PackageManager: Deferred reconcileAppsData finished 120 packages
11-04 14:30:23.244  1193  1193 I SystemServer: PhaseThirdPartyAppsCanStart
11-04 14:30:23.244  1193  1193 I SystemServiceManager: Starting phase 600
11-04 14:30:23.250  1193  1193 V WallpaperManagerService: bindWallpaperComponentLocked: componentName=ComponentInfo{com.android.systemui/com.android.systemui.ImageWallpaper}
11-04 14:30:23.276  1193  1193 I StatsCompanionService: Could not yet find statsd to tell it that StatsCompanion is alive.
11-04 14:30:23.278  1193  1193 I SystemServer: MakeLocationServiceReady
11-04 14:30:23.299  1193  1193 W LocationProviderProxy-network: Odd, no component found for service com.android.location.service.v3.NetworkLocationProvider
11-04 14:30:23.307  1193  1193 E LocationManagerService: no geocoder provider found
11-04 14:30:23.313  1193  1193 D LocationManagerService: Unable to bind FLP Geofence proxy.
11-04 14:30:23.313  1193  1193 D LocationManagerService: Hardware Activity-Recognition not supported.
11-04 14:30:23.314  1193  1193 D LocationManagerService: Unable to bind ActivityRecognitionProxy.
11-04 14:30:23.319  1193  1193 I SystemServer: MakeCountryDetectionServiceReady
11-04 14:30:23.319  1193  1193 I SystemServer: MakeNetworkTimeUpdateReady
11-04 14:30:23.322  1193  1193 D ConnectivityService: requestNetwork for uid/pid:1000/1193 NetworkRequest [ TRACK_DEFAULT id=8, [ Capabilities: INTERNET&NOT_RESTRICTED&TRUSTED Unwanted:  Uid: 1000] ]
11-04 14:30:23.323  1193  1193 I SystemServer: MakeCommonTimeManagementServiceReady
11-04 14:30:23.323  1193  1193 I SystemServer: MakeInputManagerServiceReady
11-04 14:30:23.325  1193  1193 I SystemServer: MakeTelephonyRegistryReady
11-04 14:30:23.325  1193  1193 I SystemServer: MakeMediaRouterServiceReady
11-04 14:30:23.326  1193  1193 I SystemServer: MakeMmsServiceReady
11-04 14:30:23.326  1193  1193 I MmsServiceBroker: Delay connecting to MmsService until an API is called
11-04 14:30:23.326  1193  1193 I SystemServer: IncidentDaemonReady
11-04 14:30:23.328  1193  1193 I SystemServiceManager: Calling onStartUser u0
11-04 14:30:23.330  1193  1193 W VoiceInteractionManagerService: no available voice recognition services found for user 0
11-04 14:30:23.341  1193  1610 I StatusBarManagerService: registerStatusBar bar=com.android.internal.statusbar.IStatusBar$Stub$Proxy@a7d732f
11-04 14:30:23.347  1193  1193 I ActivityManager: START u0 {act=android.intent.action.MAIN cat=[android.intent.category.HOME] flg=0x10000100 cmp=com.android.settings/.FallbackHome} from uid 0
11-04 14:30:23.358  1193  1193 I ActivityManager: Loaded persisted task ids for user 0
11-04 14:30:23.571  1193  1193 D SystemServerInitThreadPool: Shutdown successful
11-04 14:30:23.575  1193  1241 W ActivityManager: Slow operation: 229ms so far, now at startProcess: asking zygote to start proc
11-04 14:30:23.581  1193  1193 W Looper  : Slow delivery took 2772ms main h=android.os.Handler c=com.android.server.-$$Lambda$BatteryService$2x73lvpB0jctMSVP4qb9sHAqRPw@ee65479 m=0
11-04 14:30:23.582  1193  1240 W Looper  : Slow dispatch took 238ms android.ui h=com.android.server.am.ActivityManagerService$UiHandler c=null m=53
11-04 14:30:23.582  1193  1240 W Looper  : Slow delivery took 229ms android.ui h=com.android.server.am.ActivityManagerService$UiHandler c=jp.kyocera.kcfp.internal.endkey.-$$Lambda$EndKeyBehaviorController$PLTM1yrxIBWIsZzJlqAeoDH6lPE@46505be m=0
11-04 14:30:23.592  1193  1241 W ActivityManager: Slow operation: 250ms so far, now at startProcess: returned from zygote!
11-04 14:30:23.592  1193  1255 I EntropyMixer: Writing entropy...
11-04 14:30:23.598  1193  1238 W LocationProviderProxy-network: Odd, no component found for service com.android.location.service.v3.NetworkLocationProvider
11-04 14:30:23.656  1193  1610 W ActivityManager: Slow operation: 314ms so far, now at startProcess: done updating battery stats
11-04 14:30:23.656  1193  1610 W ActivityManager: Slow operation: 314ms so far, now at startProcess: building log message
11-04 14:30:23.656  1193  1610 I ActivityManager: Start proc 1734:.dataservices/1000 for added application .dataservices
11-04 14:30:23.656  1193  1610 W ActivityManager: Slow operation: 314ms so far, now at startProcess: starting to update pids map
11-04 14:30:23.656  1193  1610 W ActivityManager: Slow operation: 314ms so far, now at startProcess: done updating pids map
11-04 14:30:23.661  1193  1241 W ActivityManager: Slow operation: 318ms so far, now at startProcess: asking zygote to start proc
11-04 14:30:23.675  1193  1193 D ConditionProviders.SCP: onConnected
11-04 14:30:23.677  1193  1193 D ConditionProviders: Subscribing to condition://android/event?userId=-10000&calendar=&reply=1 with ComponentInfo{android/com.android.server.notification.EventConditionProvider}
11-04 14:30:23.678  1193  1193 D ConditionProviders: Subscribing to condition://android/schedule?days=1.2.3.4.5.6.7&start=22.0&end=7.0&exitAtAlarm=true with ComponentInfo{android/com.android.server.notification.ScheduleConditionProvider}
11-04 14:30:23.681  1193  1241 W ActivityManager: Slow operation: 337ms so far, now at startProcess: returned from zygote!
11-04 14:30:23.681  1193  1241 W ActivityManager: Slow operation: 337ms so far, now at startProcess: done updating battery stats
11-04 14:30:23.681  1193  1241 W ActivityManager: Slow operation: 338ms so far, now at startProcess: building log message
11-04 14:30:23.681  1193  1241 I ActivityManager: Start proc 1751:com.qualcomm.qti.telephonyservice/1001 for added application com.qualcomm.qti.telephonyservice
11-04 14:30:23.681  1193  1241 W ActivityManager: Slow operation: 338ms so far, now at startProcess: starting to update pids map
11-04 14:30:23.681  1193  1241 W ActivityManager: Slow operation: 338ms so far, now at startProcess: done updating pids map
11-04 14:30:23.681  1193  1241 W ActivityManager: Slow operation: 337ms so far, now at startProcess: asking zygote to start proc
11-04 14:30:23.686  1193  1193 V SettingsProvider: Notifying for 0: content://settings/secure/location_providers_allowed
11-04 14:30:23.687  1193  1193 V SettingsProvider: Notifying for 0: content://settings/global/location_global_kill_switch
11-04 14:30:23.703  1193  1241 W ActivityManager: Slow operation: 358ms so far, now at startProcess: returned from zygote!
11-04 14:30:23.703  1193  1241 W ActivityManager: Slow operation: 359ms so far, now at startProcess: done updating battery stats
11-04 14:30:23.704  1193  1241 W ActivityManager: Slow operation: 359ms so far, now at startProcess: building log message
11-04 14:30:23.704  1193  1241 I ActivityManager: Start proc 1756:com.google.android.marvin.talkback/u0a65 for added application com.google.android.marvin.talkback
11-04 14:30:23.704  1193  1241 W ActivityManager: Slow operation: 360ms so far, now at startProcess: starting to update pids map
11-04 14:30:23.704  1193  1241 W ActivityManager: Slow operation: 360ms so far, now at startProcess: done updating pids map
11-04 14:30:23.704  1193  1241 W ActivityManager: Slow operation: 360ms so far, now at startProcess: asking zygote to start proc
11-04 14:30:23.733  1193  1241 W ActivityManager: Slow operation: 388ms so far, now at startProcess: returned from zygote!
11-04 14:30:23.733  1193  1241 W ActivityManager: Slow operation: 388ms so far, now at startProcess: done updating battery stats
11-04 14:30:23.733  1193  1241 W ActivityManager: Slow operation: 388ms so far, now at startProcess: building log message
11-04 14:30:23.733  1193  1241 I ActivityManager: Start proc 1767:com.android.phone/1001 for added application com.android.phone
11-04 14:30:23.733  1193  1241 W ActivityManager: Slow operation: 389ms so far, now at startProcess: starting to update pids map
11-04 14:30:23.733  1193  1241 W ActivityManager: Slow operation: 389ms so far, now at startProcess: done updating pids map
11-04 14:30:23.733  1193  1241 W ActivityManager: Slow operation: 358ms so far, now at startProcess: asking zygote to start proc
11-04 14:30:23.747  1193  1240 W Looper  : Drained
11-04 14:30:23.761  1193  1241 W ActivityManager: Slow operation: 385ms so far, now at startProcess: returned from zygote!
11-04 14:30:23.761  1193  1241 W ActivityManager: Slow operation: 386ms so far, now at startProcess: done updating battery stats
11-04 14:30:23.761  1193  1241 W ActivityManager: Slow operation: 386ms so far, now at startProcess: building log message
11-04 14:30:23.761  1193  1241 I ActivityManager: Start proc 1778:com.android.settings/1000 for activity com.android.settings/.FallbackHome
11-04 14:30:23.761  1193  1241 W ActivityManager: Slow operation: 386ms so far, now at startProcess: starting to update pids map
11-04 14:30:23.761  1193  1241 W ActivityManager: Slow operation: 386ms so far, now at startProcess: done updating pids map
11-04 14:30:23.895  1193  1193 W BluetoothManagerService: bindBluetoothProfileService:Trying to bind to profile: 1, while Bluetooth is disabled
11-04 14:30:23.907  1193  1828 I Telecom : BluetoothRouteManager: getBluetoothAudioConnectedDevice: no headset service available.
11-04 14:30:23.907  1193  1193 I Telecom : SystemStateProvider: Registering car mode receiver: android.content.IntentFilter@d436b1c: TS.init@AAA
11-04 14:30:23.919  1193  1218 D ConnectivityService: requestNetwork for uid/pid:1000/1734 NetworkRequest [ TRACK_DEFAULT id=12, [ Capabilities: INTERNET&NOT_RESTRICTED&TRUSTED Unwanted:  Uid: 1000] ]
11-04 14:30:23.928  1193  1193 I Telecom : CallAudioRouteStateMachine: getDefaultAudioState :1: TS.init@AAA
11-04 14:30:23.931  1193  1830 I Telecom : Logging.Events: Non-call EVENT: AUDIO_ROUTE, Entering state QuiescentEarpieceRoute
11-04 14:30:23.931  1193  1830 I Telecom : BluetoothRouteManager: getBluetoothAudioConnectedDevice: no headset service available.
11-04 14:30:23.947  1193  1193 I Telecom : MissedCallNotifierImpl: reloadFromDatabase: Boot not yet complete -- call log db may not be available. Deferring loading until boot complete for user 0: TS.init@AAA
11-04 14:30:23.950  1193  1833 I Telecom : CallAudioModeStateMachine: Message received: null.: TS.init->CAMSM.pM_1@AAA
11-04 14:30:23.954  1193  1193 W BluetoothManagerService: bindBluetoothProfileService:Trying to bind to profile: 1, while Bluetooth is disabled
11-04 14:30:23.961  1193  1193 I Telecom : Class: TelecomSystem.INSTANCE being set
11-04 14:30:23.962  1193  1193 W ContextImpl: Calling a method in the system process without a qualified user: android.app.ContextImpl.startService:1531 android.content.ContextWrapper.startService:664 com.android.server.telecom.components.TelecomService.initializeTelecomSystem:214 com.android.server.telecom.components.TelecomService.onBind:84 android.app.ActivityThread.handleBindService:3598 
11-04 14:30:23.965  1193  1193 W Looper  : Slow dispatch took 218ms main h=android.app.ActivityThread$H c=null m=121
11-04 14:30:23.965  1193  1193 W ContextImpl: Calling a method in the system process without a qualified user: android.app.ContextImpl.startService:1531 com.android.server.content.SyncManager$14.run:758 android.os.Handler.handleCallback:873 android.os.Handler.dispatchMessage:99 android.os.Looper.loop:193 
11-04 14:30:23.981  1193  1193 D BluetoothManagerService: Bluetooth Adapter name changed to KYOCERA E4810
11-04 14:30:23.981  1193  1193 D BluetoothManagerService: Stored Bluetooth name: KYOCERA E4810
11-04 14:30:23.982  1193  1193 D BluetoothManagerService: BluetoothServiceConnection: com.android.bluetooth.btservice.AdapterService
11-04 14:30:23.982  1193  1255 D BluetoothManagerService: MESSAGE_BLUETOOTH_SERVICE_CONNECTED: 1
11-04 14:30:23.982  1193  1255 D BluetoothManagerService: MESSAGE_GET_NAME_AND_ADDRESS
11-04 14:30:23.983  1193  1193 V SettingsProvider: Notifying for 0: content://settings/global/boot_count
11-04 14:30:23.984  1193  1255 D BluetoothManagerService: Stored Bluetooth name: KYOCERA E4810
11-04 14:30:23.988  1193  1255 D BluetoothManagerService: unbindAndFinish(): android.bluetooth.IBluetooth$Stub$Proxy@7d35996 mBinding = false mUnbinding = false
11-04 14:30:24.035  1193  1193 V WiredAccessoryManager: notifyWiredAccessoryChanged: when=0 bits= mask=54
11-04 14:30:24.035  1193  1193 V WiredAccessoryManager: newName=h2w newState=0 headsetState=0 prev headsetState=0
11-04 14:30:24.036  1193  1193 V WiredAccessoryManager: init()
11-04 14:30:24.132  1193  1498 W ContextImpl: Calling a method in the system process without a qualified user: android.app.ContextImpl.sendBroadcast:1005 com.kyocera.pointer.KcPointerManagerService.changePict:334 com.kyocera.pointer.KcPointerManagerService.handleChangePointer:285 com.kyocera.pointer.KcPointerManagerService.access$500:37 com.kyocera.pointer.KcPointerManagerService$MyHandler.handleMessage:138 
11-04 14:30:24.140  1193  1193 D ConditionProviders.SCP: onSubscribe condition://android/schedule?days=1.2.3.4.5.6.7&start=22.0&end=7.0&exitAtAlarm=true
11-04 14:30:24.141  1193  1193 D ConditionProviders.SCP: setRegistered true
11-04 14:30:24.147  1193  1254 D UsbDeviceManager: push notification:USB mode - Charge only
11-04 14:30:24.167  1193  1193 D ConditionProviders.SCP: evaluateSubscriptionLocked cal=ScheduleCalendar[mDays={1, 2, 3, 4, 5, 6, 7}, mSchedule=ScheduleInfo{days=[1, 2, 3, 4, 5, 6, 7], startHour=22, startMinute=0, endHour=7, endMinute=0, exitAtAlarm=true, nextAlarm=Thu Jan 01 00:00:00 GMT 1970 (0)}], now=Thu Nov 04 14:30:24 GMT 2021 (1636036224140), nextUserAlarmTime=Thu Jan 01 00:00:00 GMT 1970 (0)
11-04 14:30:24.167  1193  1193 D ConditionProviders.SCP: notifyCondition condition://android/schedule?days=1.2.3.4.5.6.7&start=22.0&end=7.0&exitAtAlarm=true STATE_FALSE reason=!meetsSchedule
11-04 14:30:24.169  1193  1479 E ActivityThread: Failed to find provider info for com.android.calendar
11-04 14:30:24.170  1193  1193 D ConditionProviders.SCP: Scheduling evaluate for Thu Nov 04 22:00:00 GMT 2021 (1636063200000), in +7h29m35s860ms, now=Thu Nov 04 14:30:24 GMT 2021 (1636036224140)
11-04 14:30:24.170  1193  1479 E ActivityThread: Failed to find provider info for com.android.calendar
11-04 14:30:24.197  1193  1193 I Telecom : WiredHeadsetManager: ACTION_HEADSET_PLUG event, plugged in: false, : WHC.oADA@AAE
11-04 14:30:24.210  1532  1670 E ActivityThread: Failed to find provider info for com.android.contacts
11-04 14:30:24.210  1193  1193 I AutofillManagerService: Updating Autofill for user 0: disabled=false
11-04 14:30:24.213  1193  1501 I SyncManager: Got SyncJobService instance.
11-04 14:30:24.221  1193  1420 I MDM_KEY : Changed restricted key. (POWER=false, VOLD=false, VOLU=false, can send broadcast=false)
11-04 14:30:24.222  1193  1420 I MDM_KEY : Changed restricted key. (POWER=false, VOLD=false, VOLU=false, can send broadcast=false)
11-04 14:30:24.229  1193  1193 W Looper  : Drained
11-04 14:30:24.246  1193  1610 I ActivityManager: Process com.android.bluetooth (pid 1502) has died: fore SVC 
11-04 14:30:24.333  1193  1241 I ActivityManager: Start proc 1874:com.qualcomm.qcrilmsgtunnel/1001 for service com.qualcomm.qcrilmsgtunnel/.QcrilMsgTunnelService
11-04 14:30:24.334  1532  1666 E ActivityThread: Failed to find provider info for com.android.contacts
11-04 14:30:24.358  1532  1688 E ActivityThread: Failed to find provider info for com.android.contacts
11-04 14:30:24.422  1193  1458 D WifiService: New client listening to asynchronous messages
11-04 14:30:24.438  1532  1670 E ActivityThread: Failed to find provider info for com.android.contacts
11-04 14:30:24.601  1193  1610 I PackageManager: Replacing preferred activity com.android.mms/.ui.ComposeMessageActivity for user 0:
11-04 14:30:24.604  1193  1610 I chatty  : uid=1000(system) Binder:1193_5 identical 1 line
11-04 14:30:24.606  1193  1610 I PackageManager: Replacing preferred activity com.android.mms/.ui.ComposeMessageActivity for user 0:
11-04 14:30:24.608  1193  1872 I PackageManager: Replacing preferred activity com.android.mms/.ui.ComposeMessageActivity for user 0:
11-04 14:30:24.718  1193  1472 D ConnectivityService: Got NetworkFactory Messenger for PhoneSwitcherNetworkRequstListener
11-04 14:30:24.742  1193  1472 D ConnectivityService: Got NetworkFactory Messenger for TelephonyNetworkFactory[0]
11-04 14:30:24.770  1767  1911 E ActivityThread: Failed to find provider info for com.android.contacts
11-04 14:30:24.787  1193  1610 W BluetoothManagerService: bindBluetoothProfileService:Trying to bind to profile: 1, while Bluetooth is disabled
11-04 14:30:24.847  1767  1767 I TelecomFramework: TtyManager: updateUiTtyMode -1 -> 0
11-04 14:30:25.517  1193  1872 I Telecom : PhoneAccountRegistrar: Modify account: [ComponentInfo{com.android.phone/com.android.services.telephony.TelephonyConnectionService}, ***, UserHandle{0}]: TSI.rPA@AAk
11-04 14:30:25.520  1767  1767 I TelecomFramework: AccountEntry: Registered phoneAccount: [[ ] PhoneAccount: ComponentInfo{com.android.phone/com.android.services.telephony.TelephonyConnectionService}, ***, UserHandle{0} Capabilities: CallProvider MultiUser PlaceEmerg SimSub Rtt Audio Routes: BESW Schemes: tel voicemail  Extras: Bundle[{android.telecom.extra.SUPPORTS_VIDEO_CALLING_FALLBACK=true}] GroupId: ***] with handle: ComponentInfo{com.android.phone/com.android.services.telephony.TelephonyConnectionService}, ***, UserHandle{0}
11-04 14:30:25.520  1767  1767 I TelecomFramework: PstnIncomingCallNotifier: Registering: Handler (com.kyocera.telephony.KcGsmCdmaPhone) {93c69db}
11-04 14:30:25.548  1193  1872 I WifiService: WifiService trying to set country code to 
11-04 14:30:25.736  1767  1767 D MccTable: updateMccMncConfiguration mccmnc='' fromServiceState=false
11-04 14:30:25.743  1193  1256 I WindowManager: ******* TELLING SURFACE FLINGER WE ARE BOOTED!
11-04 14:30:25.749  1193  1256 I SystemServiceManager: Starting phase 1000
11-04 14:30:25.752  1193  1256 D ColorDisplayService: setUp: currentUser=0
11-04 14:30:25.754  1193  1254 I UsbDeviceManager: isUsbKCDefaultMode is false
11-04 14:30:25.756  1193  1256 D ColorDisplayService: onAutoModeChanged: autoMode=0
11-04 14:30:25.756  1193  1256 I ColorDisplayService: Turning off night display
11-04 14:30:25.759  1767  1767 I TelecomFramework: PstnIncomingCallNotifier: Unregistering: Handler (com.kyocera.telephony.KcGsmCdmaPhone) {93c69db}
11-04 14:30:25.767  1193  1254 I UsbDeviceManager: trySetEnabledFunctions:functions=mtp
11-04 14:30:25.767  1193  1254 I UsbDeviceManager: trySetEnabledFunctions:oemFunctions=mtp
11-04 14:30:25.768  1193  1256 D ActivityManager: Finishing user boot 0
11-04 14:30:25.768  1193  1256 I ActivityManager: User 0 state changed from BOOTING to RUNNING_LOCKED
11-04 14:30:25.771  1193  1256 D ActivityManager: Started unlocking user 0
11-04 14:30:25.772  1193  1256 D ActivityManager: Unlocking user 0 progress 0
11-04 14:30:25.772  1193  1256 D ActivityManager: Unlocking user 0 progress 5
11-04 14:30:25.772   429   431 D vold    : e4crypt_prepare_user_storage for volume null, user 0, serial 0, flags 2
11-04 14:30:25.773   429   431 D vold    : Preparing: /data/system_ce/0
11-04 14:30:25.773   429   431 D vold    : Preparing: /data/misc_ce/0
11-04 14:30:25.773   429   431 D vold    : Preparing: /data/vendor_ce/0
11-04 14:30:25.773   429   431 D vold    : Preparing: /data/media/0
11-04 14:30:25.773   429   431 D vold    : Preparing: /data/data
11-04 14:30:25.774   429   431 V vold    : Starting restorecon of /data/system_ce/0
11-04 14:30:25.778  1193  1219 I Telecom : PhoneAccountRegistrar: Modify account: [ComponentInfo{com.android.phone/com.android.services.telephony.TelephonyConnectionService}, ***, UserHandle{0}]: TSI.rPA@AA4
11-04 14:30:25.784  1767  1767 I TelecomFramework: AccountEntry: Registered phoneAccount: [[ ] PhoneAccount: ComponentInfo{com.android.phone/com.android.services.telephony.TelephonyConnectionService}, ***, UserHandle{0} Capabilities: CallProvider MultiUser PlaceEmerg SimSub Rtt Audio Routes: BESW Schemes: tel voicemail  Extras: Bundle[{android.telecom.extra.SUPPORTS_VIDEO_CALLING_FALLBACK=true}] GroupId: ***] with handle: ComponentInfo{com.android.phone/com.android.services.telephony.TelephonyConnectionService}, ***, UserHandle{0}
11-04 14:30:25.784  1767  1767 I TelecomFramework: PstnIncomingCallNotifier: Registering: Handler (com.kyocera.telephony.KcGsmCdmaPhone) {93c69db}
11-04 14:30:25.799   429   431 V vold    : Finished restorecon of /data/system_ce/0
11-04 14:30:25.800   429   431 V vold    : Starting restorecon of /data/misc_ce/0
11-04 14:30:25.820  1767  1767 I TelecomFramework: PstnPhoneCapabilitiesNotifier: handleVideoCapabilitesChanged. Video capability - false
11-04 14:30:25.853  1193  1256 W WindowManager: App freeze timeout expired.
11-04 14:30:25.866  1193  1241 I ActivityManager: Start proc 1955:com.kyocera.PcoStatusReceiver/1000 for broadcast com.kyocera.PcoStatusReceiver/.PcoStatusReceiver
11-04 14:30:25.889   429   431 V vold    : Finished restorecon of /data/misc_ce/0
11-04 14:30:25.889   429   431 V vold    : /system/bin/vold_prepare_subdirs
11-04 14:30:25.889   429   431 V vold    :     prepare
11-04 14:30:25.889   429   431 V vold    :     
11-04 14:30:25.889   429   431 V vold    :     0
11-04 14:30:25.889   429   431 V vold    :     2
11-04 14:30:25.961  1193  1254 V UserDataPreparer: Found /data/user/0 with serial number 0
11-04 14:30:25.962  1193  1254 V UserDataPreparer: Found /data/system_ce/0 with serial number 0
11-04 14:30:25.962  1193  1254 D UserDataPreparer: Setting property: sys.user.0.ce_available=true
11-04 14:30:25.977  1767  1767 I TelecomFramework: PstnPhoneCapabilitiesNotifier: handleVideoCapabilitesChanged. Video capability - false
11-04 14:30:25.985  1193  1254 V PackageManager: reconcileAppsData for null u0 0x2 migrateAppData=false
11-04 14:30:26.041  1193  1610 I Telecom : PhoneAccountRegistrar: Modify account: [ComponentInfo{com.android.phone/com.android.services.telephony.TelephonyConnectionService}, ***, UserHandle{0}]: TSI.rPA@ABc
11-04 14:30:26.048  1767  1767 I TelecomFramework: PstnIncomingCallNotifier: Unregistering: Handler (com.kyocera.telephony.KcGsmCdmaPhone) {93c69db}
11-04 14:30:26.065  1193  1219 I Telecom : PhoneAccountRegistrar: Modify account: [ComponentInfo{com.android.phone/com.android.services.telephony.TelephonyConnectionService}, ***, UserHandle{0}]: TSI.rPA@ABg
11-04 14:30:26.067  1767  1767 I TelecomFramework: AccountEntry: Registered phoneAccount: [[ ] PhoneAccount: ComponentInfo{com.android.phone/com.android.services.telephony.TelephonyConnectionService}, ***, UserHandle{0} Capabilities: CallProvider MultiUser PlaceEmerg SimSub Rtt Audio Routes: BESW Schemes: tel voicemail  Extras: Bundle[{android.telecom.extra.SUPPORTS_VIDEO_CALLING_FALLBACK=true}] GroupId: ***] with handle: ComponentInfo{com.android.phone/com.android.services.telephony.TelephonyConnectionService}, ***, UserHandle{0}
11-04 14:30:26.067  1767  1767 I TelecomFramework: PstnIncomingCallNotifier: Registering: Handler (com.kyocera.telephony.KcGsmCdmaPhone) {93c69db}
11-04 14:30:26.084  1767  1767 I TelecomFramework: PstnPhoneCapabilitiesNotifier: handleVideoCapabilitesChanged. Video capability - false
11-04 14:30:26.110  1193  1610 I Telecom : PhoneAccountRegistrar: Modify account: [ComponentInfo{com.android.phone/com.android.services.telephony.TelephonyConnectionService}, ***, UserHandle{0}]: TSI.rPA@ABs
11-04 14:30:26.204  1193  1241 I ActivityManager: Start proc 1985:jp.kyocera.poweronactivation/1000 for broadcast jp.kyocera.poweronactivation/.EnterpriseActivateReceiver
11-04 14:30:26.342  1985  1985 W ContextImpl: Calling a method in the system process without a qualified user: android.app.ContextImpl.stopService:1543 android.content.ContextWrapper.stopService:674 android.content.ContextWrapper.stopService:674 jp.kyocera.poweronactivation.EnterpriseActivateReceiver.onReceive:257 android.app.ActivityThread.handleReceiver:3418 
11-04 14:30:26.344  1985  1985 W ContextImpl: Calling a method in the system process without a qualified user: android.app.ContextImpl.sendBroadcast:1005 android.content.ContextWrapper.sendBroadcast:444 android.content.ContextWrapper.sendBroadcast:444 jp.kyocera.poweronactivation.EnterpriseActivateReceiver.onReceive:261 android.app.ActivityThread.handleReceiver:3418 
11-04 14:30:26.367  1193  1254 E PackageManager: Failed to create app data for jp.kyocera.kerr, but trying to recover: com.android.server.pm.Installer$InstallerException: android.os.ServiceSpecificException: Failed to restorecon /data/data/jp.kyocera.kerr (code 13)
11-04 14:30:26.373  1193  1254 D PackageManager: Recovery failed!
11-04 14:30:26.448  1193  1241 I ActivityManager: Start proc 2011:com.qualcomm.qti.poweroffalarm/1000 for broadcast com.qualcomm.qti.poweroffalarm/.PowerOffAlarmBroadcastReceiver
11-04 14:30:26.599  1193  1193 W ContextImpl: Calling a method in the system process without a qualified user: android.app.ContextImpl.sendBroadcast:1005 com.android.server.wifi.VzwWifiController$2.onReceive:113 android.app.LoadedApk$ReceiverDispatcher$Args.lambda$getRunnable$0:1391 android.app.-$$Lambda$LoadedApk$ReceiverDispatcher$Args$_BumDX2UKsnxLVrE6UJsJZkotuA.run:2 android.os.Handler.handleCallback:873 
11-04 14:30:26.653  1193  1241 I ActivityManager: Start proc 2033:jp.kyocera.kchandlenv/1000 for broadcast jp.kyocera.kchandlenv/.KCHandleNvReceiver
11-04 14:30:26.662  1193  1472 D ConnectivityService: Got NetworkFactory Messenger for WIFI
11-04 14:30:26.662  1193  1472 D ConnectivityService: Got NetworkFactory Messenger for WIFI_UT
11-04 14:30:26.734  1193  1254 E PackageManager: Failed to create app data for jp.kyocera.thermalmonitor, but trying to recover: com.android.server.pm.Installer$InstallerException: android.os.ServiceSpecificException: Failed to restorecon /data/data/jp.kyocera.thermalmonitor (code 13)
--------- beginning of main
11-04 14:30:26.737  2033  2033 I cera.kchandlen: The ClassLoaderContext is a special shared library.
11-04 14:30:26.738   762  1404 E SELinux : SELinux: Could not set context for /data/data/jp.kyocera.thermalmonitor:  Permission denied
11-04 14:30:26.738   762  1404 E installd: Failed top-level restorecon for /data/data/jp.kyocera.thermalmonitor: Permission denied
11-04 14:30:26.738   762  1404 E installd: Failed to restorecon /data/data/jp.kyocera.thermalmonitor: Permission denied
11-04 14:30:26.739  1193  1254 D PackageManager: Recovery failed!
11-04 14:30:26.740  2033  2033 I cera.kchandlen: The ClassLoaderContext is a special shared library.
11-04 14:30:26.773  2033  2033 I Perf    : Connecting to perf service.
11-04 14:30:26.781  1193  1254 V PackageManager: reconcileAppsData finished 151 packages
11-04 14:30:26.781  1193  1254 I ActivityManager: User 0 state changed from RUNNING_LOCKED to RUNNING_UNLOCKING
11-04 14:30:26.781  1193  1254 D ActivityManager: Unlocking user 0 progress 20
11-04 14:30:26.781  1193  1254 W Looper  : Slow dispatch took 1009ms android.fg h=android.os.Handler c=com.android.server.am.-$$Lambda$UserController$o6oQFjGYYIfx-I94cSakTLPLt6s@9f0d612 m=0
11-04 14:30:26.781  1193  1239 I SystemServiceManager: Calling onUnlockUser u0
11-04 14:30:26.781  1193  1254 W Looper  : Slow delivery took 1009ms android.fg h=android.os.Handler c=com.android.server.am.-$$Lambda$UserController$qvHU3An7LT0SKBclx4I2epe4KYI@b0d1e3 m=0
11-04 14:30:26.782  1193  1239 D BluetoothManagerService: User 0 unlocked
11-04 14:30:26.782  1193  1255 D BluetoothManagerService: MESSAGE_USER_UNLOCKED
11-04 14:30:26.783  1193  1239 D StorageManagerService: onUnlockUser 0
11-04 14:30:26.783   429   431 D vold    : Linking /storage/emulated/0 to /mnt/user/0/primary
11-04 14:30:26.783  2033  2033 W ContextImpl: Calling a method in the system process without a qualified user: android.app.ContextImpl.startService:1531 android.content.ContextWrapper.startService:664 android.content.ContextWrapper.startService:664 jp.kyocera.kchandlenv.KCHandleNvReceiver.onReceive:19 android.app.ActivityThread.handleReceiver:3418 
11-04 14:30:26.795  1193  1193 W InputMethodManagerService: Illegal subtype state: old subtype = null, new subtype = android.view.inputmethod.InputMethodSubtype@6b6dbdec
11-04 14:30:26.798  1193  1239 W TextServicesManagerService: no available spell checker services found
11-04 14:30:26.798  1193  1254 W Looper  : Drained
11-04 14:30:26.799  1193  1446 D StorageManagerService: Volume emulated broadcasting mounted to UserHandle{0} path /storage/emulated/0 PathFile /storage/emulated/0
11-04 14:30:26.807  1193  1239 W VoiceInteractionManagerService: no available voice recognition services found for user 0
11-04 14:30:26.811  1193  1239 I ActivityManager: User 0 state changed from RUNNING_UNLOCKING to RUNNING_UNLOCKED
11-04 14:30:26.812  1193  1254 I ActivityManager: Loading recents for user 0 into memory.
11-04 14:30:26.812  1193  1239 D SystemServerTiming: SystemUserUnlock took to complete: 1040ms
11-04 14:30:26.814  1193  2058 V BackupManagerService: Starting with transport android/com.android.internal.backup.LocalTransport
11-04 14:30:26.821  2033  2033 W ContextImpl: Calling a method in the system process without a qualified user: android.app.ContextImpl.startService:1531 android.content.ContextWrapper.startService:664 com.qualcomm.qcrilhook.QcRilHook.<init>:141 com.qualcomm.qcnvitems.QcNvItems.<init>:86 jp.kyocera.kchandlenv.KCHandleNvService.onCreate:13 
11-04 14:30:26.836   763   763 I keystore: 1 0
11-04 14:30:26.848  2060  2060 E kclightsservic: Not starting debugger since process cannot load the jdwp agent.
11-04 14:30:26.873  2033  2033 W ContextImpl: Calling a method in the system process without a qualified user: android.app.ContextImpl.bindService:1611 android.content.ContextWrapper.bindService:698 com.qualcomm.qcrilhook.QcRilHook.<init>:143 com.qualcomm.qcnvitems.QcNvItems.<init>:86 jp.kyocera.kchandlenv.KCHandleNvService.onCreate:13 
11-04 14:30:26.882  1193  1241 W ActivityManager: Slow operation: 90ms so far, now at startProcess: done updating battery stats
11-04 14:30:26.888   763   763 I keystore: 1 0
11-04 14:30:26.890  1193  1241 W ActivityManager: Slow operation: 91ms so far, now at startProcess: building log message
11-04 14:30:26.890  1193  1241 I ActivityManager: Start proc 2060:jp.kyocera.kclightsservice/1000 for broadcast jp.kyocera.kclightsservice/.KCLightsReceiver
11-04 14:30:26.890  1193  1241 W ActivityManager: Slow operation: 99ms so far, now at startProcess: starting to update pids map
11-04 14:30:26.891  1193  1241 W ActivityManager: Slow operation: 99ms so far, now at startProcess: done updating pids map
11-04 14:30:26.891  1193  1241 W ActivityManager: Slow operation: 62ms so far, now at startProcess: asking zygote to start proc
11-04 14:30:26.914  1193  1241 W ActivityManager: Slow operation: 85ms so far, now at startProcess: returned from zygote!
11-04 14:30:26.914  1193  1241 W ActivityManager: Slow operation: 85ms so far, now at startProcess: done updating battery stats
11-04 14:30:26.914  1193  1241 W ActivityManager: Slow operation: 85ms so far, now at startProcess: building log message
11-04 14:30:26.914  1193  1241 I ActivityManager: Start proc 2079:com.android.contacts/u0a36 for added application com.android.contacts
11-04 14:30:26.915  1193  1241 W ActivityManager: Slow operation: 85ms so far, now at startProcess: starting to update pids map
11-04 14:30:26.915  1193  1241 W ActivityManager: Slow operation: 85ms so far, now at startProcess: done updating pids map
11-04 14:30:26.915  1193  1241 W ActivityManager: Slow operation: 84ms so far, now at startProcess: asking zygote to start proc
11-04 14:30:26.926  2060  2060 I kclightsservic: The ClassLoaderContext is a special shared library.
11-04 14:30:26.932  1193  1241 W ActivityManager: Slow operation: 101ms so far, now at startProcess: returned from zygote!
11-04 14:30:26.932  1193  1241 W ActivityManager: Slow operation: 102ms so far, now at startProcess: done updating battery stats
11-04 14:30:26.932  1193  1241 W ActivityManager: Slow operation: 102ms so far, now at startProcess: building log message
11-04 14:30:26.932  1193  1241 I ActivityManager: Start proc 2084:jp.kyocera.ecomode/1000 for added application jp.kyocera.ecomode
11-04 14:30:26.932  1193  1241 W ActivityManager: Slow operation: 102ms so far, now at startProcess: starting to update pids map
11-04 14:30:26.932  1193  1241 W ActivityManager: Slow operation: 102ms so far, now at startProcess: done updating pids map
