11-04 14:30:36.338  1767  1767 D QcDataStatusNotification Service: onChange():uri=content://telephony/carriers authority=telephony path=/carriers segments=[carriers] uriLastSegment=carriers
11-04 14:30:36.338  1874  1874 D QcrilMsgTunnelIfaceManager: handleMessage what = 3
11-04 14:30:36.338  1874  1874 I QcrilOemhookMsgTunnel: [0]invokeOemRilRequestRaw: serial=1005 length=20
11-04 14:30:36.339  1767  1767 D QcDataStatusNotification Service: onApnChanged: phoneId = 0 subId = 2147483643 operator = 
11-04 14:30:36.339  1767  1767 D QcDataStatusNotification Service: Could not get current operator
11-04 14:30:36.342  1767  1767 D QcDataStatusNotification Service: onReceive subId = 2147483643
11-04 14:30:36.342  1767  1767 D QcDataStatusNotification Service: onReceive subId = 2147483643
11-04 14:30:36.344  1874  1891 I QcrilOemhookMsgTunnel: [0]processOemHookResponse serial no: 1004 error: 0length=0
11-04 14:30:36.345  1874  1874 D QcrilMsgTunnelIfaceManager: handleMessage what = 4
11-04 14:30:36.345  1874  1874 D QcrilMsgTunnelIfaceManager: OEM_RIL_REQUEST_ASYNC_DONE requestAsync.sub :0
11-04 14:30:36.346  1874  1891 I QcrilOemhookMsgTunnel: [0]processOemHookResponse serial no: 1005 error: 0length=0
11-04 14:30:36.348  1874  1874 D QcrilMsgTunnelIfaceManager: handleMessage what = 4
11-04 14:30:36.348  1874  1874 D QcrilMsgTunnelIfaceManager: OEM_RIL_REQUEST_ASYNC_DONE requestAsync.sub :0
11-04 14:30:36.353  3118  3118 E lcomm.telephon: Not starting debugger since process cannot load the jdwp agent.
11-04 14:30:36.382   757   757 I Zygote  : Process 2651 exited due to signal (9)
11-04 14:30:36.404  3118  3118 I Perf    : Connecting to perf service.
11-04 14:30:36.420  3118  3118 E AtFwd AutoBoot: AtFwd Auto Boot Started Successfully
11-04 14:30:36.421  3118  3118 D AtFwdService: onCreate method
11-04 14:30:36.422  3118  3118 I AtCmdFwd: AtCmdFwd
11-04 14:30:36.426  3118  3136 D AtCkpdCmdHandler: De-queing command
11-04 14:30:36.427   478   478 W libc    : Unable to set property "vendor.fast_charging" to "0": error code: 0x18
11-04 14:30:36.433  3118  3118 I android_os_HwBinder: HwBinder: Starting thread pool for AtCmdFwdService
11-04 14:30:36.775   478   478 W libc    : Unable to set property "vendor.fast_charging" to "0": error code: 0x18
11-04 14:30:36.822  1193  1193 W Looper  : Slow dispatch took 398ms main h=android.app.ActivityThread$H c=null m=113
11-04 14:30:36.822  1751  1751 D QtiTelephonyService BootReceiver: onReceive: Intent { act=android.intent.action.BOOT_COMPLETED flg=0x9000010 cmp=com.qualcomm.qti.telephonyservice/.BootReceiver (has extras) }
11-04 14:30:36.822  1193  1193 W Looper  : Slow delivery took 398ms main h=com.android.server.job.JobSchedulerService$JobHandler c=null m=4
11-04 14:30:36.827  1767  1767 D QtiCarrierConfigHelper: WARNING, no carrier configs on phone Id: 0
11-04 14:30:36.827  2365  2365 D KeyguardUpdateMonitor: received broadcast android.intent.action.BATTERY_CHANGED
11-04 14:30:36.827  2365  2365 D KeyguardUpdateMonitor: handleBatteryUpdate
11-04 14:30:36.829  1767  1767 D QtiCarrierConfigHelper: WARNING, no carrier configs on phone Id: 0
11-04 14:30:36.829  1751  1751 I QtiTelephonyService BootReceiver: com.qualcomm.qti.telephonyservice.QtiTelephonyService is already running. Intent { act=android.intent.action.BOOT_COMPLETED flg=0x9000010 cmp=com.qualcomm.qti.telephonyservice/.BootReceiver (has extras) } ignored.
11-04 14:30:36.830  2365  2365 D KeyguardUpdateMonitor: received broadcast android.intent.action.BATTERY_CHANGED
11-04 14:30:36.830  2365  2365 D KeyguardUpdateMonitor: handleBatteryUpdate
11-04 14:30:36.832  2095  2095 D [PackageRemovalReceiver]: Received Action = android.intent.action.BOOT_COMPLETED
11-04 14:30:36.833  1193  1193 W Looper  : Drained
11-04 14:30:36.833  1193  3140 I chatty  : uid=1000(system) LBSSystemMonito expire 7 lines
11-04 14:30:36.837  2095  2095 D [PackageRemovalService]: onCreate() of PackageRemovalService was called.
11-04 14:30:36.838  2095  2095 D [PackageRemovalService]: onStartCommand() of PackageRemovalService was called.1
11-04 14:30:36.838  2095  2095 D [PackageRemovalService]: Service Id to Stop = 1
11-04 14:30:36.842  2095  2095 D [BootStrapFinder]: Entering lookupforverizonlibrary
11-04 14:30:36.843  2095  2095 D [BootStrapFinder]: Verizon Library found
11-04 14:30:36.844  2095  2095 D [BootStrapFinder]: Exiting lookupforverizonlibrary
11-04 14:30:36.844  2095  2095 D [BootStrapFinder]: Entering lookupforpttapplication
11-04 14:30:36.849   504   504 V LocSvc_HIDL_Gnss: [getExtensionLocHidlRilInfoMonitor][293] [HS] <<<<= [HC]
11-04 14:30:36.850   504   504 V LocSvc_HIDL_RilInfoMonitor: [init][21] [HS] <<<<= [HC]
11-04 14:30:36.857   504   504 V LocSvc_HIDL_Gnss: [getExtensionLocHidlGnssNi][265] [HS] <<<<= [HC]
11-04 14:30:36.857   504   504 V LocSvc_HIDL_Gnss: [getExtensionLocHidlAGnss][210] [HS] <<<<= [HC]
11-04 14:30:36.857   504   504 V LocSvc_HIDL_GnssNi: [setVendorCallback][63] [HS] <<<<= [HC]
11-04 14:30:36.858   504   504 V LocSvc_HIDL_AGnss: [setCallback][85] [HS] <<<<= [HC]
11-04 14:30:36.858   504   504 D LocSvc_HIDL_AGnss: getGnssInterface]: loading libgnss.so::getGnssInterface ...
11-04 14:30:36.862  1193  1241 I ActivityManager: Start proc 3141:com.verizon.mdm.xvlte/u0a79 for broadcast com.verizon.mdm.xvlte/com.verizon.mdm.ApplicationServiceManager
11-04 14:30:36.864   504  1676 V LocSvc_HIDL_NiClient: [onCapabilitiesCb][75] [HS] =>>>> [HC]
11-04 14:30:36.864  1193  1719 I chatty  : uid=1000(system) HwBinder:1193_3 expire 2 lines
11-04 14:30:36.885  3141  3141 E rizon.mdm.xvlt: Not starting debugger since process cannot load the jdwp agent.
11-04 14:30:36.906  2095  2095 D [BootStrapFinder]: PTT+ Found
11-04 14:30:36.906  2095  2095 D [BootStrapFinder]: Exiting lookupforpttapplication
11-04 14:30:36.909  2095  2095 D [PackageRemovalService]: stopSelfResult  = true
11-04 14:30:36.913  1193  1872 I chatty  : uid=1000(system) Binder:1193_9 expire 12 lines
11-04 14:30:36.918  2095  2095 D [PackageRemovalService]: onDestroy() of PackageRemovalService was called.
11-04 14:30:36.940  3141  3141 I rizon.mdm.xvlt: The ClassLoaderContext is a special shared library.
11-04 14:30:36.946   526   526 I ConfigStore: android::hardware::configstore::V1_0::ISurfaceFlingerConfigs::hasHDRDisplay retrieved: 0
11-04 14:30:36.947   526   526 I ConfigStore: android::hardware::configstore::V1_0::ISurfaceFlingerConfigs::hasHDRDisplay retrieved: 0
11-04 14:30:36.993  3141  3141 I Perf    : Connecting to perf service.
11-04 14:30:37.045  1193  1516 I ActivityManager: Killing 2342:com.android.printspooler/u0a61 (adj 906): empty #17
11-04 14:30:37.067  1193  1241 I ActivityManager: Start proc 3158:com.verizon.mips.services/u0a77 for broadcast com.verizon.mips.services/com.vzw.hss.myverizon.rdd.receiver.RDDRegistrationReceiver
11-04 14:30:37.080  3158  3158 E n.mips.service: Not starting debugger since process cannot load the jdwp agent.
11-04 14:30:37.115  3158  3158 I n.mips.service: The ClassLoaderContext is a special shared library.
11-04 14:30:37.122  3141  3141 D Log     : initialize
11-04 14:30:37.126  3158  3158 I n.mips.service: The ClassLoaderContext is a special shared library.
11-04 14:30:37.130  3141  3141 D Log     : initialize
11-04 14:30:37.132   757   757 I Zygote  : Process 2342 exited due to signal (9)
11-04 14:30:37.153   526   526 I ConfigStore: android::hardware::configstore::V1_0::ISurfaceFlingerConfigs::hasHDRDisplay retrieved: 0
11-04 14:30:37.170   526   526 I ConfigStore: android::hardware::configstore::V1_0::ISurfaceFlingerConfigs::hasHDRDisplay retrieved: 0
11-04 14:30:37.185  3158  3158 I Perf    : Connecting to perf service.
11-04 14:30:37.262  3158  3181 E FirebaseInstanceId: Google Play services missing or without correct permission.
11-04 14:30:37.265  3158  3158 I FirebaseInitProvider: FirebaseApp initialization successful
11-04 14:30:37.304  3158  3176 I FA      : App measurement deactivated via the manifest
11-04 14:30:37.314  3158  3176 I FA      : App measurement initialized, version: 21028
11-04 14:30:37.314  3158  3176 I FA      : To enable debug logging run: adb shell setprop log.tag.FA VERBOSE
11-04 14:30:37.314  3158  3176 I FA      : To enable faster debug mode event logging run:
11-04 14:30:37.314  3158  3176 I FA      :   adb shell setprop debug.firebase.analytics.app com.verizon.mips.services
11-04 14:30:37.343  3158  3158 D REMOTE  : Debug: Entered RemotePluginRestartReceiver
11-04 14:30:37.344  3158  3158 D REMOTE  : Debug: Received android.intent.action.BOOT_COMPLETED
11-04 14:30:37.344  3158  3158 D REMOTE  : Debug: Is Calling Application is MVM -->false
11-04 14:30:37.344  3158  3158 D REMOTE  : Debug: RemotePluginRestartReceiver is NOT in MVM
11-04 14:30:37.366  3158  3176 W GooglePlayServicesUtil: Google Play Store is missing.
11-04 14:30:37.366  3158  3176 W FA      : Service invalid
11-04 14:30:37.392  3158  3158 V DisableVzwServicesRec: DisableServicesReceiver: No standalone services exist...Do not disable any services within MVS
11-04 14:30:37.392  3158  3158 V DisableVzwServicesRec: MANUFACTURER KYOCERA
11-04 14:30:37.399  1193  1516 I chatty  : uid=1000(system) Binder:1193_4 expire 29 lines
11-04 14:30:37.409  3158  3188 V MVS_VZWAVSService: android.intent.action.BOOT_COMPLETED
11-04 14:30:37.412  3158  3188 V MVS_VZWAVSService: PHONE permission0
11-04 14:30:37.440  2365  2365 D KeyguardUpdateMonitor: received broadcast android.intent.action.BATTERY_CHANGED
11-04 14:30:37.440  2365  2365 D KeyguardUpdateMonitor: handleBatteryUpdate
11-04 14:30:37.445  1767  1767 D QtiCarrierConfigHelper: WARNING, no carrier configs on phone Id: 0
11-04 14:30:37.466   478   478 W libc    : Unable to set property "vendor.fast_charging" to "0": error code: 0x18
11-04 14:30:37.476   526   526 I ConfigStore: android::hardware::configstore::V1_0::ISurfaceFlingerConfigs::hasHDRDisplay retrieved: 0
11-04 14:30:37.476   526   526 I ConfigStore: android::hardware::configstore::V1_0::ISurfaceFlingerConfigs::hasHDRDisplay retrieved: 0
11-04 14:30:37.477   526   526 I ConfigStore: android::hardware::configstore::V1_0::ISurfaceFlingerConfigs::hasHDRDisplay retrieved: 0
11-04 14:30:37.493   526   526 I ConfigStore: android::hardware::configstore::V1_0::ISurfaceFlingerConfigs::hasHDRDisplay retrieved: 0
11-04 14:30:37.494   526   526 I ConfigStore: android::hardware::configstore::V1_0::ISurfaceFlingerConfigs::hasHDRDisplay retrieved: 0
11-04 14:30:37.502  1193  1484 W BroadcastQueue: Permission Denial: receiving Intent { act=android.intent.action.BOOT_COMPLETED flg=0x9000010 (has extras) } to com.vzw.hss.myverizon/.receivers.GlobalSimSwapReceiver requires android.permission.RECEIVE_BOOT_COMPLETED due to sender null (uid 1000)
11-04 14:30:37.503  1193  1239 I chatty  : uid=1000(system) ActivityManager expire 4 lines
11-04 14:30:37.510   526   526 I ConfigStore: android::hardware::configstore::V1_0::ISurfaceFlingerConfigs::hasHDRDisplay retrieved: 0
11-04 14:30:37.529   526   526 I ConfigStore: android::hardware::configstore::V1_0::ISurfaceFlingerConfigs::hasHDRDisplay retrieved: 0
11-04 14:30:37.538  3005  3005 I android_os_HwBinder: HwBinder: Starting thread pool for default::vendor.kyocera.hardware.powersupply@1.0::IPowersupply
11-04 14:30:37.561  1193  1516 D ConnectivityService: requestNetwork for uid/pid:10077/3158 NetworkRequest [ REQUEST id=15, [ Capabilities: NOT_METERED&INTERNET&NOT_RESTRICTED&TRUSTED&NOT_VPN Unwanted:  Uid: 10077] ]
11-04 14:30:37.562  1767  1767 D PhoneSwitcherNetworkRequstListener: got request NetworkRequest [ REQUEST id=15, [ Capabilities: NOT_METERED&INTERNET&NOT_RESTRICTED&TRUSTED&NOT_VPN Unwanted:  Uid: 10077] ] with score 0
11-04 14:30:37.571  1193  1241 I ActivityManager: Start proc 3199:jp.kyocera.corp.manager/1000 for broadcast jp.kyocera.corp.manager/.BootReceiver
11-04 14:30:37.577  3199  3199 E ra.corp.manage: Not starting debugger since process cannot load the jdwp agent.
11-04 14:30:37.640  1193  1441 I chatty  : uid=1000(system) InputReader expire 7 lines
11-04 14:30:37.643  1767  1767 I SmsApplication: getApplicationCollectionInternal packageName=com.android.mms smsApplicationData:  mPackageName: com.android.mms mSmsReceiverClass: com.android.mms.transaction.PrivilegedSmsReceiver mMmsReceiverClass: com.android.mms.transaction.PushReceiver mRespondViaMessageClass: com.android.mms.ui.NoConfirmationSendService mSendToClass: com.android.mms.ui.ComposeMessageActivity mSmsAppChangedClass: null mProviderChangedReceiverClass: null mSimFullReceiverClass: null mUid: 10034 activityInfo.name: com.android.mms.transaction.SmsReceiver
11-04 14:30:37.647  1193  1817 I PackageManager: Replacing preferred activity com.android.mms/.ui.ComposeMessageActivity for user 0:
11-04 14:30:37.647  1193  1817 I chatty  : uid=1000(system) Binder:1193_7 expire 12 lines
11-04 14:30:37.652  1193  1516 I PackageManager: Replacing preferred activity com.android.mms/.ui.ComposeMessageActivity for user 0:
11-04 14:30:37.656  1193  3000 I PackageManager: Replacing preferred activity com.android.mms/.ui.ComposeMessageActivity for user 0:
11-04 14:30:37.658  1193  3000 I PackageManager: Replacing preferred activity com.android.mms/.ui.ComposeMessageActivity for user 0:
11-04 14:30:37.663  1193  1193 I Telecom : DefaultDialerCache: Refreshing default dialer for user 0: now com.android.dialer: DDC.oR@ACY
11-04 14:30:37.673  1193  1193 I Telecom : DefaultDialerCache: Refreshing default dialer for user 0: now com.android.dialer: DDC.oR@ACc
11-04 14:30:37.677  3199  3199 I Perf    : Connecting to perf service.
11-04 14:30:37.684  1193  1193 I Telecom : DefaultDialerCache: Refreshing default dialer for user 0: now com.android.dialer: DDC.oR@ACg
11-04 14:30:37.686  1767  1767 E PhoneInterfaceManager: [PhoneIntfMgr] getCarrierPackageNamesForIntent: No UICC
11-04 14:30:37.686  1767  1767 D CarrierSvcBindHelper: No carrier app for: 0
11-04 14:30:37.686  1767  1767 D ImsResolver: maybeAddedImsService, packageName: com.verizon.mips.services
11-04 14:30:37.693  1767  1767 I SmsApplication: getApplicationCollectionInternal packageName=com.android.mms smsApplicationData:  mPackageName: com.android.mms mSmsReceiverClass: com.android.mms.transaction.PrivilegedSmsReceiver mMmsReceiverClass: com.android.mms.transaction.PushReceiver mRespondViaMessageClass: com.android.mms.ui.NoConfirmationSendService mSendToClass: com.android.mms.ui.ComposeMessageActivity mSmsAppChangedClass: null mProviderChangedReceiverClass: null mSimFullReceiverClass: null mUid: 10034 activityInfo.name: com.android.mms.transaction.SmsReceiver
11-04 14:30:37.706  1193  1238 I chatty  : uid=1000(system) android.bg expire 3 lines
11-04 14:30:37.709  2084  2084 W ContextImpl: Calling a method in the system process without a qualified user: android.app.ContextImpl.startService:1531 android.content.ContextWrapper.startService:664 android.content.ContextWrapper.startService:664 jp.kyocera.ecomode.EcomodeSettingService$StartupServiceReceiver.onReceive:17 android.app.ActivityThread.handleReceiver:3418 
11-04 14:30:37.710  1193  1238 W VoiceInteractionManagerService: no available voice interaction services found for user 0
11-04 14:30:37.717  2084  2084 W ContextImpl: Calling a method in the system process without a qualified user: android.app.ContextImpl.startService:1531 android.content.ContextWrapper.startService:664 android.content.ContextWrapper.startService:664 jp.kyocera.ecomode.EcomodeSettingService$StartupServiceReceiver.onReceive:39 android.app.ActivityThread.handleReceiver:3418 
11-04 14:30:37.720  1767  1767 E PhoneInterfaceManager: [PhoneIntfMgr] getCarrierPackageNamesForIntent: No UICC
11-04 14:30:37.720  1767  1767 D CarrierSvcBindHelper: No carrier app for: 0
11-04 14:30:37.731  1767  1767 I SmsApplication: getApplicationCollectionInternal packageName=com.android.mms smsApplicationData:  mPackageName: com.android.mms mSmsReceiverClass: com.android.mms.transaction.PrivilegedSmsReceiver mMmsReceiverClass: com.android.mms.transaction.PushReceiver mRespondViaMessageClass: com.android.mms.ui.NoConfirmationSendService mSendToClass: com.android.mms.ui.ComposeMessageActivity mSmsAppChangedClass: null mProviderChangedReceiverClass: null mSimFullReceiverClass: null mUid: 10034 activityInfo.name: com.android.mms.transaction.SmsReceiver
11-04 14:30:37.732  1193  1238 W VoiceInteractionManagerService: no available voice interaction services found for user 0
11-04 14:30:37.748  1193  1238 W VoiceInteractionManagerService: no available voice interaction services found for user 0
11-04 14:30:37.765  1767  1767 E PhoneInterfaceManager: [PhoneIntfMgr] getCarrierPackageNamesForIntent: No UICC
11-04 14:30:37.766  1767  1767 D CarrierSvcBindHelper: No carrier app for: 0
11-04 14:30:37.766  1767  1767 D ImsResolver: maybeAddedImsService, packageName: com.android.cellbroadcastreceiver
11-04 14:30:37.767  1767  1767 D ImsResolver: maybeAddedImsService, packageName: com.android.email
11-04 14:30:37.768  2084  2084 W ContextImpl: Calling a method in the system process without a qualified user: android.app.ContextImpl.sendBroadcast:1005 android.content.ContextWrapper.sendBroadcast:444 jp.kyocera.ecomode.EcomodeSettingService.cw:122 jp.kyocera.ecomode.EcomodeSettingService.onStartCommand:97 android.app.ActivityThread.handleServiceArgs:3706 
11-04 14:30:37.770  1532  1532 D KcPowerUi.LowBattNotify: onReceive() action = jp.kyocera.ecomode.ACTION_UPDATE_ECOMODE_STATE
11-04 14:30:37.770  1532  1532 D KcPowerUi.LowBattNotify: *******************************
11-04 14:30:37.770  1532  1532 D KcPowerUi.LowBattNotify: Action = jp.kyocera.ecomode.ACTION_UPDATE_ECOMODE_STATE
11-04 14:30:37.770  1532  1532 D KcPowerUi.LowBattNotify: NowSetting => 0
11-04 14:30:37.770  1532  1532 D KcPowerUi.LowBattNotify: BatteryCust => 0
11-04 14:30:37.770  1532  1532 D KcPowerUi.LowBattNotify: BatteryLife => 0
11-04 14:30:37.770  1532  1532 D KcPowerUi.LowBattNotify: NowMode => 3
11-04 14:30:37.770  1532  1532 D KcPowerUi.LowBattNotify: EcoAvail => 0
11-04 14:30:37.770  1532  1532 D KcPowerUi.LowBattNotify: *******************************
11-04 14:30:37.775  1532  1532 D KcPowerUi.LowBattNotify: buckets   .....20 .. 15 .. 10
11-04 14:30:37.775  1532  1532 D KcPowerUi.LowBattNotify: level          100 --> 100
11-04 14:30:37.775  1532  1532 D KcPowerUi.LowBattNotify: status         1 --> 2
11-04 14:30:37.775  1532  1532 D KcPowerUi.LowBattNotify: plugType       0 --> 2
11-04 14:30:37.775  1532  1532 D KcPowerUi.LowBattNotify: invalidCharger 0 --> 0
11-04 14:30:37.775  1532  1532 D KcPowerUi.LowBattNotify: bucket         1 --> 1
11-04 14:30:37.775  1532  1532 D KcPowerUi.LowBattNotify: ecomode        0 --> 0
11-04 14:30:37.775  1532  1532 D KcPowerUi.LowBattNotify: plugged        false --> true
11-04 14:30:37.778  1767  1767 D EmergencyCallbackModeService: getEmergencyCallbackTime result:0
11-04 14:30:37.781  1767  1767 D WfcStateReceiver: received broadcast android.intent.action.BOOT_COMPLETED
11-04 14:30:37.782  2084  2084 W ContextImpl: Calling a method in the system process without a qualified user: android.app.ContextImpl.startService:1531 android.content.ContextWrapper.startService:664 jp.kyocera.ecomode.EcomodeSettingService.cw:141 jp.kyocera.ecomode.EcomodeSettingService.onStartCommand:97 android.app.ActivityThread.handleServiceArgs:3706 
11-04 14:30:37.786  2084  2084 W ContextImpl: Calling a method in the system process without a qualified user: android.app.ContextImpl.startService:1531 android.content.ContextWrapper.startService:664 jp.kyocera.ecomode.EcomodeSettingService.cw:160 jp.kyocera.ecomode.EcomodeSettingService.onStartCommand:97 android.app.ActivityThread.handleServiceArgs:3706 
11-04 14:30:37.789  1767  1767 D E911LocationUtil: checkSoftwareVersion() now Version = 1.502VZ ,save Version = null ,ret = false
11-04 14:30:37.793  1767  1767 I AdvancedCallingUtil: gpvs = 2
11-04 14:30:37.823  1767  1767 I QImsService: ImsSenderRxr : [0004]> REQUEST_GET_IMS_CONFIG [SUB0]
11-04 14:30:37.823  1767  1767 I QImsService: ImsSenderRxr : REQUEST_GET_IMS_CONFIG request to ImsRadio: token 4 item:68 boolValue:false intValue:0 strValue:null errorCause:0
11-04 14:30:37.833  1767  1888 I QImsService: ImsRadioResponse : Get config response received.
11-04 14:30:37.833  1767  1888 I QImsService: ImsSenderRxr : [0004]< REQUEST_GET_IMS_CONFIG 1[SUB0]
11-04 14:30:37.833  1767  1929 I QImsService: ImsConfigImplHandler : Message received: what = 1
11-04 14:30:37.834  1767  1929 I QImsService: ImsConfigImpl : Notifyall
11-04 14:30:37.837  1767  1767 D WfcStateReceiver: version update isSupportWfc = true,isProvisioningVolte = true,isProvisioningWfc = true
11-04 14:30:37.839  2142  2142 W ContextImpl: Calling a method in the system process without a qualified user: android.app.ContextImpl.startService:1531 android.content.ContextWrapper.startService:664 android.content.ContextWrapper.startService:664 jp.kyocera.kdfs.KdfsBroadcastReceiver.onReceive:22 android.app.ActivityThread.handleReceiver:3418 
11-04 14:30:37.848  2158  2158 W ContextImpl: Calling a method in the system process without a qualified user: android.app.ContextImpl.startService:1531 android.content.ContextWrapper.startService:664 android.content.ContextWrapper.startService:664 jp.kyocera.kerr.KErrBroadcastReceiver.onReceive:23 android.app.ActivityThread.handleReceiver:3418 
11-04 14:30:37.871  1193  1241 I ActivityManager: Start proc 3224:jp.kyocera.kitting/1000 for broadcast jp.kyocera.kitting/.BootReceiver
11-04 14:30:37.886  3224  3224 E kyocera.kittin: Not starting debugger since process cannot load the jdwp agent.
11-04 14:30:37.979  3224  3224 I Perf    : Connecting to perf service.
11-04 14:30:38.103  2365  2365 D KeyguardUpdateMonitor: received broadcast android.intent.action.BATTERY_CHANGED
11-04 14:30:38.104  2365  2365 D KeyguardUpdateMonitor: handleBatteryUpdate
11-04 14:30:38.105  1767  1767 D QtiCarrierConfigHelper: WARNING, no carrier configs on phone Id: 0
11-04 14:30:38.120   478   478 W libc    : Unable to set property "vendor.fast_charging" to "0": error code: 0x18
11-04 14:30:38.142   526   526 I ConfigStore: android::hardware::configstore::V1_0::ISurfaceFlingerConfigs::hasHDRDisplay retrieved: 0
11-04 14:30:38.143   526   526 I ConfigStore: android::hardware::configstore::V1_0::ISurfaceFlingerConfigs::hasHDRDisplay retrieved: 0
11-04 14:30:38.146   476   676 D audio_hw_primary: out_standby: enter: stream (0xb07c8000) usecase(1: low-latency-playback)
11-04 14:30:38.159   526   526 I ConfigStore: android::hardware::configstore::V1_0::ISurfaceFlingerConfigs::hasHDRDisplay retrieved: 0
11-04 14:30:38.193   526   526 I ConfigStore: android::hardware::configstore::V1_0::ISurfaceFlingerConfigs::hasHDRDisplay retrieved: 0
11-04 14:30:38.225   476   676 D audio_hw_primary: disable_audio_route: reset and update mixer path: low-latency-playback
11-04 14:30:38.225   476   676 D soundtrigger: audio_extn_sound_trigger_update_stream_status: uc_info->id 1 of type 0 for Event 2, with Raise=0
11-04 14:30:38.225   476   676 D msm8916_platform: platform_split_snd_device: snd_device(2) num devices(0) new_snd_devices(0)
11-04 14:30:38.225   476   676 I msm8916_platform: platform_get_custom_mtmx_params: no matching param with id 0 ip_ch 2 op_ch 1 uc_id 1 snd_dev 2
11-04 14:30:38.225   476   676 D hardware_info: hw_info_append_hw_type : device_name = speaker
11-04 14:30:38.225   476   676 D audio_hw_primary: disable_snd_device: snd_device(2: speaker)
11-04 14:30:38.225   476   676 D msm8916_platform: platform_split_snd_device: snd_device(2) num devices(0) new_snd_devices(0)
11-04 14:30:38.227   476   676 I soundtrigger: audio_extn_sound_trigger_update_device_status: device 0x2 of type 0 for Event 0, with Raise=0
11-04 14:30:38.227   476   676 D audio_hw_primary: out_standby: exit
11-04 14:30:38.268  3141  3157 D Service Intent: android.intent.action.BOOT_COMPLETED
11-04 14:30:38.268  3141  3157 D Log     : initialize
11-04 14:30:38.550  2761  2788 I agnosticServic: Waiting for a blocking GC ProfileSaver
11-04 14:30:38.585  2761  2788 I agnosticServic: WaitForGcToComplete blocked ProfileSaver on AddRemoveAppImageSpace for 35.166ms
11-04 14:30:39.922  2986  3001 I ackageinstalle: Waiting for a blocking GC ProfileSaver
11-04 14:30:39.941  2986  3001 I ackageinstalle: WaitForGcToComplete blocked ProfileSaver on AddRemoveAppImageSpace for 19.519ms
11-04 14:30:40.112  1532  3245 D RingtoneManager: PackageName : com.android.systemui
11-04 14:30:40.135   768   976 D NuPlayerDriver: NuPlayerDriver(0xb3f0ba00) created, clientPid(1532)
11-04 14:30:40.139   768   976 I ExtendedNuUtils: printFileName fd(14) -> /system/media/audio/notifications/30_nt_cm.ogg
11-04 14:30:40.145   768  3248 D GenericSource: FileSource remote
11-04 14:30:40.154   768  3248 W BpMediaSource: ignoring potentially modified MetaData from start
11-04 14:30:40.154   768  3248 W BpMediaSource: input:
11-04 14:30:40.154   768  3248 I MetaDataBase: extf: (int32_t) 2
11-04 14:30:40.154   768  3248 W BpMediaSource: output:
11-04 14:30:40.154   768  3248 I MetaDataBase: extf: (int32_t) 2
11-04 14:30:40.155   768  3247 D NuPlayerDriver: notifyListener_l(0xb3f0ba00), (1, 0, 0, -1), loop setting(0, 0)
11-04 14:30:40.278   526   526 I ConfigStore: android::hardware::configstore::V1_0::ISurfaceFlingerConfigs::hasHDRDisplay retrieved: 0
11-04 14:30:40.536   526   526 I ConfigStore: android::hardware::configstore::V1_0::ISurfaceFlingerConfigs::hasHDRDisplay retrieved: 0
11-04 14:30:40.660   768   976 D NuPlayerDriver: start(0xb3f0ba00), state is 4, eos is 0
11-04 14:30:40.661   768  3247 I GenericSource: start
11-04 14:30:40.661  1532  3245 V MediaPlayer: resetDrmState:  mDrmInfo=null mDrmProvisioningThread=null mPrepareDrmInProgress=false mActiveDrmScheme=false
11-04 14:30:40.661  1532  3245 V MediaPlayer: cleanDrmObj: mDrmObj=null mDrmSessionId=null
11-04 14:30:40.662   768  3247 W Utils   : track of type 'audio/vorbis' does not publish channel mask, channel count 1
11-04 14:30:40.662   768   976 D NuPlayerDriver: reset(0xb3f0b400) at state 6
11-04 14:30:40.663   768   976 D NuPlayerDriver: notifyListener_l(0xb3f0b400), (8, 0, 0, -1), loop setting(0, 0)
11-04 14:30:40.663  1532  1532 V MediaRouter: onRestoreRoute() : route=RouteInfo{ name=Phone, description=null, status=null, category=RouteCategory{ name=System types=ROUTE_TYPE_LIVE_AUDIO ROUTE_TYPE_LIVE_VIDEO  groupable=false }, supportedTypes=ROUTE_TYPE_LIVE_AUDIO ROUTE_TYPE_LIVE_VIDEO , presentationDisplay=null }
11-04 14:30:40.663  1532  1532 V MediaRouter: Selecting route: RouteInfo{ name=Phone, description=null, status=null, category=RouteCategory{ name=System types=ROUTE_TYPE_LIVE_AUDIO ROUTE_TYPE_LIVE_VIDEO  groupable=false }, supportedTypes=ROUTE_TYPE_LIVE_AUDIO ROUTE_TYPE_LIVE_VIDEO , presentationDisplay=null }
11-04 14:30:40.664   768  2735 D NuPlayerDriver: notifyListener_l(0xb3f0b400), (211, 0, 0, 20), loop setting(0, 0)
11-04 14:30:40.664   768  3247 W Utils   : track of type 'audio/vorbis' does not publish channel mask, channel count 1
11-04 14:30:40.666   476   676 D audio_hw_primary: adev_get_parameters:is_hw_dec_session_available
11-04 14:30:40.666   476   676 D audio_hw_spkr_prot: audio_extn_fbsp_get_parameters: Speaker protection disabled
11-04 14:30:40.666   476   676 D soundtrigger: audio_extn_sound_trigger_get_parameters input string<is_hw_dec_session_available=>
11-04 14:30:40.666   476   676 D soundtrigger: extract_sm_handle input string <is_hw_dec_session_available=> param string <is_hw_dec_session_available=>
11-04 14:30:40.666   476   676 D audio_hw_extn: audio_extn_get_parameters: returns 
11-04 14:30:40.666   476   676 D audio_hw_primary: adev_get_parameters: exit: returns - is_hw_dec_session_available=1
11-04 14:30:40.666   522  2075 I hash_map_utils: key: 'is_hw_dec_session_available' value: 'audio/vorbis'
11-04 14:30:40.672   768  3252 I OMXClient: IOmx service obtained
11-04 14:30:40.672   776  2839 I OMXMaster: makeComponentInstance(OMX.google.vorbis.decoder) in omx@1.0-service process
11-04 14:30:40.675   776  2839 E OMXNodeInstance: setConfig(0xb2d1cc60:google.vorbis.decoder, ConfigPriority(0x6f800002)) ERROR: Undefined(0x80001001)
11-04 14:30:40.675   768  2735 D NuPlayerDriver: notifyResetComplete(0xb3f0b400)
11-04 14:30:40.675   768  3252 I ACodec  : codec does not support config priority (err -2147483648)
11-04 14:30:40.675   768   976 W AMessage: failed to post message as target looper for handler 0 is gone.
11-04 14:30:40.675   776  2839 E OMXNodeInstance: setConfig(0xb2d1cc60:google.vorbis.decoder, ConfigPriority(0x6f800002)) ERROR: Undefined(0x80001001)
11-04 14:30:40.675   768  3252 I ACodec  : codec does not support config priority (err -2147483648)
11-04 14:30:40.676   776  2839 E OMXNodeInstance: getConfig(0xb2d1cc60:google.vorbis.decoder, ConfigAndroidVendorExtension(0x6f100004)) ERROR: Undefined(0x80001001)
11-04 14:30:40.677   768  3252 W ExtendedACodec: Failed to get extension for extradata parameter
11-04 14:30:40.678   768  3252 I MediaCodec: MediaCodec will operate in async mode
11-04 14:30:40.681   477   477 W AshmemAllocator: ashmem_create_region(32768) returning hidl_memory(0xb5f96170, 32768)
11-04 14:30:40.701   477   477 W AshmemAllocator: ashmem_create_region(32768) returning hidl_memory(0xb5f96170, 32768)
11-04 14:30:40.704   768  3251 I ExtendedNuUtils: Both src and dst missing for bit-width
11-04 14:30:40.704   768  3251 I ExtendedNuUtils: Overriding durationUs: with 64 bit src value 1265011
11-04 14:30:40.704   768  3251 I ExtendedNuUtils: Both src and dst missing for channel-mask
11-04 14:30:40.706   522  2075 D AudioFlinger: Client defaulted notificationFrames to 7350 for frameCount 22050
11-04 14:30:40.707   476  2042 D compress_voip: voice_extn_compress_voip_out_get_parameters: enter
11-04 14:30:40.709   768  3247 D NuPlayerDriver: notifyListener_l(0xb3f0ba00), (6, 0, 0, -1), loop setting(1, 0)
11-04 14:30:40.710   476  2848 D audio_hw_primary: start_output_stream: enter: stream(0xb07c8000)usecase(1: low-latency-playback) devices(0x2)
11-04 14:30:40.711   476  2848 D audio_hw_primary: select_devices for use case (low-latency-playback)
11-04 14:30:40.711   476  2848 V kaudio_path: platform_get_snd_device: enter: get_kind(0) devices(0x2)
11-04 14:30:40.711   476  2848 V kaudio_path: kaudio_get_snd_device: enter: get_kind(0) devices(0x2) source(0)
11-04 14:30:40.711   476  2848 V kaudio_path: kaudio_get_snd_device: mode(0) in_device(0) out_device(0x2) InVoipES(0) tty_mode(16) bt_wb(0) bt_nrec(1) freq_mode(0) hac_mode(0) ptt_mode(0) anr_mode(0) nb_mode(0) flip_mode(0) rec_mode(0) uplink_mode(0) buzzer_mode(0) gunshot_mode(0)
11-04 14:30:40.711   476  2848 V kaudio_path: kaudio_get_snd_device: get_kind=0 tbl_num=1 snd_device=2
11-04 14:30:40.711   476  2848 V kaudio_path: platform_get_snd_device: snd_device=2
11-04 14:30:40.711   476  2848 D audio_hw_primary: select_devices: out_snd_device(2: speaker) in_snd_device(0: )
11-04 14:30:40.711   476  2848 I msm8916_platform: platform_check_and_set_codec_backend_cfg:becf: afe: bitwidth 16, samplerate 48000 channels 2, backend_idx 0 usecase = 1 device (speaker)
11-04 14:30:40.711   476  2848 D msm8916_platform: platform_split_snd_device: snd_device(2) num devices(1) new_snd_devices(0)
11-04 14:30:40.711   476  2848 I msm8916_platform: platform_check_and_set_codec_backend_cfg: becf: new_snd_devices[0] is speaker
11-04 14:30:40.711   476  2848 I msm8916_platform: platform_check_codec_backend_cfg:becf: afe: Codec selected backend: 0 current bit width: 16 sample rate: 48000 channels: 2 usecase 1 device (speaker)
11-04 14:30:40.711   476  2848 D msm8916_platform: platform_check_codec_backend_cfg:becf: afe: playback on codec device not supporting native playback set default Sample Rate(48k)
11-04 14:30:40.711   476  2848 D msm8916_platform: platform_check_codec_backend_cfg:becf: afe: only 48KHZ sample rate is supported Configure afe to default Sample Rate(48k)
11-04 14:30:40.711   476  2848 I msm8916_platform: platform_check_codec_backend_cfg:becf: afe: Codec selected backend: 0 updated bit width: 16 sample rate: 48000 channels: 2
11-04 14:30:40.711   476  2848 D audio_hw_primary: check_usecases_codec_backend:becf: force routing 0
11-04 14:30:40.711   476  2848 E msm8916_platform: platform_check_backends_match: Invalid snd_device = 
11-04 14:30:40.711   476  2848 D audio_hw_primary: check_usecases_codec_backend:becf: (63) check_usecases curr device: speaker, usecase device: backends match 0
11-04 14:30:40.711   476  2848 D audio_hw_primary: check_usecases_codec_backend:becf: check_usecases num.of Usecases to switch 0
11-04 14:30:40.711   476  2848 D hardware_info: hw_info_append_hw_type : device_name = speaker
11-04 14:30:40.711   476  2848 D msm8916_platform: platform_split_snd_device: snd_device(2) num devices(0) new_snd_devices(0)
11-04 14:30:40.711   476  2848 D audio_hw_primary: enable_snd_device: snd_device(2: speaker)
11-04 14:30:40.711   476  2848 I soundtrigger: audio_extn_sound_trigger_update_device_status: device 0x2 of type 0 for Event 1, with Raise=0
11-04 14:30:40.711   476  2848 D audio_route: Apply path: speaker
11-04 14:30:40.715   476  2848 D audio_hw_primary:  kcjprop:ON in:0 mode:0
11-04 14:30:40.715   476  2848 D soundtrigger: audio_extn_sound_trigger_update_stream_status: uc_info->id 1 of type 0 for Event 3, with Raise=0
11-04 14:30:40.715   476  2848 D audio_hw_utils: audio_extn_utils_send_app_type_cfg: usecase->out_snd_device speaker
11-04 14:30:40.715   476  2848 D msm8916_platform: platform_split_snd_device: snd_device(2) num devices(0) new_snd_devices(0)
11-04 14:30:40.716   476  2848 D audio_hw_utils: audio_extn_btsco_get_sample_rate:Not a BT SCO device, need not update sampling rate
11-04 14:30:40.716   476  2848 I audio_hw_utils: send_app_type_cfg_for_device PLAYBACK app_type 69937, acdb_dev_id 14, sample_rate 48000, snd_device_be_idx 43
11-04 14:30:40.716   476  2848 D msm8916_platform: platform_split_snd_device: snd_device(2) num devices(1) new_snd_devices(0)
11-04 14:30:40.716   476  2848 D audio_hw_utils: audio_extn_btsco_get_sample_rate:Not a BT SCO device, need not update sampling rate
11-04 14:30:40.716   476  2848 D ACDB-LOADER: ACDB -> send_audio_cal, acdb_id = 14, path = 0, app id = 0x11131, sample rate = 48000
11-04 14:30:40.716   476  2848 D ACDB-LOADER: ACDB -> send_asm_topology
11-04 14:30:40.716   476  2848 D ACDB-LOADER: ACDB -> ACDB_CMD_GET_AUDPROC_STREAM_TOPOLOGY_ID
11-04 14:30:40.716   476  2848 D ACDB-LOADER: ACDB -> send_adm_topology
11-04 14:30:40.716   476  2848 D ACDB-LOADER: ACDB -> ACDB_CMD_GET_AUDPROC_COMMON_TOPOLOGY_ID
11-04 14:30:40.716   476  2848 D ACDB-LOADER: ACDB -> send_audtable
11-04 14:30:40.716   476  2848 D ACDB-LOADER: ACDB -> ACDB_CMD_GET_AUDPROC_COMMON_TABLE_SIZE
11-04 14:30:40.716   476  2848 D ACDB-LOADER: ACDB -> ACDB_CMD_GET_AUDPROC_COMMON_TABLE
11-04 14:30:40.716   476  2848 D ACDB-LOADER: ACDB -> AUDIO_SET_AUDPROC_CAL
11-04 14:30:40.716   476  2848 D ACDB-LOADER: ACDB -> send_audvoltable
11-04 14:30:40.716   476  2848 D ACDB-LOADER: ACDB -> ACDB_CMD_GET_AUDPROC_VOL_STEP_TABLE_SIZE
11-04 14:30:40.716   476  2848 D ACDB-LOADER: ACDB -> ACDB_CMD_GET_AUDPROC_GAIN_DEP_STEP_TABLE, vol index 0
11-04 14:30:40.716   476  2848 D ACDB-LOADER: ACDB -> AUDIO_SET_VOL_CAL cal type = 12
11-04 14:30:40.716   476  2848 D ACDB-LOADER: ACDB -> ACDB_CMD_GET_AUDPROC_STREAM_TABLE_SIZE
11-04 14:30:40.716   476  2848 D ACDB-LOADER: ACDB -> send_audstrmtable
11-04 14:30:40.716   476  2848 D ACDB-LOADER: ACDB -> ACDB_CMD_GET_AUDPROC_STREAM_TABLE_V2
11-04 14:30:40.716   476  2848 D ACDB-LOADER: ACDB -> audstrm_cal->cal_type.cal_data.cal_size = 16
11-04 14:30:40.716   476  2848 D ACDB-LOADER: ACDB -> send_afe_topology
11-04 14:30:40.716   476  2848 D ACDB-LOADER: ACDB -> ACDB_CMD_GET_AFE_TOPOLOGY_ID
11-04 14:30:40.716   476  2848 D ACDB-LOADER: ACDB -> GET_AFE_TOPOLOGY_ID for adcd_id 14, Topology Id 1025e
11-04 14:30:40.716   476  2848 D ACDB-LOADER: ACDB -> send_afe_cal
11-04 14:30:40.716   476  2848 D ACDB-LOADER: ACDB -> ACDB_CMD_GET_AFE_COMMON_TABLE_SIZE
11-04 14:30:40.716   476  2848 D ACDB-LOADER: ACDB -> ACDB_CMD_GET_AFE_COMMON_TABLE
11-04 14:30:40.716   476  2848 D ACDB-LOADER: ACDB -> AUDIO_SET_AFE_CAL
11-04 14:30:40.716   476  2848 D ACDB-LOADER: ACDB -> send_hw_delay : acdb_id = 14 path = 0
11-04 14:30:40.716   476  2848 D ACDB-LOADER: ACDB -> ACDB_AVSYNC_INFO: ACDB_CMD_GET_DEVICE_PROPERTY
11-04 14:30:40.716   476  2848 D msm8916_platform: platform_split_snd_device: snd_device(2) num devices(0) new_snd_devices(0)
11-04 14:30:40.716   476  2848 I msm8916_platform: platform_get_custom_mtmx_params: no matching param with id 0 ip_ch 2 op_ch 1 uc_id 1 snd_dev 2
11-04 14:30:40.716   476  2848 D audio_hw_primary: enable_audio_route: apply mixer and update path: low-latency-playback
11-04 14:30:40.716   476  2848 D audio_route: Apply path: low-latency-playback
11-04 14:30:40.717   476  2848 D audio_hw_primary: select_devices: done
11-04 14:30:40.718   476  2848 D msm8916_platform: platform_set_channel_map mixer_ctl_name:Playback Channel Map12
11-04 14:30:40.719   476  2848 D msm8916_platform: platform_set_channel_map: set mapping(1 2 0 0 0 0 0 0) for channel:2
11-04 14:30:40.742   476  2848 D audio_hw_primary: start_output_stream: exit
11-04 14:30:40.742   476  2848 D msm8916_platform: platform_split_snd_device: snd_device(2) num devices(0) new_snd_devices(0)
11-04 14:30:40.743   476  2848 I msm8916_platform: platform_get_custom_mtmx_params: no matching param with id 0 ip_ch 2 op_ch 1 uc_id 1 snd_dev 2
11-04 14:30:40.988   768  3247 D NuPlayerDriver: notifyListener_l(0xb3f0ba00), (211, 0, 0, 20), loop setting(1, 0)
11-04 14:30:41.046  3224  3224 D KittingService: called setConfiguration Mr
11-04 14:30:41.052  3224  3224 D KittingService: No file or directory found : /kittingbackup/kitting.json
11-04 14:30:41.246   768  3247 D NuPlayerDriver: notifyListener_l(0xb3f0ba00), (211, 0, 0, 20), loop setting(1, 0)
11-04 14:30:41.299  3100  3117 I .kyocera:searc: Waiting for a blocking GC ProfileSaver
11-04 14:30:41.329  3100  3117 I .kyocera:searc: WaitForGcToComplete blocked ProfileSaver on AddRemoveAppImageSpace for 29.822ms
11-04 14:30:41.397  3118  3135 I lcomm.telephon: Waiting for a blocking GC ProfileSaver
11-04 14:30:41.408  3118  3135 I lcomm.telephon: WaitForGcToComplete blocked ProfileSaver on AddRemoveAppImageSpace for 11.425ms
11-04 14:30:41.507   768  3247 D NuPlayerDriver: notifyListener_l(0xb3f0ba00), (211, 0, 0, 20), loop setting(1, 0)
11-04 14:30:41.525   768  3251 I NuPlayerDecoder: [audio] saw output EOS
11-04 14:30:41.525   768  3250 D AudioTrack: stop() called with 55787 frames delivered
11-04 14:30:41.789  1193  1239 I ActivityManager: Waited long enough for: ServiceRecord{24aba99 u0 jp.kyocera.kchandlenv/.KCHandleNvService}
11-04 14:30:42.078   768  3247 D NuPlayerDriver: notifyListener_l(0xb3f0ba00), (2, 0, 0, -1), loop setting(1, 0)
11-04 14:30:42.078   768  3247 W NuPlayerDriver: disabling auto-loop for notification
11-04 14:30:42.078   768  3247 D NuPlayerDriver: notifyListener_l(0xb3f0ba00), (211, 0, 0, 20), loop setting(0, 0)
11-04 14:30:42.256   819   819 W emmc_dmy_read: sector_index = 2048
11-04 14:30:43.368  1193  1259 I PowerManagerService: Going to sleep due to screen timeout (uid 1000)...
11-04 14:30:43.369  1193  1193 W UsageStatsService: Event reported without a package name
11-04 14:30:43.370  1193  1259 I PowerManagerService: Sleeping (uid 1000)...
11-04 14:30:43.371  1193  1259 I DisplayPowerController: Blocking screen off
11-04 14:30:43.371  1193  1259 I DisplayPowerController: Unblocked screen off after 1 ms
11-04 14:30:43.375  1193  1246 W KernelCpuProcReader: File not exist: /proc/uid_cpupower/time_in_state
11-04 14:30:43.376  1193  1246 W KernelCpuProcReader: File not exist: /proc/uid_cpupower/concurrent_active_time
11-04 14:30:43.376  1193  1246 W KernelCpuProcReader: File not exist: /proc/uid_cpupower/concurrent_policy_time
11-04 14:30:43.377  1193  1246 E KernelCpuSpeedReader: Failed to read cpu-freq: /sys/devices/system/cpu/cpu0/cpufreq/stats/time_in_state (No such file or directory)
11-04 14:30:43.387  1193  1259 I chatty  : uid=1000(system) PowerManagerSer expire 1 line
11-04 14:30:43.399  1193  1256 I DisplayManagerService: Display device changed state: "Built-in Screen", OFF
11-04 14:30:43.400   526   526 D SurfaceFlinger: Set power mode=0, type=0 flinger=0xb3036000
11-04 14:30:43.400   486   580 I SDM     : DisplayBase::SetDisplayState: Set state = 0, display 0
11-04 14:30:43.404  1193  1193 V SettingsProvider: Notifying for 0: content://settings/secure/dialpad_showing
11-04 14:30:43.555   526   526 D SurfaceFlinger: Finished set power mode=0, type=0
11-04 14:30:43.556  1193  1496 I chatty  : uid=1000(system) PhotonicModulat expire 3 lines
11-04 14:30:43.557  1193  1193 W Looper  : Slow dispatch took 152ms main h=com.android.server.job.JobSchedulerService$JobHandler c=null m=4
11-04 14:30:43.557   490   490 E QTI PowerHAL: Failed to acquire lock for hint_id: 1040.
11-04 14:30:43.558   490   490 I QTI PowerHAL: Got set_interactive hint
11-04 14:30:43.558   490   490 I QTI PowerHAL: Got set_interactive hint on= 0, count= 2
11-04 14:30:43.570   476  2042 D audio_hw_primary: adev_set_parameters: enter: screen_state=on
11-04 14:30:43.570   476  2042 V voice   : voice_set_parameters: enter: screen_state=on
11-04 14:30:43.570   476  2042 V kaudio_params: kaudio_set_parameters: enter: screen_state=on
11-04 14:30:43.570   476  2042 V kaudio_params: kaudio_set_parameters: exit with code(0)
11-04 14:30:43.570   476  2042 D audio_hw_extn: audio_extn_set_anc_parameters: anc_enabled:0
11-04 14:30:43.570   476  2042 D audio_hw_spkr_prot: audio_extn_fbsp_set_parameters: Speaker protection disabled
11-04 14:30:43.576  1193  1193 I chatty  : uid=1000 system_server expire 1 line
11-04 14:30:43.601  1532  1532 D KcPowerUi.LowBattNotify: onReceive() action = android.intent.action.SCREEN_ON
11-04 14:30:43.634   476  2042 D audio_hw_primary: adev_set_parameters: enter: screen_state=off
11-04 14:30:43.634   476  2042 V voice   : voice_set_parameters: enter: screen_state=off
11-04 14:30:43.634   476  2042 V kaudio_params: kaudio_set_parameters: enter: screen_state=off
11-04 14:30:43.634   476  2042 V kaudio_params: kaudio_set_parameters: exit with code(0)
11-04 14:30:43.634   476  2042 D audio_hw_extn: audio_extn_set_anc_parameters: anc_enabled:0
11-04 14:30:43.634   476  2042 D audio_hw_spkr_prot: audio_extn_fbsp_set_parameters: Speaker protection disabled
11-04 14:30:43.664  1532  1532 D KcPowerUi.LowBattNotify: onReceive() action = android.intent.action.SCREEN_OFF
11-04 14:30:44.089  3224  3224 D KittingService: called setConfiguration Mr
11-04 14:30:44.090  3224  3224 D KittingService: No file or directory found : /kittingbackup/kitting.json
11-04 14:30:45.032   476  2042 D audio_hw_primary: out_standby: enter: stream (0xb07c8000) usecase(1: low-latency-playback)
11-04 14:30:45.116   476  2042 D audio_hw_primary: disable_audio_route: reset and update mixer path: low-latency-playback
11-04 14:30:45.117   476  2042 D soundtrigger: audio_extn_sound_trigger_update_stream_status: uc_info->id 1 of type 0 for Event 2, with Raise=0
11-04 14:30:45.117   476  2042 D msm8916_platform: platform_split_snd_device: snd_device(2) num devices(0) new_snd_devices(0)
11-04 14:30:45.117   476  2042 I msm8916_platform: platform_get_custom_mtmx_params: no matching param with id 0 ip_ch 2 op_ch 1 uc_id 1 snd_dev 2
11-04 14:30:45.117   476  2042 D hardware_info: hw_info_append_hw_type : device_name = speaker
11-04 14:30:45.117   476  2042 D audio_hw_primary: disable_snd_device: snd_device(2: speaker)
11-04 14:30:45.117   476  2042 D msm8916_platform: platform_split_snd_device: snd_device(2) num devices(0) new_snd_devices(0)
11-04 14:30:45.118   476  2042 I soundtrigger: audio_extn_sound_trigger_update_device_status: device 0x2 of type 0 for Event 0, with Raise=0
11-04 14:30:45.119   476  2042 D audio_hw_primary: out_standby: exit
11-04 14:30:45.192  2564  2588 E SkyhookLocationProvider: Registration failed (Server unavailable)
11-04 14:30:47.132  3224  3224 D KittingService: called setConfiguration Mr
11-04 14:30:47.132  3224  3224 D KittingService: No file or directory found : /kittingbackup/kitting.json
11-04 14:30:47.576  1193  1472 D ConnectivityService: releasing NetworkRequest [ REQUEST id=15, [ Capabilities: NOT_METERED&INTERNET&NOT_RESTRICTED&TRUSTED&NOT_VPN Unwanted:  Uid: 10077] ] (release request)
11-04 14:30:47.583  1193  3000 D ConnectivityService: requestNetwork for uid/pid:10077/3158 NetworkRequest [ REQUEST id=16, [ Capabilities: NOT_METERED&INTERNET&NOT_RESTRICTED&TRUSTED&NOT_VPN Unwanted:  Uid: 10077] ]
11-04 14:30:47.584  1767  1767 D PhoneSwitcherNetworkRequstListener: got request NetworkRequest [ REQUEST id=16, [ Capabilities: NOT_METERED&INTERNET&NOT_RESTRICTED&TRUSTED&NOT_VPN Unwanted:  Uid: 10077] ] with score 0
11-04 14:30:48.821  1193  1239 I ActivityManager: Waited long enough for: ServiceRecord{df538a3 u0 com.kyocera.voicerecognition/.VoiceRecogBuildService}
11-04 14:30:50.174  3224  3224 D KittingService: called setConfiguration Mr
11-04 14:30:50.175  3224  3224 D KittingService: No file or directory found : /kittingbackup/kitting.json
11-04 14:30:50.542  1193  1239 I ActivityManager: Waited long enough for: ServiceRecord{4834460 u0 com.kyocera.kcTelecommService/.CallEnhancementService}
11-04 14:30:50.569   756   756 W vm_bms  : type=1400 audit(0.0:462): avc: denied { read } for name="u:object_r:default_prop:s0" dev="tmpfs" ino=10326 scontext=u:r:vm_bms:s0 tcontext=u:object_r:default_prop:s0 tclass=file permissive=0
11-04 14:30:50.569   756   756 I chatty  : uid=0(root) /vendor/bin/vm_bms identical 34 lines
11-04 14:30:50.569   756   756 W vm_bms  : type=1400 audit(0.0:465): avc: denied { read } for name="u:object_r:default_prop:s0" dev="tmpfs" ino=10326 scontext=u:r:vm_bms:s0 tcontext=u:object_r:default_prop:s0 tclass=file permissive=0
11-04 14:30:50.576   756   756 E libc    : Access denied finding property "vbms.log.enable"
11-04 14:30:50.577   756   756 E libc    : Access denied finding property "vbms.log.enable"
11-04 14:30:50.579   756   756 W vm_bms  : type=1400 audit(0.0:466): avc: denied { read } for name="u:object_r:default_prop:s0" dev="tmpfs" ino=10326 scontext=u:r:vm_bms:s0 tcontext=u:object_r:default_prop:s0 tclass=file permissive=0
11-04 14:30:50.579   756   756 W vm_bms  : type=1400 audit(0.0:467): avc: denied { read } for name="u:object_r:default_prop:s0" dev="tmpfs" ino=10326 scontext=u:r:vm_bms:s0 tcontext=u:object_r:default_prop:s0 tclass=file permissive=0
11-04 14:30:50.579   756   756 W vm_bms  : type=1400 audit(0.0:468): avc: denied { read } for name="u:object_r:default_prop:s0" dev="tmpfs" ino=10326 scontext=u:r:vm_bms:s0 tcontext=u:object_r:default_prop:s0 tclass=file permissive=0
11-04 14:30:50.580   756   756 E libc    : Access denied finding property "vbms.log.enable"
11-04 14:30:50.580   756   756 E libc    : Access denied finding property "vbms.log.enable"
11-04 14:30:50.580   756   756 E libc    : Access denied finding property "vbms.log.enable"
11-04 14:30:50.580   756   756 E libc    : Access denied finding property "vbms.log.enable"
11-04 14:30:50.583   756   756 E libc    : Access denied finding property "vbms.log.enable"
11-04 14:30:50.584   756   756 I VM_BMS  : power_supply_update: ocv_uv=4253757 ibatt=-82658 soc=100 seq_num=0
11-04 14:30:50.584   756   756 E libc    : Access denied finding property "vbms.log.enable"
11-04 14:30:50.584   756   756 E libc    : Access denied finding property "vbms.log.enable"
11-04 14:30:51.397   401   401 I chatty  : uid=1000(system) hwservicemanage expire 17 lines
11-04 14:30:51.421  1193  1239 I ActivityManager: Waited long enough for: ServiceRecord{25eef25 u0 com.qualcomm.atfwd/.AtFwdService}
11-04 14:30:51.427  3263  3263 E id.ext.service: Not starting debugger since process cannot load the jdwp agent.
11-04 14:30:51.427  1193  1241 I ActivityManager: Start proc 3263:android.ext.services/u0a13 for service android.ext.services/.storage.CacheQuotaServiceImpl
11-04 14:30:51.441  1193  3000 I chatty  : uid=1000(system) Binder:1193_A expire 24 lines
11-04 14:30:51.518  3263  3263 I Perf    : Connecting to perf service.
11-04 14:30:51.547  1193  1872 I ActivityManager: Killing 2741:com.kyocera.diagnostic/1000 (adj 906): empty #17
11-04 14:30:51.548  1193  1242 I chatty  : uid=1000(system) ActivityManager expire 24 lines
11-04 14:30:51.603   757   757 I Zygote  : Process 2741 exited due to signal (9)
11-04 14:30:53.094  1767  1767 D PhoneGlobals: rtr_ms:false
11-04 14:30:53.216  3224  3224 D KittingService: called setConfiguration Mr
11-04 14:30:53.217  3224  3224 D KittingService: No file or directory found : /kittingbackup/kitting.json
11-04 14:30:54.232  1193  1241 I ActivityManager: Start proc 3280:com.android.keychain/1000 for service com.android.keychain/.KeyChainService
11-04 14:30:54.243  3280  3280 E ndroid.keychai: Not starting debugger since process cannot load the jdwp agent.
11-04 14:30:54.261  1193  1872 I ActivityManager: Killing 2761:com.kyocera.diagnostic.DiagnosticService/1000 (adj 906): empty #17
11-04 14:30:54.280  3280  3280 I ndroid.keychai: The ClassLoaderContext is a special shared library.
11-04 14:30:54.292  3280  3280 I Perf    : Connecting to perf service.
11-04 14:30:54.318  1193  3000 I ActivityManager: Killing 2774:com.kyocera.omadm/1000 (adj 906): empty #17
11-04 14:30:54.321   757   757 I Zygote  : Process 2761 exited due to signal (9)
11-04 14:30:54.391   757   757 I Zygote  : Process 2774 exited due to signal (9)
11-04 14:30:56.262  1193  1484 I ActivityManager: Killing 2386:android.process.acore/u0a6 (adj 906): empty #17
11-04 14:30:56.263  1193  1484 I ActivityManager: Killing 2803:com.kyocera.omadm.OmadmService/1000 (adj 906): empty #18
