11-04 14:30:26.933  1193  1241 W ActivityManager: Slow operation: 84ms so far, now at startProcess: asking zygote to start proc
11-04 14:30:26.934  1193  2058 I chatty  : uid=1000(system) backup expire 4 lines
11-04 14:30:26.936   763   763 I keystore: 1 0
11-04 14:30:26.960  2079  2079 E ndroid.contact: Not starting debugger since process cannot load the jdwp agent.
11-04 14:30:26.961  1193  1241 W ActivityManager: Slow operation: 113ms so far, now at startProcess: returned from zygote!
11-04 14:30:26.961  1193  1241 W ActivityManager: Slow operation: 113ms so far, now at startProcess: done updating battery stats
11-04 14:30:26.964  1193  1241 W ActivityManager: Slow operation: 113ms so far, now at startProcess: building log message
11-04 14:30:26.964  1193  1241 I ActivityManager: Start proc 2095:com.verizon.bootstrapclient/u0a22 for added application com.verizon.bootstrapclient
11-04 14:30:26.964  1193  1241 W ActivityManager: Slow operation: 116ms so far, now at startProcess: starting to update pids map
11-04 14:30:26.964  1193  1241 W ActivityManager: Slow operation: 116ms so far, now at startProcess: done updating pids map
11-04 14:30:26.964  1193  1241 W ActivityManager: Slow operation: 114ms so far, now at startProcess: asking zygote to start proc
11-04 14:30:26.967  2060  2060 I Perf    : Connecting to perf service.
11-04 14:30:26.977  2084  2084 E kyocera.ecomod: Not starting debugger since process cannot load the jdwp agent.
11-04 14:30:26.978  2060  2060 W ContextImpl: Calling a method in the system process without a qualified user: android.app.ContextImpl.startService:1531 android.content.ContextWrapper.startService:664 android.content.ContextWrapper.startService:664 jp.kyocera.kclightsservice.KCLightsReceiver.onReceive:19 android.app.ActivityThread.handleReceiver:3418 
11-04 14:30:26.992  1193  2058 E BackupPasswordManager: Unable to read backup pw version
11-04 14:30:26.993  1193  2058 E BackupPasswordManager: Unable to read saved backup pw hash
11-04 14:30:27.004  2095  2095 E bootstrapclien: Not starting debugger since process cannot load the jdwp agent.
11-04 14:30:27.008  2060  2060 I android_os_HwBinder: HwBinder: Starting thread pool for default::vendor.kyocera.hardware.kclight@1.0::ILight
11-04 14:30:27.010  1193  1241 W ActivityManager: Slow operation: 159ms so far, now at startProcess: returned from zygote!
11-04 14:30:27.021  1193  1241 W ActivityManager: Slow operation: 171ms so far, now at startProcess: done updating battery stats
11-04 14:30:27.021  1193  1241 W ActivityManager: Slow operation: 171ms so far, now at startProcess: building log message
11-04 14:30:27.021  1193  1241 I ActivityManager: Start proc 2114:com.android.calendar/u0a40 for added application com.android.calendar
11-04 14:30:27.021  1193  1241 W ActivityManager: Slow operation: 171ms so far, now at startProcess: starting to update pids map
11-04 14:30:27.021  1193  1241 W ActivityManager: Slow operation: 171ms so far, now at startProcess: done updating pids map
11-04 14:30:27.022  1193  1241 W ActivityManager: Slow operation: 172ms so far, now at startProcess: asking zygote to start proc
11-04 14:30:27.029  1193  2058 V BackupManagerService: No ancestral data
11-04 14:30:27.036  1193  1239 I AppWidgetServiceImpl: Processing of handleUserUnlocked u0 took 139 ms
11-04 14:30:27.036  1193  1239 I ActivityManager: Sending BOOT_COMPLETE user #0
11-04 14:30:27.039  2114  2114 E ndroid.calenda: Not starting debugger since process cannot load the jdwp agent.
11-04 14:30:27.058  1767  1767 D CarrierSvcBindHelper: Received android.intent.action.USER_UNLOCKED
11-04 14:30:27.059  1767  1767 E PhoneInterfaceManager: [PhoneIntfMgr] getCarrierPackageNamesForIntent: No UICC
11-04 14:30:27.059  1767  1767 D CarrierSvcBindHelper: No carrier app for: 0
11-04 14:30:27.059  1767  1767 D IntentBroadcaster: Rebroadcasting intent android.intent.action.SIM_STATE_CHANGED ABSENT for slotId 0
11-04 14:30:27.075  2095  2095 I bootstrapclien: The ClassLoaderContext is a special shared library.
11-04 14:30:27.082  1193  1241 W ActivityManager: Slow operation: 232ms so far, now at startProcess: returned from zygote!
11-04 14:30:27.110  2079  2079 I Perf    : Connecting to perf service.
11-04 14:30:27.110  2142  2142 E jp.kyocera.kdf: Not starting debugger since process cannot load the jdwp agent.
11-04 14:30:27.115  1778  1778 D FallbackHome: User unlocked and real home found; let's go!
11-04 14:30:27.122  1193  1817 I chatty  : uid=1000(system) Binder:1193_7 expire 56 lines
11-04 14:30:27.129  1193  1241 W ActivityManager: Slow operation: 279ms so far, now at startProcess: done updating battery stats
11-04 14:30:27.130  1193  1241 W ActivityManager: Slow operation: 279ms so far, now at startProcess: building log message
11-04 14:30:27.130  1193  1241 I ActivityManager: Start proc 2142:jp.kyocera.kdfs/1000 for added application jp.kyocera.kdfs
11-04 14:30:27.130  1193  1241 W ActivityManager: Slow operation: 279ms so far, now at startProcess: starting to update pids map
11-04 14:30:27.130  1193  1241 W ActivityManager: Slow operation: 279ms so far, now at startProcess: done updating pids map
11-04 14:30:27.130  1193  1241 W ActivityManager: Slow operation: 278ms so far, now at startProcess: asking zygote to start proc
11-04 14:30:27.131  2095  2095 I Perf    : Connecting to perf service.
11-04 14:30:27.136  1532  1532 V OverviewProxyService: Cannot attempt connection, is setup true, is enabled false
11-04 14:30:27.137  1193  1872 I ActivityManager: START u0 {act=android.intent.action.MAIN cat=[android.intent.category.HOME] flg=0x10000100 cmp=jp.kyocera.kyocerahome/.HomeScreenActivity} from uid 0
11-04 14:30:27.149  2084  2084 I Perf    : Connecting to perf service.
11-04 14:30:27.150  2095  2095 D [BootStrapApplication]: registerPkgremvlReceiver called..
11-04 14:30:27.157  1193  1241 W ActivityManager: Slow operation: 304ms so far, now at startProcess: returned from zygote!
11-04 14:30:27.175  1193  1723 I chatty  : uid=1000(system) Binder:1193_6 expire 67 lines
11-04 14:30:27.192  2158  2158 E jp.kyocera.ker: Not starting debugger since process cannot load the jdwp agent.
11-04 14:30:27.195  1193  1193 W Looper  : Slow dispatch took 136ms main h=android.app.ActivityThread$H c=android.app.-$$Lambda$LoadedApk$ReceiverDispatcher$Args$_BumDX2UKsnxLVrE6UJsJZkotuA@431400b m=0
11-04 14:30:27.204  1193  1241 W ActivityManager: Slow operation: 352ms so far, now at startProcess: done updating battery stats
11-04 14:30:27.204  1193  1241 W ActivityManager: Slow operation: 352ms so far, now at startProcess: building log message
11-04 14:30:27.204  1193  1241 I ActivityManager: Start proc 2158:jp.kyocera.kerr/1000 for added application jp.kyocera.kerr
11-04 14:30:27.204  1193  1241 W ActivityManager: Slow operation: 352ms so far, now at startProcess: starting to update pids map
11-04 14:30:27.204  1193  1241 W ActivityManager: Slow operation: 352ms so far, now at startProcess: done updating pids map
11-04 14:30:27.205  1193  1241 W ActivityManager: Slow operation: 351ms so far, now at startProcess: asking zygote to start proc
11-04 14:30:27.208  2095  2095 D [BootStrapApplication]: registerPkgremvlReceiver end..
11-04 14:30:27.214  2114  2114 I ndroid.calenda: The ClassLoaderContext is a special shared library.
11-04 14:30:27.219  1193  1501 I SyncManager: Loaded persisted syncs: 0 periodic syncs, 0 oneshot syncs, 9 total system server jobs, JobStats: FirstLoad: 2/2/0 LastSave: -1/-1/-1
11-04 14:30:27.225   508   527 E ANDR-PERF-TARGET-INIT: Error reading KPM nodes. Does KPM exist
11-04 14:30:27.229  2142  2142 I jp.kyocera.kdf: The ClassLoaderContext is a special shared library.
11-04 14:30:27.238  1193  1241 W ActivityManager: Slow operation: 385ms so far, now at startProcess: returned from zygote!
11-04 14:30:27.239  2142  2142 W jp.kyocera.kdfs: type=1400 audit(0.0:452): avc: denied { getattr } for path="/data/data/jp.kyocera.kdfs" dev="dm-3" ino=2049 scontext=u:r:kdfs_svc:s0 tcontext=u:object_r:system_app_data_file:s0 tclass=dir permissive=0
11-04 14:30:27.244   508   527 E ANDR-PERF-TARGET: Error: Invalid cluster id 1
11-04 14:30:27.244   508   527 E ANDR-PERF-TARGET: Error: Invalid cluster id 1
11-04 14:30:27.244   508   527 E ANDR-PERF-TARGET: Error: Invalid cluster id 2
11-04 14:30:27.244   508   527 E ANDR-PERF-TARGET: Error: Invalid cluster id 2
11-04 14:30:27.244   508   527 E ANDR-PERF-OPTSHANDLER: Error: Sched Frequency Aggregation support not present
11-04 14:30:27.245  2142  2142 D libnativeloader: classloader namespace configured for unbundled vendor apk. library_path=/vendor/app/KdfsService/lib/arm:/vendor/app/KdfsService/KdfsService.apk!/lib/armeabi-v7a:/vendor/lib
11-04 14:30:27.245   508  2183 E ANDR-PERF-MPCTL:  before pthread_cond_wait 1733, chk_core_online_poll
11-04 14:30:27.255  2177  2177 E jp.kyocera.mem: Not starting debugger since process cannot load the jdwp agent.
11-04 14:30:27.256  2114  2114 I Perf    : Connecting to perf service.
11-04 14:30:27.259  2142  2142 W jp.kyocera.kdfs: type=1400 audit(0.0:453): avc: denied { search } for name="jp.kyocera.kdfs" dev="dm-3" ino=2049 scontext=u:r:kdfs_svc:s0 tcontext=u:object_r:system_app_data_file:s0 tclass=dir permissive=0
11-04 14:30:27.261  2142  2142 I Perf    : Connecting to perf service.
11-04 14:30:27.261   400   400 E SELinux : avc:  denied  { find } for service=vendor.perfservice pid=2142 uid=1000 scontext=u:r:kdfs_svc:s0 tcontext=u:object_r:vendor_perf_service:s0 tclass=service_manager permissive=0
11-04 14:30:27.262  2142  2142 E Perf    : Perf service is now down, set sPerfService as null.
11-04 14:30:27.262  2142  2142 E Perf    : Perf service is unavailable.
11-04 14:30:27.266  2142  2142 W ContextImpl: Failed to ensure /data/user/0/jp.kyocera.kdfs/cache: mkdir failed: EACCES (Permission denied)
11-04 14:30:27.266  2142  2142 W ContextImpl: Failed to update user.inode_cache: stat failed: EACCES (Permission denied)
11-04 14:30:27.267  2142  2142 W ContextImpl: Failed to ensure /data/user_de/0/jp.kyocera.kdfs/code_cache: mkdir failed: EACCES (Permission denied)
11-04 14:30:27.267  2142  2142 W ContextImpl: Failed to update user.inode_code_cache: stat failed: EACCES (Permission denied)
11-04 14:30:27.270  1193  1241 W ActivityManager: Slow operation: 417ms so far, now at startProcess: done updating battery stats
11-04 14:30:27.271  1193  1241 W ActivityManager: Slow operation: 417ms so far, now at startProcess: building log message
11-04 14:30:27.271  1193  1241 I ActivityManager: Start proc 2177:jp.kyocera.memo/u0a58 for added application jp.kyocera.memo
11-04 14:30:27.271  1193  1241 W ActivityManager: Slow operation: 417ms so far, now at startProcess: starting to update pids map
11-04 14:30:27.271  1193  1241 W ActivityManager: Slow operation: 417ms so far, now at startProcess: done updating pids map
11-04 14:30:27.271  1193  1241 W ActivityManager: Slow operation: 417ms so far, now at startProcess: asking zygote to start proc
11-04 14:30:27.279  1193  2058 I BackupManagerService: Unlocking system user; mService=com.android.server.backup.BackupManagerService@aedc739
11-04 14:30:27.283  1193  2058 I BackupManagerService: Backup enabled => false
11-04 14:30:27.296  1193  1241 W ActivityManager: Slow operation: 442ms so far, now at startProcess: returned from zygote!
11-04 14:30:27.296  1193  1241 W ActivityManager: Slow operation: 442ms so far, now at startProcess: done updating battery stats
11-04 14:30:27.296  1193  1241 W ActivityManager: Slow operation: 442ms so far, now at startProcess: building log message
11-04 14:30:27.296  1193  1241 I ActivityManager: Start proc 2196:com.kyocera.worldclock/u0a86 for added application com.kyocera.worldclock
11-04 14:30:27.296  1193  1241 W ActivityManager: Slow operation: 442ms so far, now at startProcess: starting to update pids map
11-04 14:30:27.296  1193  1241 W ActivityManager: Slow operation: 442ms so far, now at startProcess: done updating pids map
11-04 14:30:27.297  1193  1241 W ActivityManager: Slow operation: 442ms so far, now at startProcess: asking zygote to start proc
11-04 14:30:27.297  1193  2058 V BackupManagerConstants: getKeyValueBackupIntervalMilliseconds(...) returns 14400000
11-04 14:30:27.297  1193  2058 V BackupManagerConstants: getKeyValueBackupFuzzMilliseconds(...) returns 600000
11-04 14:30:27.297  1193  2058 V BackupManagerConstants: getKeyValueBackupRequiredNetworkType(...) returns 1
11-04 14:30:27.297  1193  2058 V BackupManagerConstants: getKeyValueBackupRequireCharging(...) returns true
11-04 14:30:27.298  1193  2058 V KeyValueBackupJob: Scheduling k/v pass in 245 minutes
11-04 14:30:27.311  2177  2177 I jp.kyocera.mem: The ClassLoaderContext is a special shared library.
11-04 14:30:27.313  2158  2158 I jp.kyocera.ker: The ClassLoaderContext is a special shared library.
11-04 14:30:27.318  1193  1241 W ActivityManager: Slow operation: 464ms so far, now at startProcess: returned from zygote!
11-04 14:30:27.318  1193  1241 W ActivityManager: Slow operation: 464ms so far, now at startProcess: done updating battery stats
11-04 14:30:27.318  1193  1241 W ActivityManager: Slow operation: 464ms so far, now at startProcess: building log message
11-04 14:30:27.318  1193  1241 I ActivityManager: Start proc 2202:com.ffm.kyocera/u0a80 for added application com.ffm.kyocera
11-04 14:30:27.318  1193  1241 W ActivityManager: Slow operation: 464ms so far, now at startProcess: starting to update pids map
11-04 14:30:27.319  1193  1241 W ActivityManager: Slow operation: 464ms so far, now at startProcess: done updating pids map
11-04 14:30:27.319  1193  1241 W ActivityManager: Slow operation: 463ms so far, now at startProcess: asking zygote to start proc
11-04 14:30:27.323  2196  2196 E cera.worldcloc: Not starting debugger since process cannot load the jdwp agent.
11-04 14:30:27.328  2158  2158 D libnativeloader: classloader namespace configured for unbundled vendor apk. library_path=/vendor/app/KErrService/lib/arm:/vendor/app/KErrService/KErrService.apk!/lib/armeabi-v7a:/vendor/lib
11-04 14:30:27.330  2158  2158 W jp.kyocera.ker: JIT profile information will not be recorded: profile file does not exits.
11-04 14:30:27.343  2114  2114 D ExtensionsFactory: No custom extensions.
11-04 14:30:27.349   508   527 E ANDR-PERF-TARGET: Error: Invalid cluster id 1
11-04 14:30:27.349   508   527 E ANDR-PERF-TARGET: Error: Invalid cluster id 1
11-04 14:30:27.349   508   527 E ANDR-PERF-TARGET: Error: Invalid cluster id 2
11-04 14:30:27.349   508   527 E ANDR-PERF-TARGET: Error: Invalid cluster id 2
11-04 14:30:27.351  2158  2158 I Perf    : Connecting to perf service.
11-04 14:30:27.353  1193  1241 W ActivityManager: Slow operation: 498ms so far, now at startProcess: returned from zygote!
11-04 14:30:27.353  1193  1241 W ActivityManager: Slow operation: 498ms so far, now at startProcess: done updating battery stats
11-04 14:30:27.353   400   400 E SELinux : avc:  denied  { find } for service=vendor.perfservice pid=2158 uid=1000 scontext=u:r:kerr_svc:s0 tcontext=u:object_r:vendor_perf_service:s0 tclass=service_manager permissive=0
11-04 14:30:27.353  1193  1241 W ActivityManager: Slow operation: 498ms so far, now at startProcess: building log message
11-04 14:30:27.353  1193  1241 I ActivityManager: Start proc 2221:com.android.cellbroadcastreceiver/1000 for added application com.android.cellbroadcastreceiver
11-04 14:30:27.354  1193  1241 W ActivityManager: Slow operation: 498ms so far, now at startProcess: starting to update pids map
11-04 14:30:27.354  1193  1241 W ActivityManager: Slow operation: 498ms so far, now at startProcess: done updating pids map
11-04 14:30:27.354  1193  1241 W ActivityManager: Slow operation: 497ms so far, now at startProcess: asking zygote to start proc
11-04 14:30:27.354  2158  2158 E Perf    : Perf service is now down, set sPerfService as null.
11-04 14:30:27.354  2158  2158 E Perf    : Perf service is unavailable.
11-04 14:30:27.363  2158  2158 E ContextImpl: Data directory doesn't exist for package jp.kyocera.kerr
11-04 14:30:27.363  2158  2158 E ContextImpl: java.lang.Throwable
11-04 14:30:27.363  2158  2158 E ContextImpl: 	at android.app.ContextImpl.getDataDir(ContextImpl.java:2254)
11-04 14:30:27.363  2158  2158 E ContextImpl: 	at android.app.ContextImpl.getCodeCacheDir(ContextImpl.java:702)
11-04 14:30:27.363  2158  2158 E ContextImpl: 	at android.app.ActivityThread.setupGraphicsSupport(ActivityThread.java:5507)
11-04 14:30:27.363  2158  2158 E ContextImpl: 	at android.app.ActivityThread.handleBindApplication(ActivityThread.java:5824)
11-04 14:30:27.363  2158  2158 E ContextImpl: 	at android.app.ActivityThread.access$1100(ActivityThread.java:201)
11-04 14:30:27.363  2158  2158 E ContextImpl: 	at android.app.ActivityThread$H.handleMessage(ActivityThread.java:1657)
11-04 14:30:27.363  2158  2158 E ContextImpl: 	at android.os.Handler.dispatchMessage(Handler.java:106)
11-04 14:30:27.363  2158  2158 E ContextImpl: 	at android.os.Looper.loop(Looper.java:193)
11-04 14:30:27.363  2158  2158 E ContextImpl: 	at android.app.ActivityThread.main(ActivityThread.java:6746)
11-04 14:30:27.363  2158  2158 E ContextImpl: 	at java.lang.reflect.Method.invoke(Native Method)
11-04 14:30:27.363  2158  2158 E ContextImpl: 	at com.android.internal.os.RuntimeInit$MethodAndArgsCaller.run(RuntimeInit.java:493)
11-04 14:30:27.363  2158  2158 E ContextImpl: 	at com.android.internal.os.ZygoteInit.main(ZygoteInit.java:858)
11-04 14:30:27.367  2202  2202 E com.ffm.kyocer: Not starting debugger since process cannot load the jdwp agent.
11-04 14:30:27.369  2158  2158 W ContextImpl: Failed to ensure /data/user_de/0/jp.kyocera.kerr/code_cache: mkdir failed: ENOENT (No such file or directory)
11-04 14:30:27.370  2158  2158 W ContextImpl: Failed to update user.inode_code_cache: stat failed: ENOENT (No such file or directory)
11-04 14:30:27.378  2177  2177 I Perf    : Connecting to perf service.
11-04 14:30:27.388  1193  1241 W ActivityManager: Slow operation: 532ms so far, now at startProcess: returned from zygote!
11-04 14:30:27.388  1193  1241 W ActivityManager: Slow operation: 532ms so far, now at startProcess: done updating battery stats
11-04 14:30:27.388  1193  1241 W ActivityManager: Slow operation: 532ms so far, now at startProcess: building log message
11-04 14:30:27.388  1193  1241 I ActivityManager: Start proc 2236:jp.kyocera.vzwextension.service/1000 for added application jp.kyocera.vzwextension.service
11-04 14:30:27.389  1193  1241 W ActivityManager: Slow operation: 532ms so far, now at startProcess: starting to update pids map
11-04 14:30:27.389  1193  1241 W ActivityManager: Slow operation: 532ms so far, now at startProcess: done updating pids map
11-04 14:30:27.389  1193  1241 W ActivityManager: Slow operation: 532ms so far, now at startProcess: asking zygote to start proc
11-04 14:30:27.406  2202  2202 I com.ffm.kyocer: The ClassLoaderContext is a special shared library.
11-04 14:30:27.413  2196  2196 I Perf    : Connecting to perf service.
11-04 14:30:27.419  2221  2221 E oadcastreceive: Not starting debugger since process cannot load the jdwp agent.
11-04 14:30:27.422  1193  1241 W ActivityManager: Slow operation: 565ms so far, now at startProcess: returned from zygote!
11-04 14:30:27.422  1193  1241 W ActivityManager: Slow operation: 565ms so far, now at startProcess: done updating battery stats
11-04 14:30:27.422  1193  1241 W ActivityManager: Slow operation: 566ms so far, now at startProcess: building log message
11-04 14:30:27.422  1193  1241 I ActivityManager: Start proc 2247:com.kyocera.wifiautoactivate/1000 for added application com.kyocera.wifiautoactivate
11-04 14:30:27.422  1193  1241 W ActivityManager: Slow operation: 566ms so far, now at startProcess: starting to update pids map
11-04 14:30:27.422  1193  1241 W ActivityManager: Slow operation: 566ms so far, now at startProcess: done updating pids map
11-04 14:30:27.422  1193  1241 W ActivityManager: Slow operation: 556ms so far, now at startProcess: asking zygote to start proc
11-04 14:30:27.426  2236  2236 E tension.servic: Not starting debugger since process cannot load the jdwp agent.
11-04 14:30:27.443  1193  1241 W ActivityManager: Slow operation: 576ms so far, now at startProcess: returned from zygote!
11-04 14:30:27.447  1193  1241 W ActivityManager: Slow operation: 581ms so far, now at startProcess: done updating battery stats
11-04 14:30:27.448  1193  1241 W ActivityManager: Slow operation: 581ms so far, now at startProcess: building log message
11-04 14:30:27.448  1193  1241 I ActivityManager: Start proc 2266:com.kyocera.alarm/u0a87 for added application com.kyocera.alarm
11-04 14:30:27.448  1193  1241 W ActivityManager: Slow operation: 581ms so far, now at startProcess: starting to update pids map
11-04 14:30:27.448  1193  1241 W ActivityManager: Slow operation: 581ms so far, now at startProcess: done updating pids map
11-04 14:30:27.448  1193  1241 W ActivityManager: Slow operation: 581ms so far, now at startProcess: asking zygote to start proc
11-04 14:30:27.462  2202  2202 I Perf    : Connecting to perf service.
11-04 14:30:27.467  2247  2247 E ifiautoactivat: Not starting debugger since process cannot load the jdwp agent.
11-04 14:30:27.474  2202  2202 I MultiDex: VM with version 2.1.0 has multidex support
11-04 14:30:27.474  2202  2202 I MultiDex: Installing application
11-04 14:30:27.474  2202  2202 I MultiDex: VM has multidex support, MultiDex support library is disabled.
11-04 14:30:27.479  2221  2221 I oadcastreceive: The ClassLoaderContext is a special shared library.
11-04 14:30:27.485  2266  2266 E m.kyocera.alar: Not starting debugger since process cannot load the jdwp agent.
11-04 14:30:27.491  2236  2236 I tension.servic: The ClassLoaderContext is a special shared library.
11-04 14:30:27.498  1193  1241 W ActivityManager: Slow operation: 631ms so far, now at startProcess: returned from zygote!
11-04 14:30:27.498  1193  1241 W ActivityManager: Slow operation: 631ms so far, now at startProcess: done updating battery stats
11-04 14:30:27.498  1193  1241 W ActivityManager: Slow operation: 631ms so far, now at startProcess: building log message
11-04 14:30:27.498  1193  1241 I ActivityManager: Start proc 2288:com.kyocera.timer/u0a84 for added application com.kyocera.timer
11-04 14:30:27.498  1193  1241 W ActivityManager: Slow operation: 631ms so far, now at startProcess: starting to update pids map
11-04 14:30:27.498  1193  1241 W ActivityManager: Slow operation: 631ms so far, now at startProcess: done updating pids map
11-04 14:30:27.499  1193  1241 W ActivityManager: Slow operation: 630ms so far, now at startProcess: asking zygote to start proc
11-04 14:30:27.499  2236  2236 I chatty  : uid=1000(system) jp.kyocera.vzwextension.service identical 1 line
11-04 14:30:27.512  2236  2236 I tension.servic: The ClassLoaderContext is a special shared library.
11-04 14:30:27.532  2221  2221 I Perf    : Connecting to perf service.
11-04 14:30:27.536  2236  2236 I Perf    : Connecting to perf service.
11-04 14:30:27.545  2288  2288 E m.kyocera.time: Not starting debugger since process cannot load the jdwp agent.
11-04 14:30:27.550  1193  1241 W ActivityManager: Slow operation: 682ms so far, now at startProcess: returned from zygote!
11-04 14:30:27.550  1193  1241 W ActivityManager: Slow operation: 682ms so far, now at startProcess: done updating battery stats
11-04 14:30:27.550  1193  1241 W ActivityManager: Slow operation: 682ms so far, now at startProcess: building log message
11-04 14:30:27.550  1193  1241 I ActivityManager: Start proc 2304:com.kyocera.musicplayer/u0a19 for added application com.kyocera.musicplayer
11-04 14:30:27.551  1193  1241 W ActivityManager: Slow operation: 682ms so far, now at startProcess: starting to update pids map
11-04 14:30:27.551  1193  1241 W ActivityManager: Slow operation: 682ms so far, now at startProcess: done updating pids map
11-04 14:30:27.551  1193  1241 W ActivityManager: Slow operation: 680ms so far, now at startProcess: asking zygote to start proc
11-04 14:30:27.555  2247  2247 I Perf    : Connecting to perf service.
11-04 14:30:27.558  2266  2266 I m.kyocera.alar: The ClassLoaderContext is a special shared library.
11-04 14:30:27.564  2202  2202 D FirebaseApp: com.google.firebase.auth.FirebaseAuth is not linked. Skipping initialization.
11-04 14:30:27.565  2202  2202 D FirebaseApp: com.google.firebase.crash.FirebaseCrash is not linked. Skipping initialization.
11-04 14:30:27.566  2202  2202 D FirebaseApp: com.google.android.gms.measurement.AppMeasurement is not linked. Skipping initialization.
11-04 14:30:27.566  2202  2202 I FirebaseInitProvider: FirebaseApp initialization successful
11-04 14:30:27.580  1193  1817 D CountryDetector: The first listener is added
11-04 14:30:27.582  2202  2315 E FirebaseInstanceId: Google Play services missing or without correct permission.
11-04 14:30:27.583  2304  2304 E era.musicplaye: Not starting debugger since process cannot load the jdwp agent.
11-04 14:30:27.595  1193  1241 W ActivityManager: Slow operation: 725ms so far, now at startProcess: returned from zygote!
11-04 14:30:27.595  1193  1241 W ActivityManager: Slow operation: 725ms so far, now at startProcess: done updating battery stats
11-04 14:30:27.595  1193  1241 W ActivityManager: Slow operation: 725ms so far, now at startProcess: building log message
11-04 14:30:27.595  1193  1241 I ActivityManager: Start proc 2326:com.android.email/u0a29 for added application com.android.email
11-04 14:30:27.596  1193  1241 W ActivityManager: Slow operation: 725ms so far, now at startProcess: starting to update pids map
11-04 14:30:27.596  1193  1241 W ActivityManager: Slow operation: 725ms so far, now at startProcess: done updating pids map
11-04 14:30:27.596  1193  1241 W ActivityManager: Slow operation: 725ms so far, now at startProcess: asking zygote to start proc
11-04 14:30:27.609  2221  2221 E CellBroadcastAlertService: set init on CellBroadcastReceiver
11-04 14:30:27.609  2288  2288 I m.kyocera.time: The ClassLoaderContext is a special shared library.
11-04 14:30:27.617  1193  1241 W ActivityManager: Slow operation: 746ms so far, now at startProcess: returned from zygote!
11-04 14:30:27.617  1193  1241 W ActivityManager: Slow operation: 746ms so far, now at startProcess: done updating battery stats
11-04 14:30:27.617  1193  1241 W ActivityManager: Slow operation: 746ms so far, now at startProcess: building log message
11-04 14:30:27.617  1193  1241 I ActivityManager: Start proc 2334:jp.kyocera.thermalmonitor/1000 for added application jp.kyocera.thermalmonitor
11-04 14:30:27.618  1193  1241 W ActivityManager: Slow operation: 746ms so far, now at startProcess: starting to update pids map
11-04 14:30:27.618  1193  1241 W ActivityManager: Slow operation: 746ms so far, now at startProcess: done updating pids map
11-04 14:30:27.618  1193  1241 W ActivityManager: Slow operation: 606ms so far, now at startProcess: asking zygote to start proc
11-04 14:30:27.624  2221  2221 D CellBroadcastReceiver: onReceive Intent { act=android.intent.action.SIM_STATE_CHANGED flg=0x5000010 (has extras) }
11-04 14:30:27.624  2221  2221 D CellBroadcastReceiver: onReceive Intent { act=android.intent.action.SIM_STATE_CHANGED flg=0x5000010 pkg=com.verizon.mips.services (has extras) }
11-04 14:30:27.626  2288  2288 I m.kyocera.time: The ClassLoaderContext is a special shared library.
11-04 14:30:27.638  2266  2266 I Perf    : Connecting to perf service.
11-04 14:30:27.651  1193  1241 W ActivityManager: Slow operation: 640ms so far, now at startProcess: returned from zygote!
11-04 14:30:27.651  1193  1241 W ActivityManager: Slow operation: 640ms so far, now at startProcess: done updating battery stats
11-04 14:30:27.652  1193  1241 W ActivityManager: Slow operation: 640ms so far, now at startProcess: building log message
11-04 14:30:27.652  1193  1241 I ActivityManager: Start proc 2342:com.android.printspooler/u0a61 for service com.android.printspooler/.model.PrintSpoolerService
11-04 14:30:27.652  1193  1241 W ActivityManager: Slow operation: 640ms so far, now at startProcess: starting to update pids map
11-04 14:30:27.652  1193  1241 W ActivityManager: Slow operation: 640ms so far, now at startProcess: done updating pids map
11-04 14:30:27.652  1193  1241 W ActivityManager: Slow operation: 487ms so far, now at startProcess: asking zygote to start proc
11-04 14:30:27.660  2326  2326 E m.android.emai: Not starting debugger since process cannot load the jdwp agent.
11-04 14:30:27.681  2334  2334 E .thermalmonito: Not starting debugger since process cannot load the jdwp agent.
11-04 14:30:27.684  2304  2304 I Perf    : Connecting to perf service.
11-04 14:30:27.699  2288  2288 I Perf    : Connecting to perf service.
11-04 14:30:27.706  1193  1241 W ActivityManager: Slow operation: 541ms so far, now at startProcess: returned from zygote!
11-04 14:30:27.710  2202  2202 I Persistence/AndroidSQLPersistenceProvider: Encrypting DB... newDBFile.exists(): true originalFile.exists(): false
11-04 14:30:27.711  1193  1241 W ActivityManager: Slow operation: 545ms so far, now at startProcess: done updating battery stats
11-04 14:30:27.711  1193  1241 W ActivityManager: Slow operation: 546ms so far, now at startProcess: building log message
11-04 14:30:27.711  1193  1241 I ActivityManager: Start proc 2365:jp.kyocera.kyocerahome/u0a35 for activity jp.kyocera.kyocerahome/.HomeScreenActivity
11-04 14:30:27.711  1193  1241 W ActivityManager: Slow operation: 546ms so far, now at startProcess: starting to update pids map
11-04 14:30:27.711  1193  1241 W ActivityManager: Slow operation: 546ms so far, now at startProcess: done updating pids map
11-04 14:30:27.711  1193  1241 W ActivityManager: Slow operation: 447ms so far, now at startProcess: asking zygote to start proc
11-04 14:30:27.716  2342  2342 E id.printspoole: Not starting debugger since process cannot load the jdwp agent.
11-04 14:30:27.730  2365  2365 E era.kyocerahom: Not starting debugger since process cannot load the jdwp agent.
11-04 14:30:27.738  1193  1241 W ActivityManager: Slow operation: 474ms so far, now at startProcess: returned from zygote!
11-04 14:30:27.738  1193  1241 W ActivityManager: Slow operation: 474ms so far, now at startProcess: done updating battery stats
11-04 14:30:27.739  1193  1241 W ActivityManager: Slow operation: 474ms so far, now at startProcess: building log message
11-04 14:30:27.739  1193  1241 I ActivityManager: Start proc 2386:android.process.acore/u0a6 for content provider com.android.providers.contacts/.ContactsProvider2
11-04 14:30:27.739  1193  1241 W ActivityManager: Slow operation: 474ms so far, now at startProcess: starting to update pids map
11-04 14:30:27.739  1193  1241 W ActivityManager: Slow operation: 474ms so far, now at startProcess: done updating pids map
11-04 14:30:27.757  2334  2334 I .thermalmonito: The ClassLoaderContext is a special shared library.
11-04 14:30:27.774  2334  2334 D libnativeloader: classloader namespace configured for unbundled vendor apk. library_path=/vendor/app/ThermalMonitorService/lib/arm:/vendor/app/ThermalMonitorService/ThermalMonitorService.apk!/lib/armeabi-v7a:/vendor/lib
11-04 14:30:27.779  2334  2334 W .thermalmonito: JIT profile information will not be recorded: profile file does not exits.
11-04 14:30:27.787  2326  2326 I Perf    : Connecting to perf service.
11-04 14:30:27.794  1193  1241 W ActivityManager: Slow operation: 82ms so far, now at startProcess: returned from zygote!
11-04 14:30:27.795  1193  1241 W ActivityManager: Slow operation: 82ms so far, now at startProcess: done updating battery stats
11-04 14:30:27.795  1193  1241 W ActivityManager: Slow operation: 82ms so far, now at startProcess: building log message
11-04 14:30:27.795  1193  1241 I ActivityManager: Start proc 2395:android.process.media/u0a31 for content provider com.android.providers.media/.MediaProvider
11-04 14:30:27.795  1193  1241 W ActivityManager: Slow operation: 82ms so far, now at startProcess: starting to update pids map
11-04 14:30:27.795  1193  1241 W ActivityManager: Slow operation: 82ms so far, now at startProcess: done updating pids map
11-04 14:30:27.799  2334  2334 I Perf    : Connecting to perf service.
11-04 14:30:27.800   400   400 E SELinux : avc:  denied  { find } for service=vendor.perfservice pid=2334 uid=1000 scontext=u:r:thermmoni_serv:s0 tcontext=u:object_r:vendor_perf_service:s0 tclass=service_manager permissive=0
11-04 14:30:27.800  2334  2334 E Perf    : Perf service is now down, set sPerfService as null.
11-04 14:30:27.800  2334  2334 E Perf    : Perf service is unavailable.
11-04 14:30:27.806  2334  2334 E ContextImpl: Data directory doesn't exist for package jp.kyocera.thermalmonitor
11-04 14:30:27.806  2334  2334 E ContextImpl: java.lang.Throwable
11-04 14:30:27.806  2334  2334 E ContextImpl: 	at android.app.ContextImpl.getDataDir(ContextImpl.java:2254)
11-04 14:30:27.806  2334  2334 E ContextImpl: 	at android.app.ContextImpl.getCodeCacheDir(ContextImpl.java:702)
11-04 14:30:27.806  2334  2334 E ContextImpl: 	at android.app.ActivityThread.setupGraphicsSupport(ActivityThread.java:5507)
11-04 14:30:27.806  2334  2334 E ContextImpl: 	at android.app.ActivityThread.handleBindApplication(ActivityThread.java:5824)
11-04 14:30:27.806  2334  2334 E ContextImpl: 	at android.app.ActivityThread.access$1100(ActivityThread.java:201)
11-04 14:30:27.806  2334  2334 E ContextImpl: 	at android.app.ActivityThread$H.handleMessage(ActivityThread.java:1657)
11-04 14:30:27.806  2334  2334 E ContextImpl: 	at android.os.Handler.dispatchMessage(Handler.java:106)
11-04 14:30:27.806  2334  2334 E ContextImpl: 	at android.os.Looper.loop(Looper.java:193)
11-04 14:30:27.806  2334  2334 E ContextImpl: 	at android.app.ActivityThread.main(ActivityThread.java:6746)
11-04 14:30:27.806  2334  2334 E ContextImpl: 	at java.lang.reflect.Method.invoke(Native Method)
11-04 14:30:27.806  2334  2334 E ContextImpl: 	at com.android.internal.os.RuntimeInit$MethodAndArgsCaller.run(RuntimeInit.java:493)
11-04 14:30:27.806  2334  2334 E ContextImpl: 	at com.android.internal.os.ZygoteInit.main(ZygoteInit.java:858)
11-04 14:30:27.811  2334  2334 W ContextImpl: Failed to ensure /data/user_de/0/jp.kyocera.thermalmonitor/code_cache: mkdir failed: ENOENT (No such file or directory)
11-04 14:30:27.811  2334  2334 W ContextImpl: Failed to update user.inode_code_cache: stat failed: ENOENT (No such file or directory)
11-04 14:30:27.815  2365  2365 I Perf    : Connecting to perf service.
11-04 14:30:27.823  2386  2386 E d.process.acor: Not starting debugger since process cannot load the jdwp agent.
11-04 14:30:27.830  2342  2342 I Perf    : Connecting to perf service.
11-04 14:30:27.845  2395  2395 E d.process.medi: Not starting debugger since process cannot load the jdwp agent.
11-04 14:30:27.848  2326  2326 D EmailContent: init for com.android.email.provider
11-04 14:30:27.850  1193  1219 D ActivityManager: Raise procstate to external provider: ProcessRecord{9d46b5c 2386:android.process.acore/u0a6}
11-04 14:30:27.863  2365  2365 W Settings: Setting airplane_mode_on has moved from android.provider.Settings.System to android.provider.Settings.Global, returning read-only value.
11-04 14:30:27.877  1193  1872 D ActivityManager: Raise procstate to external provider: ProcessRecord{9d46b5c 2386:android.process.acore/u0a6}
11-04 14:30:27.880   769   916 D CommandListener: [netd DEBUG] Receive Netd Command [bandwidth addniceapps 10031]
11-04 14:30:27.927  2365  2426 D OpenGLRenderer: Skia GL Pipeline
11-04 14:30:27.929  2326  2423 D ActivityThread: Loading provider com.android.email.provider;com.android.email.notifier;com.android.email.uinotifications: com.android.email.provider.EmailProvider
11-04 14:30:27.946  2326  2424 D ActivityThread: Loading provider com.android.email.provider;com.android.email.notifier;com.android.email.uinotifications: com.android.email.provider.EmailProvider
11-04 14:30:27.952  2365  2365 D CarrierText: onFinishInflate mSeparator:  
11-04 14:30:27.959  2386  2386 I Perf    : Connecting to perf service.
11-04 14:30:28.017  2395  2395 I Perf    : Connecting to perf service.
11-04 14:30:28.062  2395  2395 I d.process.medi: The ClassLoaderContext is a special shared library.
11-04 14:30:28.073  1193  1193 V SettingsProvider: Notifying for 0: content://settings/secure/dialpad_showing
11-04 14:30:28.075  2386  2386 I ContactsPerf: VoicemailContentProvider.onCreate start
11-04 14:30:28.095  2386  2386 I ContactsPerf: VoicemailContentProvider.onCreate finish
11-04 14:30:28.116  2365  2365 D KeyguardUpdateMonitor: received broadcast android.intent.action.BATTERY_CHANGED
11-04 14:30:28.116  2365  2365 D KeyguardUpdateMonitor: received broadcast android.intent.action.SIM_STATE_CHANGED
11-04 14:30:28.117  2365  2365 V KeyguardUpdateMonitor: action=android.intent.action.SIM_STATE_CHANGED, state=ABSENT, slotId=0, subId=2147483643
11-04 14:30:28.117  2365  2365 D KeyguardUpdateMonitor: received broadcast android.intent.action.SIM_STATE_CHANGED
11-04 14:30:28.117  2365  2365 V KeyguardUpdateMonitor: action=android.intent.action.SIM_STATE_CHANGED, state=ABSENT, slotId=0, subId=2147483643
11-04 14:30:28.117  2365  2365 D KeyguardUpdateMonitor: received broadcast android.provider.Telephony.SPN_STRINGS_UPDATED
11-04 14:30:28.117  2365  2365 D KeyguardUpdateMonitor: received broadcast android.intent.action.SERVICE_STATE
11-04 14:30:28.119  2365  2365 D KeyguardUpdateMonitor: ACTION_SERVICE_STATE_CHANGED on sub: 2147483643 showSpn:null showPlmn:null mServiceStates: {mVoiceRegState=1(OUT_OF_SERVICE), mDataRegState=1(OUT_OF_SERVICE), mChannelNumber=5230, duplexMode()=0, mCellBandwidths=[], mVoiceRoamingType=home, mDataRoamingType=home, mVoiceOperatorAlphaLong=, mVoiceOperatorAlphaShort=, mDataOperatorAlphaLong=, mDataOperatorAlphaShort=, isManualNetworkSelection=false(automatic), mRilVoiceRadioTechnology=14(LTE), mRilDataRadioTechnology=0(Unknown), mCssIndicator=unsupported, mNetworkId=-1, mSystemId=-1, mCdmaRoamingIndicator=-1, mCdmaDefaultRoamingIndicator=-1, mIsEmergencyOnly=true, mIsDataRoamingFromRegistration=false, mIsUsingCarrierAggregation=false, mLteEarfcnRsrpBoost=0, mNetworkRegistrationStates=[]}
11-04 14:30:28.119  2365  2365 D KeyguardUpdateMonitor: received broadcast android.media.RINGER_MODE_CHANGED
11-04 14:30:28.131  2386  2386 I d.process.acor: The ClassLoaderContext is a special shared library.
11-04 14:30:28.163  2365  2365 V KeyguardUpdateMonitor: *** register callback for jp.kyocera.kyocerahome.CarrierText$1@6776621
11-04 14:30:28.163  2365  2365 V KeyguardUpdateMonitor: *** unregister callback for null
11-04 14:30:28.164  2365  2365 D CarrierText: updateCarrierText(): 0
11-04 14:30:28.165  2365  2365 D CarrierText: Getting plmn/spn sticky brdcst Emergency calls only/
11-04 14:30:28.166  2365  2365 D CarrierText: getCarrierTextForSimState: status=SimIoError text=
11-04 14:30:28.166  2365  2365 D CarrierText: getCarrierTextForSimState: carrierText=null
11-04 14:30:28.167  2365  2365 D CarrierText: onTelephonyCapable() mTelephonyCapable: false
11-04 14:30:28.183  2386  2386 I d.process.acor: The ClassLoaderContext is a special shared library.
11-04 14:30:28.190  1193  1498 W ContextImpl: Calling a method in the system process without a qualified user: android.app.ContextImpl.sendBroadcast:1005 com.kyocera.pointer.KcPointerManagerService.changePict:334 com.kyocera.pointer.KcPointerManagerService.handleChangePointer:285 com.kyocera.pointer.KcPointerManagerService.access$500:37 com.kyocera.pointer.KcPointerManagerService$MyHandler.handleMessage:138 
11-04 14:30:28.192  2365  2442 I Adreno  : QUALCOMM build                   : d09b173, I862555663d
11-04 14:30:28.192  2365  2442 I Adreno  : Build Date                       : 10/28/19
11-04 14:30:28.192  2365  2442 I Adreno  : OpenGL ES Shader Compiler Version: EV031.25.03.07
11-04 14:30:28.192  2365  2442 I Adreno  : Local Branch                     : 
11-04 14:30:28.192  2365  2442 I Adreno  : Remote Branch                    : 
11-04 14:30:28.192  2365  2442 I Adreno  : Remote Branch                    : 
11-04 14:30:28.192  2365  2442 I Adreno  : Reconstruct Branch               : 
11-04 14:30:28.192  2365  2442 I Adreno  : Build Config                     : S L 4.0.10 AArch32
11-04 14:30:28.199  2365  2442 I Adreno  : PFP: 0x00c60400, ME: 0x003ff041
11-04 14:30:28.200  2365  2365 D KeyguardUpdateMonitor: handleBatteryUpdate
11-04 14:30:28.200  2365  2365 D KeyguardUpdateMonitor: handleSimStateChange: intentValue = ABSENT state resolved to ABSENTcurrent sim state = UNKNOWN subId=2147483643slotId = 0
11-04 14:30:28.201  2365  2365 D CarrierText: onSimStateChanged: SimMissing
11-04 14:30:28.201  2365  2365 D KeyguardUpdateMonitor: updateTelephonyCapable capable=true
11-04 14:30:28.201  2365  2365 D CarrierText: onTelephonyCapable() mTelephonyCapable: true
11-04 14:30:28.201  2365  2365 D KeyguardUpdateMonitor: handleRingerModeChange(2)
11-04 14:30:28.209  1193  1723 D ActivityManager: Raise procstate to external provider: ProcessRecord{9d46b5c 2386:android.process.acore/u0a6}
11-04 14:30:28.211  2365  2365 V KeyguardUpdateMonitor: onSubscriptionInfoChanged()
11-04 14:30:28.214  2365  2365 V KeyguardUpdateMonitor: onSubscriptionInfoChanged: list is null
11-04 14:30:28.215  2365  2365 D CarrierText: updateCarrierText(): 0
11-04 14:30:28.221  1193  1723 I chatty  : uid=1000(system) Binder:1193_6 identical 7 lines
11-04 14:30:28.221  1193  1723 D ActivityManager: Raise procstate to external provider: ProcessRecord{9d46b5c 2386:android.process.acore/u0a6}
11-04 14:30:28.222  2386  2438 D ContactsDatabaseHelper: WAL enabled for contacts2.db: false
11-04 14:30:28.222  2365  2442 I ConfigStore: android::hardware::configstore::V1_0::ISurfaceFlingerConfigs::hasWideColorDisplay retrieved: 0
11-04 14:30:28.224  2365  2442 I ConfigStore: android::hardware::configstore::V1_0::ISurfaceFlingerConfigs::hasHDRDisplay retrieved: 0
11-04 14:30:28.224  2365  2442 I OpenGLRenderer: Initialized EGL, version 1.4
11-04 14:30:28.225  2365  2442 D OpenGLRenderer: Swap behavior 2
11-04 14:30:28.227  2365  2365 D CarrierText: Getting plmn/spn sticky brdcst Emergency calls only/
11-04 14:30:28.228  2365  2365 D CarrierText: getCarrierTextForSimState: status=SimIoError text=
11-04 14:30:28.228  2365  2365 D CarrierText: getCarrierTextForSimState: carrierText=null
11-04 14:30:28.241  2365  2365 I android_os_HwBinder: HwBinder: Starting thread pool for default::vendor.kyocera.hardware.kcjprop@1.0::IKcjprop
11-04 14:30:28.290  2326  2423 E m.android.emai: Invalid ID 0x00000000.
11-04 14:30:28.377  2326  2423 D KcEmail : Fixing parent keys
11-04 14:30:28.406  2326  2326 I New email: EmailBroadcastReceiver intent=Intent { act=android.intent.action.MEDIA_MOUNTED dat=file:///storage/emulated/0 flg=0x5000010 cmp=com.android.email/.service.EmailBroadcastReceiver (has extras) }
11-04 14:30:28.409  2326  2424 D KcEmail : reconcileAccountsInternal
11-04 14:30:28.423  1193  1516 W ActivityManager: Unable to start service Intent { cmp=com.android.email/.service.AttachmentService } U=0: not found
11-04 14:30:28.424  1193  1723 W ActivityManager: Unable to start service Intent { cmp=com.android.email/.service.AttachmentService } U=0: not found
11-04 14:30:28.429  2326  2451 I New email: EmailBroadcastProcessorService onHandleIntent action=broadcast_receiver
11-04 14:30:28.429  2326  2451 I New email: EmailBroadcastProcessorService onHandleIntent broadcastAction=broadcast_receiver
11-04 14:30:28.440  2326  2424 D KcEmail : Enabling EAS authenticator
11-04 14:30:28.443  1193  1241 I ActivityManager: Start proc 2454:com.android.exchange/u0a41 for service com.android.exchange/.service.EasService
11-04 14:30:28.445  2326  2451 D KcEmail : getStorageFirstFromSharePreferences resString=unmounted
11-04 14:30:28.445  2326  2451 D KcEmail : saveStorageFirstToSharePreferences device=mounted
11-04 14:30:28.447  1193  1723 W ActivityManager: Unable to start service Intent { cmp=com.android.email/.service.AttachmentService } U=0: not found
11-04 14:30:28.447  2326  2451 D KcEmail : isRunningProcess isActivity=false
11-04 14:30:28.458  2326  2423 D KcEmail : UIPROVIDER_ALL_ACCOUNTS_NOTIFIER is content://com.android.email.uinotifications/uiaccts
11-04 14:30:28.460  2326  2424 D KcEmail : reconcileAccountsInternal
11-04 14:30:28.463  2326  2424 D KcEmail : Enabling EAS authenticator
11-04 14:30:28.463  2326  2326 D KcEmail : Cursor with 0 accounts returned
11-04 14:30:28.470  2326  2452 I KcEmail : Observing account changes for notifications
11-04 14:30:28.472  2326  2452 I KcEmail : Observing setttings of CALL_RESTRICT_OUTGOING changes for notifications
11-04 14:30:28.472  2326  2432 D KcEmail : reconcileAccountsInternal
11-04 14:30:28.474  2326  2452 I KcEmail : Observing setttings of CALL_RESTRICT_INCOMING changes for notifications
11-04 14:30:28.477  2454  2454 E ndroid.exchang: Not starting debugger since process cannot load the jdwp agent.
11-04 14:30:28.477  2326  2432 D KcEmail : Enabling EAS authenticator
11-04 14:30:28.486  2386  2438 D ContactsDatabaseHelper: WAL enabled for profile.db: false
11-04 14:30:28.518  2454  2454 I ndroid.exchang: The ClassLoaderContext is a special shared library.
11-04 14:30:28.557  2454  2454 I Perf    : Connecting to perf service.
11-04 14:30:28.610  2454  2454 D EmailContent: init for com.android.email.provider
11-04 14:30:28.620  1973  1973 E kdfs_api: kdfs_get_touch_device_info: FD open Error. errno=2
11-04 14:30:28.622  2326  2370 D KcEmail : EmailProvider#call(fix_parent_keys, )
11-04 14:30:28.623  2326  2370 D KcEmail : Fixing parent keys
11-04 14:30:28.630  2454  2454 I Exchange: EasService.onCreate
11-04 14:30:28.641  2454  2470 I Exchange: RestartPingTask
11-04 14:30:28.672  2454  2454 I Exchange: RestartPingsTask did not start any pings.
11-04 14:30:28.672  2454  2454 I Exchange: PSS stopIfIdle
11-04 14:30:28.672  2454  2454 I Exchange: PSS has no active accounts; stopping service.
11-04 14:30:28.676  2454  2454 I Exchange: onDestroy
11-04 14:30:28.681  1193  1241 I ActivityManager: Start proc 2473:com.android.mms/u0a34 for broadcast com.android.mms/.transaction.MmsSystemEventReceiver
11-04 14:30:28.688  2473  2473 E com.android.mm: Not starting debugger since process cannot load the jdwp agent.
11-04 14:30:28.733  2473  2473 I com.android.mm: The ClassLoaderContext is a special shared library.
11-04 14:30:28.760  2386  2438 D ContactDirectoryManager: Found com.android.exchange.directory.provider
11-04 14:30:28.806  2473  2473 I Perf    : Connecting to perf service.
11-04 14:30:28.881  2473  2473 I android_os_HwBinder: HwBinder: Starting thread pool for default::vendor.kyocera.hardware.kcjprop@1.0::IKcjprop
11-04 14:30:28.884  2473  2473 I TransferWrapper: get: onValues ret=0 outData:6245
11-04 14:30:28.885  2473  2473 I TransferWrapper: onValues(int, String) callback was synchronous. No need to wait
11-04 14:30:28.891  2473  2473 I TransferWrapper: get: onValues ret=0 outData:X-VzW-MDN:<MDN>
11-04 14:30:28.891  2473  2473 I TransferWrapper: onValues(int, String) callback was synchronous. No need to wait
11-04 14:30:28.920  1767  1802 I SmsApplication: getApplicationCollectionInternal packageName=com.android.mms smsApplicationData:  mPackageName: com.android.mms mSmsReceiverClass: com.android.mms.transaction.PrivilegedSmsReceiver mMmsReceiverClass: com.android.mms.transaction.PushReceiver mRespondViaMessageClass: com.android.mms.ui.NoConfirmationSendService mSendToClass: com.android.mms.ui.ComposeMessageActivity mSmsAppChangedClass: null mProviderChangedReceiverClass: null mSimFullReceiverClass: null mUid: 10034 activityInfo.name: com.android.mms.transaction.SmsReceiver
11-04 14:30:28.926  2473  2473 I SmsApplication: getApplicationCollectionInternal packageName=com.android.mms smsApplicationData:  mPackageName: com.android.mms mSmsReceiverClass: com.android.mms.transaction.PrivilegedSmsReceiver mMmsReceiverClass: com.android.mms.transaction.PushReceiver mRespondViaMessageClass: com.android.mms.ui.NoConfirmationSendService mSendToClass: com.android.mms.ui.ComposeMessageActivity mSmsAppChangedClass: null mProviderChangedReceiverClass: null mSimFullReceiverClass: null mUid: 10034 activityInfo.name: com.android.mms.transaction.SmsReceiver
11-04 14:30:28.938   769   916 D CommandListener: [netd DEBUG] Receive Netd Command [bandwidth addniceapps 10034]
11-04 14:30:28.957  2473  2501 I SmsApplication: getApplicationCollectionInternal packageName=com.android.mms smsApplicationData:  mPackageName: com.android.mms mSmsReceiverClass: com.android.mms.transaction.PrivilegedSmsReceiver mMmsReceiverClass: com.android.mms.transaction.PushReceiver mRespondViaMessageClass: com.android.mms.ui.NoConfirmationSendService mSendToClass: com.android.mms.ui.ComposeMessageActivity mSmsAppChangedClass: null mProviderChangedReceiverClass: null mSimFullReceiverClass: null mUid: 10034 activityInfo.name: com.android.mms.transaction.SmsReceiver
11-04 14:30:28.967  1767  1935 I SmsApplication: getApplicationCollectionInternal packageName=com.android.mms smsApplicationData:  mPackageName: com.android.mms mSmsReceiverClass: com.android.mms.transaction.PrivilegedSmsReceiver mMmsReceiverClass: com.android.mms.transaction.PushReceiver mRespondViaMessageClass: com.android.mms.ui.NoConfirmationSendService mSendToClass: com.android.mms.ui.ComposeMessageActivity mSmsAppChangedClass: null mProviderChangedReceiverClass: null mSimFullReceiverClass: null mUid: 10034 activityInfo.name: com.android.mms.transaction.SmsReceiver
