--------- beginning of system
01-01 04:36:48.255   404   418 I QISL    : QSEE Interrupt Service Listener Thread is started
01-01 04:36:48.255   404   418 I QISL    : QSEE Interrupt Service Listener was activated successfully
01-01 04:36:48.563   429   429 I vold    : Vold 3.0-tuxera (the awakening) firing up
01-01 04:36:48.564   429   429 V vold    : Detected support for: ext4 f2fs vfat
01-01 04:36:48.577   429   429 V vold    : Found unmanaged dm device named product
01-01 04:36:48.577   429   429 V vold    : Found unmanaged dm device named vroot
01-01 04:36:48.577   429   429 V vold    : Found unmanaged dm device named vendor
01-01 04:36:48.578   429   429 W vold    : Failed to LOOP_GET_STATUS64 /dev/block/loop0: No such device or address
01-01 04:36:48.578   429   429 W vold    : Failed to LOOP_GET_STATUS64 /dev/block/loop2: No such device or address
01-01 04:36:48.578   429   429 W vold    : Failed to LOOP_GET_STATUS64 /dev/block/loop4: No such device or address
01-01 04:36:48.578   429   429 W vold    : Failed to LOOP_GET_STATUS64 /dev/block/loop3: No such device or address
01-01 04:36:48.578   429   429 W vold    : Failed to LOOP_GET_STATUS64 /dev/block/loop6: No such device or address
01-01 04:36:48.578   429   429 W vold    : Failed to LOOP_GET_STATUS64 /dev/block/loop1: No such device or address
01-01 04:36:48.578   429   429 W vold    : Failed to LOOP_GET_STATUS64 /dev/block/loop5: No such device or address
01-01 04:36:48.578   429   429 W vold    : Failed to LOOP_GET_STATUS64 /dev/block/loop7: No such device or address
01-01 04:36:48.578   429   429 I vold    : line : emulated
01-01 04:36:48.583   429   429 D vold    : VoldNativeService::start() completed OK
01-01 04:36:48.583   429   433 D vold    : e4crypt_init_user0
01-01 04:36:48.584   429   433 D vold    : e4crypt_prepare_user_storage for volume null, user 0, serial 0, flags 1
01-01 04:36:48.584   429   433 D vold    : Preparing: /data/system/users/0
01-01 04:36:48.584   429   433 D vold    : Preparing: /data/misc/profiles/cur/0
01-01 04:36:48.584   429   433 D vold    : Preparing: /data/system_de/0
01-01 04:36:48.584   429   433 D vold    : Preparing: /data/misc_de/0
01-01 04:36:48.584   429   433 D vold    : Preparing: /data/vendor_de/0
01-01 04:36:48.584   429   433 D vold    : Preparing: /data/user_de/0
01-01 04:36:48.584   429   433 V vold    : /system/bin/vold_prepare_subdirs
01-01 04:36:48.584   429   433 V vold    :     prepare
01-01 04:36:48.584   429   433 V vold    :     
01-01 04:36:48.584   429   433 V vold    :     0
01-01 04:36:48.584   429   433 V vold    :     1
01-01 04:36:48.637   429   433 D vold    : e4crypt_unlock_user_key 0 serial=0 token_present=0
01-01 04:36:48.637   429   433 E vold    : Failed to chmod /data/system_ce/0: No such file or directory
01-01 04:36:48.637   429   433 E vold    : Failed to chmod /data/misc_ce/0: No such file or directory
01-01 04:36:48.637   429   433 E vold    : Failed to chmod /data/media/0: No such file or directory
01-01 04:36:50.139   516   516 I irsc_util: Starting irsc tool
01-01 04:36:50.155   494   494 I android.hardware.wifi@1.0-service: Wifi Hal is booting up...
01-01 04:36:50.187   516   516 I irsc_util: Num of entries:296
01-01 04:36:50.221   516   516 I irsc_util: Ending irsc tool
01-01 04:36:50.563   429   555 I Cryptfs : cryptfs_check_passwd
01-01 04:36:50.572   429   555 D         : HW based disk encryption is enabled 
01-01 04:36:50.573   429   555 D Cryptfs : crypt_ftr->fs_size = 21667808
01-01 04:36:50.573   429   555 D         : HW based disk encryption is enabled 
01-01 04:36:50.577   429   555 E         : could not find any keystore module
01-01 04:36:50.577   429   555 I Cryptfs : Using scrypt with keymaster for cryptfs KDF
01-01 04:36:51.397   429   555 I Cryptfs : Signing safely-padded object
01-01 04:36:51.409   429   555 I vold    : List of Keymaster HALs found:
01-01 04:36:51.410   429   555 I vold    : Keymaster HAL #1: Keymaster HAL: 4 from QTI SecurityLevel: TRUSTED_ENVIRONMENT HAL: android.hardware.keymaster@4.0::IKeymasterDevice/default
01-01 04:36:51.411   429   555 D vold    : Computing HMAC with params { (seed: b525d5193cddf9629e9bfd663c7321051a34cbc15f7cdd6af5bcffa35bc8e, nonce: f9abeb247f1e6cdd7823f7e26e375f63f93b6613931475b7992d8a32a25cd45a) }
01-01 04:36:51.411   429   555 D vold    : Computing HMAC for Keymaster HAL: 4 from QTI SecurityLevel: TRUSTED_ENVIRONMENT HAL: android.hardware.keymaster@4.0::IKeymasterDevice/default
01-01 04:36:51.414   429   555 I vold    : Using Keymaster HAL: 4 from QTI for encryption.  Security level: TRUSTED_ENVIRONMENT, HAL: android.hardware.keymaster@4.0::IKeymasterDevice/default
01-01 04:36:52.301   429   555 D         : HW based disk encryption is enabled 
01-01 04:36:52.301   429   555 E         : get_tmp_passwd: Passed argument is NULL 
01-01 04:36:52.798   429   555 E         : SUCESS::ioctl call to create encryption key for usage 4 success with ret = 0
01-01 04:36:52.811   429   555 D         : HW based disk encryption is enabled 
01-01 04:36:52.811   429   555 I Cryptfs : Extra parameters for dm_crypt: fde_enabled ice
01-01 04:36:52.811   429   555 D         : HW based disk encryption is enabled 
01-01 04:36:52.811   429   555 I Cryptfs : target_type = req-crypt
01-01 04:36:52.811   429   555 I Cryptfs : real_blk_name = /dev/block/bootdevice/by-name/userdata, extra_params = fde_enabled ice
01-01 04:36:52.813   429   432 D vold    : Disk at 253:3 changed
01-01 04:36:52.853   429   555 I vold    : wait for '/dev/block/dm-3' took 40ms
01-01 04:36:52.854   429   555 D Cryptfs : Password is default - restarting filesystem
01-01 04:36:52.917   429   555 D Cryptfs : unmounting /data succeeded
01-01 04:36:52.917   429   555 I vold    : [libfs_mgr]Running /system/bin/fsck.f2fs -a /dev/block/dm-3
01-01 04:36:53.105   429   555 I vold    : [libfs_mgr]__mount(source=/dev/block/dm-3,target=/data,type=f2fs)=0: Success
01-01 04:36:53.108   772   772 I wificond: wificond is starting up...
01-01 04:36:53.108   753   753 I imsrcsd : Starting Service for First Time imsbaseimpl
01-01 04:36:53.108   429   555 D Cryptfs : Just triggered post_fs_data
01-01 04:36:53.136   753   753 I imsrcsd : ImsRcsBaseImpl CM_IMSCONNECTIONMANAGER_CREATE_CONNECTION Before Registering Service
01-01 04:36:53.140   753   753 I imsrcsd : ImsRcsBaseImpl CM_IMSCONNECTIONMANAGER_CREATE_CONNECTION After Registering Service
01-01 04:36:53.178   753   753 I imsrcsd : ImsRcsBaseImpl ImsCallInfo After Registering Service
01-01 04:36:53.235   429   431 D vold    : e4crypt_init_user0
01-01 04:36:53.235   429   431 D vold    : e4crypt_prepare_user_storage for volume null, user 0, serial 0, flags 1
01-01 04:36:53.235   429   431 D vold    : Preparing: /data/system/users/0
01-01 04:36:53.235   429   431 D vold    : Preparing: /data/misc/profiles/cur/0
01-01 04:36:53.236   429   431 D vold    : Preparing: /data/system_de/0
01-01 04:36:53.236   429   431 D vold    : Preparing: /data/misc_de/0
01-01 04:36:53.237   429   431 D vold    : Preparing: /data/vendor_de/0
01-01 04:36:53.237   429   431 D vold    : Preparing: /data/user_de/0
01-01 04:36:53.237   429   431 V vold    : /system/bin/vold_prepare_subdirs
01-01 04:36:53.238   429   431 V vold    :     prepare
01-01 04:36:53.238   429   431 V vold    :     
01-01 04:36:53.238   429   431 V vold    :     0
01-01 04:36:53.238   429   431 V vold    :     1
01-01 04:36:53.288   429   431 D vold    : e4crypt_unlock_user_key 0 serial=0 token_present=0
01-01 04:36:53.355   429   555 D Cryptfs : post_fs_data done
01-01 04:36:53.356   429   555 D Cryptfs : Just triggered restart_framework
01-01 04:36:53.566   753   753 I imsrcsd : Uce Service HAL  is starting up...
01-01 04:36:53.896   762   762 I installd: installd firing up
01-01 04:36:54.119   753   753 I imsrcsd : Uce Service HAL  loading imsrcsbaseimpl
01-01 04:36:57.282  1211  1211 I imsrcsd : Uce Service HAL  is starting up...
01-01 04:36:57.283  1211  1211 I imsrcsd : getAndroidPropValue : vendor.ims.DATA_DAEMON_STATUS[1]
01-01 04:36:57.394  1193  1193 I SystemServer: InitBeforeStartServices
01-01 04:36:57.395  1193  1193 W SystemServer: System clock is before 1970; setting to 1970.
01-01 04:36:57.396  1193  1193 I SystemServer: Entered the Android system server!
01-01 04:36:57.718  1193  1193 I SystemServer: StartServices
01-01 04:36:57.718  1193  1193 I SystemServer: Reading configuration...
01-01 04:36:57.718  1193  1193 I SystemServer: ReadingSystemConfig
01-01 04:36:57.719  1193  1193 I SystemServer: StartInstaller
01-01 04:36:57.719  1193  1193 I SystemServiceManager: Starting com.android.server.pm.Installer
01-01 04:36:57.722  1193  1193 I SystemServer: DeviceIdentifiersPolicyService
01-01 04:36:57.722  1193  1193 I SystemServiceManager: Starting com.android.server.os.DeviceIdentifiersPolicyService
01-01 04:36:57.723  1193  1193 I SystemServer: StartActivityManager
01-01 04:36:57.724  1193  1193 I SystemServiceManager: Starting com.android.server.am.ActivityManagerService$Lifecycle
01-01 04:36:57.758  1193  1193 I ActivityManager: Memory class: 128
01-01 04:36:57.775  1193  1193 D BatteryStatsImpl: Reading daily items from /data/system/batterystats-daily.xml
01-01 04:36:57.808  1193  1246 E BatteryExternalStatsWorker: no controller energy info supplied for telephony
01-01 04:36:57.808  1193  1246 I KernelUidCpuFreqTimeReader: mPerClusterTimesAvailable=true
01-01 04:36:57.825  1193  1246 W KernelCpuProcReader: File not exist: /proc/uid_cpupower/time_in_state
01-01 04:36:57.826  1193  1246 W KernelCpuProcReader: File not exist: /proc/uid_cpupower/concurrent_active_time
01-01 04:36:57.827  1193  1246 W KernelCpuProcReader: File not exist: /proc/uid_cpupower/concurrent_policy_time
01-01 04:36:57.827  1193  1246 E KernelCpuSpeedReader: Failed to read cpu-freq: /sys/devices/system/cpu/cpu0/cpufreq/stats/time_in_state (No such file or directory)
01-01 04:36:57.833  1193  1246 W KernelMemoryBandwidthStats: No kernel memory bandwidth stats available
01-01 04:36:57.959  1193  1193 W AppOps  : Unknown attribute in 'op' tag: n
01-01 04:36:57.981  1193  1193 I chatty  : uid=1000 system_server identical 212 lines
01-01 04:36:57.981  1193  1193 W AppOps  : Unknown attribute in 'op' tag: n
01-01 04:36:57.986  1193  1193 I IntentFirewall: Read new rules (A:0 B:0 S:0)
01-01 04:36:57.993  1193  1193 D AppOps  : AppOpsService published
01-01 04:36:58.016  1193  1193 I SystemServer: StartPowerManager
01-01 04:36:58.016  1193  1193 I SystemServiceManager: Starting com.android.server.power.PowerManagerService
01-01 04:36:58.042  1193  1193 I SystemServer: InitPowerManagement
01-01 04:36:58.043  1193  1193 I SystemServer: StartRecoverySystemService
01-01 04:36:58.043  1193  1193 I SystemServiceManager: Starting com.android.server.RecoverySystemService
01-01 04:36:58.046  1193  1193 W RescueParty: Noticed 1 events for UID 0 in last 15 sec
01-01 04:36:58.046  1193  1193 I SystemServer: StartLightsService
01-01 04:36:58.046  1193  1193 I SystemServiceManager: Starting com.android.server.lights.LightsService
01-01 04:36:58.047  1193  1193 I SystemServer: StartSidekickService
01-01 04:36:58.047  1193  1193 I SystemServer: StartDisplayManager
01-01 04:36:58.047  1193  1193 I SystemServiceManager: Starting com.android.server.display.DisplayManagerService
01-01 04:36:58.052  1193  1193 I SystemServer: WaitForDisplay
01-01 04:36:58.052  1193  1193 I SystemServiceManager: Starting phase 100
01-01 04:36:58.059  1193  1256 I DisplayManagerService: Display device added: DisplayDeviceInfo{"Built-in Screen": uniqueId="local:0", 240 x 320, modeId 1, defaultModeId 1, supportedModes [{id=1, width=240, height=320, fps=60.000004}], colorMode 0, supportedColorModes [0], HdrCapabilities android.view.Display$HdrCapabilities@40f16308, density 120, 152.4 x 153.358 dpi, appVsyncOff 1000000, presDeadline 16666666, touch INTERNAL, rotation 0, type BUILT_IN, state UNKNOWN, FLAG_DEFAULT_DISPLAY, FLAG_ROTATES_WITH_CONTENT, FLAG_SECURE, FLAG_SUPPORTS_PROTECTED_BUFFERS}
01-01 04:36:58.064  1193  1256 I DisplayManagerService: Display device changed state: "Built-in Screen", ON
01-01 04:36:58.064  1193  1193 I SystemServer: StartPackageManagerService
01-01 04:36:58.087  1193  1193 D SELinuxMMAC: Using policy file /system/etc/selinux/plat_mac_permissions.xml
01-01 04:36:58.090  1193  1193 D SELinuxMMAC: Using policy file /vendor/etc/selinux/vendor_mac_permissions.xml
01-01 04:36:58.122  1193  1257 W ProcessCpuTracker: Skipping unknown process pid 1252
01-01 04:36:58.924  1193  1193 W PackageManager: Failed to parse /system/framework/arm: Missing base APK in /system/framework/arm
01-01 04:36:58.924  1193  1193 W PackageManager: Failed to parse /system/framework/oat: Missing base APK in /system/framework/oat
01-01 04:36:59.052  1193  1312 W PackageParser: Ignoring duplicate uses-permissions/uses-permissions-sdk-m: android.permission.MANAGE_NETWORK_POLICY in package: com.android.phone at: Binary XML file line #205
01-01 04:36:59.189  1193  1311 W PackageParser: Ignoring duplicate uses-permissions/uses-permissions-sdk-m: android.permission.RECEIVE_BOOT_COMPLETED in package: com.android.browser at: Binary XML file line #62
01-01 04:36:59.198  1193  1314 W PackageParser: Ignoring duplicate uses-permissions/uses-permissions-sdk-m: android.permission.WRITE_APN_SETTINGS in package: com.kyocera.apnsetting at: Binary XML file line #18
01-01 04:36:59.212  1193  1312 W PackageParser: No actions in intent filter at /system/priv-app/MusicPlayer/MusicPlayer.apk Binary XML file line #158
01-01 04:36:59.212  1193  1312 W PackageParser: No actions in intent filter at /system/priv-app/MusicPlayer/MusicPlayer.apk Binary XML file line #164
01-01 04:36:59.213  1193  1312 W PackageParser: No actions in intent filter at /system/priv-app/MusicPlayer/MusicPlayer.apk Binary XML file line #210
01-01 04:36:59.256  1193  1312 W PackageParser: Ignoring duplicate uses-permissions/uses-permissions-sdk-m: android.permission.RECEIVE_SMS in package: com.qualcomm.location at: Binary XML file line #48
01-01 04:36:59.256  1193  1312 W PackageParser: Ignoring duplicate uses-permissions/uses-permissions-sdk-m: android.permission.RECEIVE_WAP_PUSH in package: com.qualcomm.location at: Binary XML file line #49
01-01 04:36:59.285  1193  1311 W PackageParser: Ignoring duplicate uses-permissions/uses-permissions-sdk-m: android.permission.INSTALL_GRANT_RUNTIME_PERMISSIONS in package: com.android.shell at: Binary XML file line #111
01-01 04:36:59.337   771   967 E storaged: getService package_native failed
01-01 04:36:59.358   771   967 I storaged: storaged: Start
01-01 04:36:59.358   771   967 E storaged: getDiskStats failed with result NOT_SUPPORTED and size 0
01-01 04:36:59.401  1193  1313 W PackageParser: Ignoring duplicate uses-permissions/uses-permissions-sdk-m: android.permission.WRITE_CONTACTS in package: com.android.email at: Binary XML file line #48
01-01 04:36:59.402  1193  1313 W PackageParser: Ignoring duplicate uses-permissions/uses-permissions-sdk-m: android.permission.WRITE_SECURE_SETTINGS in package: com.android.email at: Binary XML file line #71
01-01 04:36:59.531  1193  1313 W PackageParser: Ignoring duplicate uses-permissions/uses-permissions-sdk-m: android.permission.GET_TASKS in package: com.android.mms at: Binary XML file line #66
01-01 04:36:59.559  1193  1314 W PackageParser: Ignoring duplicate uses-permissions/uses-permissions-sdk-m: android.permission.CONFIGURE_WIFI_DISPLAY in package: com.android.systemui at: Binary XML file line #141
01-01 04:36:59.606  1193  1312 W PackageParser: No actions in intent filter at /system/priv-app/KyoceraContacts/KyoceraContacts.apk Binary XML file line #630
01-01 04:36:59.723  1193  1193 W PackageManager: Skipping provider name com.android.browser (in package com.android.bookmarkprovider): name already used by com.android.browser
01-01 04:36:59.723  1193  1193 W PackageManager: Skipping provider name browser (in package com.android.bookmarkprovider): name already used by com.android.browser
01-01 04:36:59.762  1193  1341 W PackageParser: No actions in intent filter at /system/app/PicoTts/PicoTts.apk Binary XML file line #91
01-01 04:36:59.866  1193  1343 W PackageParser: No actions in intent filter at /system/app/CarrierDefaultApp/CarrierDefaultApp.apk Binary XML file line #54
01-01 04:36:59.883  1193  1341 W PackageParser: No actions in intent filter at /system/app/Bluetooth/Bluetooth.apk Binary XML file line #220
01-01 04:37:00.003  1193  1354 W PackageParser: Unknown element under <manifest>: meta-data at /product/priv-app/kcDialer/kcDialer.apk Binary XML file line #164
01-01 04:37:00.045  1193  1353 W PackageParser: Ignoring duplicate uses-permissions/uses-permissions-sdk-m: android.permission.READ_BLOCKED_NUMBERS in package: jp.kyocera.kcPhoneSettings at: Binary XML file line #200
01-01 04:37:00.045  1193  1353 W PackageParser: Ignoring duplicate uses-permissions/uses-permissions-sdk-m: android.permission.WRITE_BLOCKED_NUMBERS in package: jp.kyocera.kcPhoneSettings at: Binary XML file line #201
01-01 04:37:00.045  1193  1353 W PackageParser: Ignoring duplicate uses-permissions/uses-permissions-sdk-m: android.permission.MANAGE_NETWORK_POLICY in package: jp.kyocera.kcPhoneSettings at: Binary XML file line #203
01-01 04:37:00.048  1193  1355 W PackageParser: Ignoring duplicate uses-permissions/uses-permissions-sdk-m: android.permission.WAKE_LOCK in package: com.verizon.obdm at: Binary XML file line #72
01-01 04:37:00.124  1193  1356 W PackageParser: Ignoring duplicate uses-permissions/uses-permissions-sdk-m: android.permission.READ_PRIVILEGED_PHONE_STATE in package: com.verizon.mips.services at: Binary XML file line #118
01-01 04:37:00.148  1193  1354 W PackageParser: Ignoring duplicate uses-permissions/uses-permissions-sdk-m: android.permission.READ_EXTERNAL_STORAGE in package: com.verizon.mdm.xvlte at: Binary XML file line #46
01-01 04:37:00.206  1193  1353 W PackageParser: Ignoring duplicate uses-permissions/uses-permissions-sdk-m: android.permission.GET_TASKS in package: com.ffm.kyocera at: Binary XML file line #30
01-01 04:37:00.206  1193  1353 W PackageParser: Ignoring duplicate uses-permissions/uses-permissions-sdk-m: android.permission.VIBRATE in package: com.ffm.kyocera at: Binary XML file line #40
01-01 04:37:00.366  1193  1379 W PackageParser: Ignoring duplicate uses-permissions/uses-permissions-sdk-m: android.permission.DEVICE_POWER in package: com.kyocera.timer at: Binary XML file line #23
01-01 04:37:00.431  1193  1378 W PackageParser: No actions in intent filter at /product/app/Alarm/Alarm.apk Binary XML file line #112
01-01 04:37:00.437  1193  1379 W PackageParser: No actions in intent filter at /product/app/WebViewer/WebViewer.apk Binary XML file line #22
01-01 04:37:00.483  1193  1378 W PackageParser: Ignoring duplicate uses-permissions/uses-permissions-sdk-m: android.permission.GET_TASKS in package: com.kyocera.flashlight at: Binary XML file line #20
01-01 04:37:00.738  1193  1193 I PackageManager: Finished scanning system apps. Time: 1850 ms, packageCount: 151 , timePerPackage: 12 , cached: 0
01-01 04:37:00.738  1193  1193 I PackageManager: Finished scanning non-system apps. Time: 1 ms, packageCount: 0 , timePerPackage: 0 , cached: 0
01-01 04:37:00.740  1193  1193 E PackageManager: There should probably be exactly one setup wizard; found 2: matches=[ResolveInfo{532c409 jp.kyocera.oemsetupwizard/.SetupWizardActivity p=4 m=0x108000}, ResolveInfo{64e660e com.android.provision/.DefaultActivity p=1 m=0x108000}]
01-01 04:37:00.742  1193  1193 E PackageManager: updateAllSharedLibrariesLPw failed: Package com.qualcomm.qcrilmsgtunnel requires unavailable shared library android.hidl.manager@1.0-java; failing!
01-01 04:37:00.743  1193  1193 E PackageManager: updateAllSharedLibrariesLPw failed: Package com.android.dialer requires unavailable shared library com.android.ims.rcsmanager; failing!
01-01 04:37:00.743  1193  1193 E PackageManager: updateAllSharedLibrariesLPw failed: Package com.android.email requires unavailable shared library jp.kyocera.mdm.MdmManager; failing!
01-01 04:37:00.744  1193  1193 E PackageManager: updateAllSharedLibrariesLPw failed: Package com.android.providers.contacts requires unavailable shared library android.pim.customvcard; failing!
01-01 04:37:00.759  1193  1193 I PackageManager: Time to scan packages: 1.871 seconds
01-01 04:37:00.773  1193  1193 V PackageManager: reconcileAppsData for null u0 0x3 migrateAppData=true
01-01 04:37:01.336  1193  1193 V PackageManager: reconcileAppsData finished 31 packages
01-01 04:37:01.662  1193  1193 I SystemServer: StartOtaDexOptService
01-01 04:37:01.663  1193  1193 D OTADexopt: No upgrade, skipping A/B artifacts check.
01-01 04:37:01.663  1193  1193 I SystemServer: StartUserManagerService
01-01 04:37:01.664  1193  1193 I SystemServiceManager: Starting com.android.server.pm.UserManagerService$LifeCycle
01-01 04:37:01.665  1193  1193 I SystemServer: InitAttributerCache
01-01 04:37:01.665  1193  1193 I SystemServer: SetSystemProcess
01-01 04:37:01.677  1193  1193 I SystemServer: StartOverlayManagerService
01-01 04:37:01.679  1193  1193 I SystemServer: StartBatteryService
01-01 04:37:01.679  1193  1193 I SystemServiceManager: Starting com.android.server.BatteryService
01-01 04:37:01.720  1193  1246 E KernelCpuSpeedReader: Failed to read cpu-freq: /sys/devices/system/cpu/cpu0/cpufreq/stats/time_in_state (No such file or directory)
01-01 04:37:01.728  1193  1246 E KernelCpuSpeedReader: Failed to read cpu-freq: /sys/devices/system/cpu/cpu0/cpufreq/stats/time_in_state (No such file or directory)
01-01 04:37:01.743  1193  1193 I HealthServiceWrapper: health: HealthServiceWrapper listening to instance default
01-01 04:37:01.743  1193  1193 I BatteryService: health: Waited 0ms and received the update.
01-01 04:37:01.746  1193  1193 W SystemServiceManager: Service com.android.server.BatteryService took 64 ms in onStart
01-01 04:37:01.746  1193  1193 I SystemServer: StartUsageService
01-01 04:37:01.746  1193  1193 I SystemServiceManager: Starting com.android.server.usage.UsageStatsService
01-01 04:37:01.763  1193  1193 I UsageStatsService: User[0] Rollover scheduled @ 1970-01-02 04:37:01(103021753)
01-01 04:37:01.763  1193  1193 I SystemServer: StartWebViewUpdateService
01-01 04:37:01.763  1193  1193 I SystemServiceManager: Starting com.android.server.webkit.WebViewUpdateService
01-01 04:37:01.767  1193  1193 I SystemServer: StartBinderCallsStatsService
01-01 04:37:01.768  1193  1193 I SystemServer: StartKeyAttestationApplicationIdProviderService
01-01 04:37:01.768  1193  1236 I SystemServer: SecondaryZygotePreload
01-01 04:37:01.769  1193  1193 I SystemServer: StartKeyChainSystemService
01-01 04:37:01.769  1193  1193 I SystemServiceManager: Starting com.android.server.security.KeyChainSystemService
01-01 04:37:01.770  1193  1193 I SystemServer: StartSchedulingPolicyService
01-01 04:37:01.771  1193  1193 I SystemServer: MDM Policy
01-01 04:37:01.790  1193  1193 I SystemServer: StartTelecomLoaderService
01-01 04:37:01.790  1193  1193 I SystemServiceManager: Starting com.android.server.telecom.TelecomLoaderService
01-01 04:37:01.791  1193  1193 I SystemServer: StartTelephonyRegistry
01-01 04:37:01.793  1193  1193 I SystemServer: StartEntropyMixer
01-01 04:37:01.796  1193  1193 W EntropyMixer: Failed to add HW RNG output to entropy pool
01-01 04:37:01.796  1193  1193 W EntropyMixer: java.io.FileNotFoundException: /dev/hw_random (Permission denied)
01-01 04:37:01.796  1193  1193 W EntropyMixer: 	at java.io.FileInputStream.open0(Native Method)
01-01 04:37:01.796  1193  1193 W EntropyMixer: 	at java.io.FileInputStream.open(FileInputStream.java:231)
01-01 04:37:01.796  1193  1193 W EntropyMixer: 	at java.io.FileInputStream.<init>(FileInputStream.java:165)
01-01 04:37:01.796  1193  1193 W EntropyMixer: 	at java.io.FileInputStream.<init>(FileInputStream.java:112)
01-01 04:37:01.796  1193  1193 W EntropyMixer: 	at com.android.server.RandomBlock.fromFile(RandomBlock.java:45)
01-01 04:37:01.796  1193  1193 W EntropyMixer: 	at com.android.server.EntropyMixer.addHwRandomEntropy(EntropyMixer.java:205)
01-01 04:37:01.796  1193  1193 W EntropyMixer: 	at com.android.server.EntropyMixer.<init>(EntropyMixer.java:115)
01-01 04:37:01.796  1193  1193 W EntropyMixer: 	at com.android.server.EntropyMixer.<init>(EntropyMixer.java:97)
01-01 04:37:01.796  1193  1193 W EntropyMixer: 	at com.android.server.SystemServer.startOtherServices(SystemServer.java:850)
01-01 04:37:01.796  1193  1193 W EntropyMixer: 	at com.android.server.SystemServer.run(SystemServer.java:449)
01-01 04:37:01.796  1193  1193 W EntropyMixer: 	at com.android.server.SystemServer.main(SystemServer.java:308)
01-01 04:37:01.796  1193  1193 W EntropyMixer: 	at java.lang.reflect.Method.invoke(Native Method)
01-01 04:37:01.796  1193  1193 W EntropyMixer: 	at com.android.internal.os.RuntimeInit$MethodAndArgsCaller.run(RuntimeInit.java:493)
01-01 04:37:01.796  1193  1193 W EntropyMixer: 	at com.android.internal.os.ZygoteInit.main(ZygoteInit.java:838)
01-01 04:37:01.796  1193  1193 I EntropyMixer: Writing entropy...
01-01 04:37:01.799  1193  1193 I SystemServer: StartAccountManagerService
01-01 04:37:01.799  1193  1193 I SystemServiceManager: Starting com.android.server.accounts.AccountManagerService$Lifecycle
01-01 04:37:01.800  1193  1236 E SystemServer: Unable to preload default resources
01-01 04:37:01.806  1193  1193 I SystemServer: StartContentService
01-01 04:37:01.807  1193  1193 I SystemServiceManager: Starting com.android.server.content.ContentService$Lifecycle
01-01 04:37:01.809  1193  1193 I SystemServer: InstallSystemProviders
01-01 04:37:01.898  1193  1193 I SystemServer: StartDropBoxManager
01-01 04:37:01.898  1193  1193 I SystemServiceManager: Starting com.android.server.DropBoxManagerService
01-01 04:37:01.900  1193  1193 I SystemServer: StartVibratorService
01-01 04:37:01.910  1193  1193 I SystemServer: StartConsumerIrService
01-01 04:37:01.912  1193  1193 I SystemServer: StartAlarmManagerService
01-01 04:37:01.912  1193  1193 I SystemServiceManager: Starting com.android.server.AlarmManagerService
01-01 04:37:01.916  1193  1193 I AlarmManager: Current time only 16621916, advancing to build time 1636036221000
11-04 14:30:21.004  1193  1193 I SystemServer: InitWatchdog
11-04 14:30:21.005  1193  1193 I SystemServer: StartInputManagerService
11-04 14:30:21.005  1193  1193 I InputManager: Initializing input manager, mUseDevInputEventForAudioJack=true
11-04 14:30:21.006  1193  1193 I SystemServer: StartWindowManagerService
11-04 14:30:21.023  1193  1256 I WindowManager: No existing display settings /data/system/display_settings.xml; starting empty
11-04 14:30:21.040  1193  1193 I SystemServer: SetWindowManagerService
11-04 14:30:21.052  1193  1246 E BatteryExternalStatsWorker: no controller energy info supplied for telephony
11-04 14:30:21.052  1193  1246 E KernelCpuSpeedReader: Failed to read cpu-freq: /sys/devices/system/cpu/cpu0/cpufreq/stats/time_in_state (No such file or directory)
11-04 14:30:21.062  1193  1246 I BatteryStatsImpl: Resetting battery stats: level=100 status=2 dischargeLevel=100 lowAmount=1 highAmount=2
11-04 14:30:21.073  1193  1193 I SystemServer: WindowManagerServiceOnInitReady
11-04 14:30:21.073  1193  1427 E ActivityManager: Attempt to launch receivers of broadcast intent Intent { act=android.intent.action.ACTION_POWER_DISCONNECTED flg=0x1000000 pkg=com.verizon.mips.services } before boot completion
11-04 14:30:21.076  1193  1427 I BatteryService: verizon app is not started. Exception :java.lang.IllegalStateException: Cannot broadcast before boot completed
11-04 14:30:21.091  1193  1428 E ActivityManager: Attempt to launch receivers of broadcast intent Intent { act=android.intent.action.ACTION_POWER_CONNECTED flg=0x1000000 pkg=com.verizon.mips.services } before boot completion
11-04 14:30:21.091  1193  1428 I BatteryService: verizon app is not started. Exception :java.lang.IllegalStateException: Cannot broadcast before boot completed
11-04 14:30:21.198  1193  1240 V WindowManager: Broadcasting Intent for HDMI HPD :false
11-04 14:30:21.218  1193  1239 I BinderCallsStatsService: Resetting stats
11-04 14:30:21.218  1193  1246 E BatteryExternalStatsWorker: no controller energy info supplied for telephony
11-04 14:30:21.237  1193  1240 W Looper  : Slow dispatch took 163ms android.ui h=android.os.Handler c=android.os.Handler$BlockingRunnable@1e86fd6 m=0
11-04 14:30:21.238  1193  1193 I SystemServer: StartInputManager
11-04 14:30:21.238  1193  1193 I InputManager: Starting input manager
11-04 14:30:21.241  1193  1193 I SystemServer: DisplayManagerWindowManagerAndInputReady
11-04 14:30:21.241  1193  1193 I SystemServer: StartBluetoothService
11-04 14:30:21.241  1193  1193 I SystemServiceManager: Starting com.android.server.BluetoothService
11-04 14:30:21.244  1193  1193 D BluetoothManagerService: Loading stored name and address
11-04 14:30:21.244  1193  1193 D BluetoothManagerService: Stored bluetooth Name=KYOCERA E4810,Address=null
11-04 14:30:21.244  1193  1193 D BluetoothManagerService: Bluetooth persisted state: 0
11-04 14:30:21.244  1193  1193 D BluetoothManagerService: Detected SystemUiUid: 10032
11-04 14:30:21.258  1193  1193 I SystemServer: IpConnectivityMetrics
11-04 14:30:21.259  1193  1193 I SystemServiceManager: Starting com.android.server.connectivity.IpConnectivityMetrics
11-04 14:30:21.260  1193  1193 I SystemServer: NetworkWatchlistService
11-04 14:30:21.260  1193  1193 I SystemServiceManager: Starting com.android.server.net.watchlist.NetworkWatchlistService$Lifecycle
11-04 14:30:21.265  1193  1193 I WatchlistSettings: Reload watchlist settings done
11-04 14:30:21.267  1193  1193 I SystemServer: PinnerService
11-04 14:30:21.267  1193  1193 I SystemServiceManager: Starting com.android.server.PinnerService
11-04 14:30:21.268  1193  1445 I WatchlistLoggingHandler: No need to aggregate record yet.
11-04 14:30:21.268  1193  1445 I WatchlistLoggingHandler: Milliseconds spent on tryAggregateRecords(): 2
11-04 14:30:21.270  1193  1193 I SystemServer: StartInputMethodManagerLifecycle
11-04 14:30:21.270  1193  1193 I SystemServiceManager: Starting com.android.server.InputMethodManagerService$Lifecycle
11-04 14:30:21.278  1193  1193 I SystemServer: StartAccessibilityManagerService
11-04 14:30:21.283  1193  1193 I SystemServer: MakeDisplayReady
11-04 14:30:21.285  1193  1193 I ActivityManager: Config changes=20005df8 {1.0 ?mcc?mnc [en_US] ldltr sw320dp w320dp h426dp 120dpi smll port ?uimode ?night -touch -keyb/h/h -nav/h winConfig={ mBounds=Rect(0, 0 - 0, 0) mAppBounds=Rect(0, 0 - 240, 320) mWindowingMode=fullscreen mActivityType=undefined} s.2}
11-04 14:30:21.285  1193  1238 I UsageStatsService: Time changed in UsageStats by 1636019599 seconds
11-04 14:30:21.285  1193  1238 I UsageStatsDatabase: Time changed by +18935d9h53m19s83ms. files deleted: 0 files moved: 0
11-04 14:30:21.286  1193  1238 I UsageStatsService: User[0] Rollover scheduled @ 2021-11-05 14:30:21(1636122621285)
11-04 14:30:21.288  1193  1193 I ActivityManager: Override config changes=60007dfc {1.0 ?mcc?mnc [en_US] ldltr sw320dp w320dp h426dp 120dpi smll port ?uimode ?night -touch -keyb/h/h -nav/h winConfig={ mBounds=Rect(0, 0 - 240, 320) mAppBounds=Rect(0, 0 - 240, 320) mWindowingMode=fullscreen mActivityType=undefined} s.2} for displayId=0
11-04 14:30:21.296  1193  1193 I ActivityManager: Config changes=20000400 {1.0 ?mcc?mnc [en_US] ldltr sw320dp w320dp h368dp 120dpi smll port ?uimode ?night -touch -keyb/h/h -nav/h winConfig={ mBounds=Rect(0, 0 - 0, 0) mAppBounds=Rect(0, 0 - 240, 295) mWindowingMode=fullscreen mActivityType=undefined} s.3}
11-04 14:30:21.298  1193  1193 I ActivityManager: Override config changes=20000400 {1.0 ?mcc?mnc [en_US] ldltr sw320dp w320dp h368dp 120dpi smll port ?uimode ?night -touch -keyb/h/h -nav/h winConfig={ mBounds=Rect(0, 0 - 240, 320) mAppBounds=Rect(0, 0 - 240, 295) mWindowingMode=fullscreen mActivityType=undefined} s.3} for displayId=0
11-04 14:30:21.307  1193  1193 I SystemServer: StartStorageManagerService
11-04 14:30:21.307  1193  1193 I SystemServiceManager: Starting com.android.server.StorageManagerService$Lifecycle
11-04 14:30:21.310  1193  1440 I ActivityManager: Config changes=60 {1.0 ?mcc?mnc [en_US] ldltr sw320dp w320dp h368dp 120dpi smll port ?uimode ?night -touch -keyb/v/v dpad/v winConfig={ mBounds=Rect(0, 0 - 0, 0) mAppBounds=Rect(0, 0 - 240, 295) mWindowingMode=fullscreen mActivityType=undefined} s.4}
11-04 14:30:21.314  1193  1440 I ActivityManager: Override config changes=60 {1.0 ?mcc?mnc [en_US] ldltr sw320dp w320dp h368dp 120dpi smll port ?uimode ?night -touch -keyb/v/v dpad/v winConfig={ mBounds=Rect(0, 0 - 240, 320) mAppBounds=Rect(0, 0 - 240, 295) mWindowingMode=fullscreen mActivityType=undefined} s.4} for displayId=0
11-04 14:30:21.363  1193  1193 W SystemServiceManager: Service com.android.server.StorageManagerService$Lifecycle took 56 ms in onStart
11-04 14:30:21.363  1193  1446 D StorageManagerService: Thinking about init, mSystemReady=false, mDaemonConnected=true
11-04 14:30:21.363  1193  1446 D StorageManagerService: Thinking about reset, mSystemReady=false, mDaemonConnected=true
11-04 14:30:21.364  1193  1193 I SystemServer: StartStorageStatsService
11-04 14:30:21.364  1193  1193 I SystemServiceManager: Starting com.android.server.usage.StorageStatsService$Lifecycle
11-04 14:30:21.366  1193  1446 D StorageManagerService: Got locale en-US from mount service
11-04 14:30:21.367  1211  1211 I imsrcsd : getAndroidPropValue : vendor.ims.modem.multisub.cap[2]
11-04 14:30:21.367  1211  1211 I imsrcsd : Uce Service HAL  detected modemVersion[2]
11-04 14:30:21.367  1211  1211 I imsrcsd : Uce Service HAL  loading lib-imsrcs-v2
11-04 14:30:21.371  1193  1446 D StorageManagerService: Setting system properties to en-US from mount service
11-04 14:30:21.372  1193  1193 I SystemServer: StartUiModeManager
11-04 14:30:21.372  1193  1193 I SystemServiceManager: Starting com.android.server.UiModeManagerService
11-04 14:30:21.376  1193  1236 I ActivityManager: Config changes=200 {1.0 ?mcc?mnc [en_US] ldltr sw320dp w320dp h368dp 120dpi smll port -touch -keyb/v/v dpad/v winConfig={ mBounds=Rect(0, 0 - 0, 0) mAppBounds=Rect(0, 0 - 240, 295) mWindowingMode=fullscreen mActivityType=undefined} s.5}
11-04 14:30:21.381  1193  1193 I SystemServer: UpdatePackagesIfNeeded
11-04 14:30:21.382  1193  1193 I SystemServer: PerformFstrimIfNeeded
11-04 14:30:21.382  1193  1236 I ActivityManager: Override config changes=200 {1.0 ?mcc?mnc [en_US] ldltr sw320dp w320dp h368dp 120dpi smll port -touch -keyb/v/v dpad/v winConfig={ mBounds=Rect(0, 0 - 240, 320) mAppBounds=Rect(0, 0 - 240, 295) mWindowingMode=fullscreen mActivityType=undefined} s.5} for displayId=0
11-04 14:30:21.382  1193  1193 I SystemServer: StartLockSettingsService
11-04 14:30:21.383  1193  1193 I SystemServiceManager: Starting com.android.server.locksettings.LockSettingsService$Lifecycle
11-04 14:30:21.395  1193  1193 I SystemServer: StartPersistentDataBlock
11-04 14:30:21.395  1193  1193 I SystemServiceManager: Starting com.android.server.PersistentDataBlockService
11-04 14:30:21.396  1193  1193 I SystemServer: StartOemLockService
11-04 14:30:21.397  1193  1193 I SystemServiceManager: Starting com.android.server.oemlock.OemLockService
11-04 14:30:21.397  1193  1412 E PersistentDataBlockService: not able to find package com.google.android.gms
11-04 14:30:21.397  1193  1412 E PersistentDataBlockService: android.content.pm.PackageManager$NameNotFoundException: com.google.android.gms
11-04 14:30:21.397  1193  1412 E PersistentDataBlockService: 	at android.app.ApplicationPackageManager.getPackageUidAsUser(ApplicationPackageManager.java:299)
11-04 14:30:21.397  1193  1412 E PersistentDataBlockService: 	at com.android.server.PersistentDataBlockService.getAllowedUid(PersistentDataBlockService.java:113)
11-04 14:30:21.397  1193  1412 E PersistentDataBlockService: 	at com.android.server.PersistentDataBlockService.lambda$onStart$0(PersistentDataBlockService.java:126)
11-04 14:30:21.397  1193  1412 E PersistentDataBlockService: 	at com.android.server.-$$Lambda$PersistentDataBlockService$EZl9OYaT2eNL7kfSr2nKUBjxidk.run(Unknown Source:2)
11-04 14:30:21.397  1193  1412 E PersistentDataBlockService: 	at java.util.concurrent.Executors$RunnableAdapter.call(Executors.java:458)
11-04 14:30:21.397  1193  1412 E PersistentDataBlockService: 	at java.util.concurrent.FutureTask.run(FutureTask.java:266)
11-04 14:30:21.397  1193  1412 E PersistentDataBlockService: 	at java.util.concurrent.ThreadPoolExecutor.runWorker(ThreadPoolExecutor.java:1167)
11-04 14:30:21.397  1193  1412 E PersistentDataBlockService: 	at java.util.concurrent.ThreadPoolExecutor$Worker.run(ThreadPoolExecutor.java:641)
11-04 14:30:21.397  1193  1412 E PersistentDataBlockService: 	at com.android.internal.util.ConcurrentUtils$1$1.run(ConcurrentUtils.java:62)
11-04 14:30:21.399  1193  1193 I OemLock : OemLock HAL not present on device
11-04 14:30:21.399  1193  1193 I OemLock : Using persistent data block based lock
11-04 14:30:21.401  1193  1193 I SystemServer: StartDeviceIdleController
11-04 14:30:21.401  1193  1193 I SystemServiceManager: Starting com.android.server.DeviceIdleController
11-04 14:30:21.410  1193  1193 I SystemServer: StartDevicePolicyManager
11-04 14:30:21.410  1193  1193 I SystemServiceManager: Starting com.android.server.devicepolicy.DevicePolicyManagerService$Lifecycle
11-04 14:30:21.427  1193  1193 I SystemServer: StartStatusBarManagerService
11-04 14:30:21.428  1193  1193 I SystemServer: StartClipboardService
11-04 14:30:21.428  1193  1193 I SystemServiceManager: Starting com.android.server.clipboard.ClipboardService
11-04 14:30:21.432  1193  1193 I SystemServer: StartNetworkManagementService
11-04 14:30:21.434  1193  1449 I NetworkManagement: onDaemonConnected()
11-04 14:30:21.436  1193  1193 I SystemServer: StartIpSecService
11-04 14:30:21.439  1193  1193 I SystemServer: StartTextServicesManager
11-04 14:30:21.439  1193  1193 I SystemServiceManager: Starting com.android.server.TextServicesManagerService$Lifecycle
11-04 14:30:21.443  1193  1193 I SystemServer: StartTextClassificationManagerService
11-04 14:30:21.443  1193  1193 I SystemServiceManager: Starting com.android.server.textclassifier.TextClassificationManagerService$Lifecycle
11-04 14:30:21.444  1193  1193 I SystemServer: StartNetworkScoreService
11-04 14:30:21.444  1193  1193 I SystemServiceManager: Starting com.android.server.NetworkScoreService$Lifecycle
11-04 14:30:21.448  1193  1193 I SystemServer: StartNetworkStatsService
11-04 14:30:21.452  1193  1193 I SystemServer: StartNetworkPolicyManagerService
11-04 14:30:21.459  1193  1193 I SystemServer: StartWifi
11-04 14:30:21.463  1193  1193 I SystemServiceManager: Starting com.android.server.wifi.WifiService
11-04 14:30:21.487  1211  1211 I Diag_Lib: StartImsService
11-04 14:30:21.487  1211  1211 I imsrcsd : ImsServiceMain startService[1]
11-04 14:30:21.496  1211  1456 I imsrcsd : ImsServiceMain Running..
11-04 14:30:21.619  1211  1455 I Diag_Lib: OnServiceStatusReceived iStatus[0]
11-04 14:30:21.620  1211  1455 I Diag_Lib: Starting Service for First Time
11-04 14:30:21.622  1211  1455 I Diag_Lib: CM_IMSCONNECTIONMANAGER_CREATE_CONNECTION Before Registering Service
11-04 14:30:21.625  1211  1455 I Diag_Lib: CM_IMSCONNECTIONMANAGER_CREATE_CONNECTION After Registering Service
11-04 14:30:21.729  1193  1193 I SystemServer: StartWifiScanning
11-04 14:30:21.731  1193  1193 I SystemServiceManager: Starting com.android.server.wifi.scanner.WifiScanningService
11-04 14:30:21.733  1193  1193 I SystemServer: StartWifiP2P
11-04 14:30:21.734  1193  1193 I SystemServiceManager: Starting com.android.server.wifi.p2p.WifiP2pService
11-04 14:30:21.748  1193  1193 I SystemServer: StartConnectivityService
11-04 14:30:21.754  1193  1193 D ConnectivityService: ConnectivityService starting up
11-04 14:30:21.757  1193  1193 D ConnectivityService: wifiOnly=false
11-04 14:30:21.758  1193  1193 E ConnectivityService: Ignoring protectedNetwork 14
11-04 14:30:21.779  1193  1193 I SystemServer: StartNsdService
11-04 14:30:21.781  1193  1193 D NsdService: Network service discovery is enabled
11-04 14:30:21.784  1193  1193 I SystemServer: StartSystemUpdateManagerService
11-04 14:30:21.785  1193  1193 I SystemUpdateManagerService: No existing info file /data/system/system-update-info.xml
11-04 14:30:21.786  1193  1193 I SystemServer: StartUpdateLockService
11-04 14:30:21.787  1193  1193 I SystemServer: StartNotificationManager
11-04 14:30:21.787  1193  1193 I SystemServiceManager: Starting com.android.server.notification.NotificationManagerService
11-04 14:30:21.803  1193  1193 D ConditionProviders.SCP: new ScheduleConditionProvider()
11-04 14:30:21.825  1193  1193 D NotificationAssistants: Approving default notification assistant for user 0
11-04 14:30:21.845  1193  1193 I SystemServer: StartDeviceMonitor
11-04 14:30:21.845  1193  1193 I SystemServiceManager: Starting com.android.server.storage.DeviceStorageMonitorService
11-04 14:30:21.848  1193  1193 I SystemServer: StartLocationManagerService
11-04 14:30:21.850  1193  1193 I SystemServer: StartCountryDetectorService
11-04 14:30:21.851  1193  1193 I SystemServer: StartSearchManagerService
11-04 14:30:21.852  1193  1193 I SystemServiceManager: Starting com.android.server.search.SearchManagerService$Lifecycle
11-04 14:30:21.854  1193  1193 I SystemServer: StartWallpaperManagerService
11-04 14:30:21.854  1193  1193 I SystemServiceManager: Starting com.android.server.wallpaper.WallpaperManagerService$Lifecycle
11-04 14:30:21.857  1193  1193 I SystemServer: StartAudioService
11-04 14:30:21.857  1193  1193 I SystemServiceManager: Starting com.android.server.audio.AudioService$Lifecycle
11-04 14:30:21.925  1193  1193 I SystemServer: StartDockObserver
11-04 14:30:21.925  1193  1193 I SystemServiceManager: Starting com.android.server.DockObserver
11-04 14:30:21.926  1193  1193 W DockObserver: This kernel does not have dock station support
11-04 14:30:21.927  1193  1193 I SystemServer: StartWiredAccessoryManager
11-04 14:30:21.928  1193  1193 W WiredAccessoryManager: This kernel does not have usb audio support
11-04 14:30:21.928  1193  1193 W WiredAccessoryManager: This kernel does not have HDMI audio support
11-04 14:30:21.928  1193  1193 V WiredAccessoryManager: Monitor DP conn soc:qcom,msm-ext-disp/1/0
11-04 14:30:21.928  1193  1193 V WiredAccessoryManager: UEvent dev address controller=1;stream=0
11-04 14:30:21.928  1193  1193 V WiredAccessoryManager: checkDevIndex /sys/devices/platform/soc/soc:qcom,msm-ext-disp/extcon/extcon0/name
11-04 14:30:21.929  1193  1193 E WiredAccessoryManager: file /sys/devices/platform/soc/soc:qcom,msm-ext-disp/extcon/extcon0/name not found
11-04 14:30:21.929  1193  1193 W WiredAccessoryManager: Conn soc:qcom,msm-ext-disp/1/0 does not have DP audio support
11-04 14:30:21.929  1193  1193 V WiredAccessoryManager: Monitor DP conn soc:qcom,msm-ext-disp/0/0
11-04 14:30:21.929  1193  1193 V WiredAccessoryManager: UEvent dev address controller=0;stream=0
11-04 14:30:21.929  1193  1193 V WiredAccessoryManager: checkDevIndex /sys/devices/platform/soc/soc:qcom,msm-ext-disp/extcon/extcon0/name
11-04 14:30:21.929  1193  1193 E WiredAccessoryManager: file /sys/devices/platform/soc/soc:qcom,msm-ext-disp/extcon/extcon0/name not found
11-04 14:30:21.929  1193  1193 W WiredAccessoryManager: Conn soc:qcom,msm-ext-disp/0/0 does not have DP audio support
11-04 14:30:21.929  1193  1193 I SystemServer: StartMidiManager
11-04 14:30:21.929  1193  1193 I SystemServiceManager: Starting com.android.server.midi.MidiService$Lifecycle
11-04 14:30:21.931  1193  1193 I SystemServer: StartUsbService
11-04 14:30:21.932  1193  1193 I SystemServiceManager: Starting com.android.server.usb.UsbService$Lifecycle
11-04 14:30:21.934  1193  1193 E UsbDeviceManager: failed to write to /sys/class/android_usb/android0/f_rndis/ethaddr
11-04 14:30:21.936  1193  1193 I UsbDeviceManager: USB GADGET HAL not present in the device
11-04 14:30:21.936  1193  1193 I UsbDeviceManager: java.util.NoSuchElementException
11-04 14:30:21.936  1193  1193 I UsbDeviceManager: 	at android.os.HwBinder.getService(Native Method)
11-04 14:30:21.936  1193  1193 I UsbDeviceManager: 	at android.hardware.usb.gadget.V1_0.IUsbGadget.getService(IUsbGadget.java:40)
11-04 14:30:21.936  1193  1193 I UsbDeviceManager: 	at android.hardware.usb.gadget.V1_0.IUsbGadget.getService(IUsbGadget.java:44)
11-04 14:30:21.936  1193  1193 I UsbDeviceManager: 	at com.android.server.usb.UsbDeviceManager.<init>(UsbDeviceManager.java:340)
11-04 14:30:21.936  1193  1193 I UsbDeviceManager: 	at com.android.server.usb.UsbService.<init>(UsbService.java:139)
11-04 14:30:21.936  1193  1193 I UsbDeviceManager: 	at com.android.server.usb.UsbService$Lifecycle.onStart(UsbService.java:73)
11-04 14:30:21.936  1193  1193 I UsbDeviceManager: 	at com.android.server.SystemServiceManager.startService(SystemServiceManager.java:126)
11-04 14:30:21.936  1193  1193 I UsbDeviceManager: 	at com.android.server.SystemServiceManager.startService(SystemServiceManager.java:113)
11-04 14:30:21.936  1193  1193 I UsbDeviceManager: 	at com.android.server.SystemServiceManager.startService(SystemServiceManager.java:72)
11-04 14:30:21.936  1193  1193 I UsbDeviceManager: 	at com.android.server.SystemServer.startOtherServices(SystemServer.java:1370)
11-04 14:30:21.936  1193  1193 I UsbDeviceManager: 	at com.android.server.SystemServer.run(SystemServer.java:449)
11-04 14:30:21.936  1193  1193 I UsbDeviceManager: 	at com.android.server.SystemServer.main(SystemServer.java:308)
11-04 14:30:21.936  1193  1193 I UsbDeviceManager: 	at java.lang.reflect.Method.invoke(Native Method)
11-04 14:30:21.936  1193  1193 I UsbDeviceManager: 	at com.android.internal.os.RuntimeInit$MethodAndArgsCaller.run(RuntimeInit.java:493)
11-04 14:30:21.936  1193  1193 I UsbDeviceManager: 	at com.android.internal.os.ZygoteInit.main(ZygoteInit.java:838)
11-04 14:30:21.936  1193  1193 E UsbDeviceManager: Failed to open control for mtp
11-04 14:30:21.936  1193  1193 E UsbDeviceManager: Failed to open control for mtp
11-04 14:30:21.961  1193  1193 E UsbDeviceManager: failed to read to /sys/class/another_switch/usb_cable/state
11-04 14:30:21.969  1193  1193 E UsbPortManager: connectToProxy: usb hal service not found. Did the service fail to start?
11-04 14:30:21.969  1193  1193 E UsbPortManager: java.util.NoSuchElementException
11-04 14:30:21.969  1193  1193 E UsbPortManager: 	at android.os.HwBinder.getService(Native Method)
11-04 14:30:21.969  1193  1193 E UsbPortManager: 	at android.os.HwBinder.getService(HwBinder.java:91)
11-04 14:30:21.969  1193  1193 E UsbPortManager: 	at android.hardware.usb.V1_0.IUsb.getService(IUsb.java:48)
11-04 14:30:21.969  1193  1193 E UsbPortManager: 	at android.hardware.usb.V1_0.IUsb.getService(IUsb.java:52)
11-04 14:30:21.969  1193  1193 E UsbPortManager: 	at com.android.server.usb.UsbPortManager.connectToProxy(UsbPortManager.java:531)
11-04 14:30:21.969  1193  1193 E UsbPortManager: 	at com.android.server.usb.UsbPortManager.<init>(UsbPortManager.java:137)
11-04 14:30:21.969  1193  1193 E UsbPortManager: 	at com.android.server.usb.UsbService.<init>(UsbService.java:142)
11-04 14:30:21.969  1193  1193 E UsbPortManager: 	at com.android.server.usb.UsbService$Lifecycle.onStart(UsbService.java:73)
11-04 14:30:21.969  1193  1193 E UsbPortManager: 	at com.android.server.SystemServiceManager.startService(SystemServiceManager.java:126)
11-04 14:30:21.969  1193  1193 E UsbPortManager: 	at com.android.server.SystemServiceManager.startService(SystemServiceManager.java:113)
11-04 14:30:21.969  1193  1193 E UsbPortManager: 	at com.android.server.SystemServiceManager.startService(SystemServiceManager.java:72)
11-04 14:30:21.969  1193  1193 E UsbPortManager: 	at com.android.server.SystemServer.startOtherServices(SystemServer.java:1370)
11-04 14:30:21.969  1193  1193 E UsbPortManager: 	at com.android.server.SystemServer.run(SystemServer.java:449)
11-04 14:30:21.969  1193  1193 E UsbPortManager: 	at com.android.server.SystemServer.main(SystemServer.java:308)
11-04 14:30:21.969  1193  1193 E UsbPortManager: 	at java.lang.reflect.Method.invoke(Native Method)
11-04 14:30:21.969  1193  1193 E UsbPortManager: 	at com.android.internal.os.RuntimeInit$MethodAndArgsCaller.run(RuntimeInit.java:493)
11-04 14:30:21.969  1193  1193 E UsbPortManager: 	at com.android.internal.os.ZygoteInit.main(ZygoteInit.java:838)
11-04 14:30:21.973  1193  1193 I SystemServer: StartSerialService
11-04 14:30:21.974  1193  1193 I SystemServer: StartHardwarePropertiesManagerService
11-04 14:30:21.977  1193  1193 I SystemServer: StartTwilightService
11-04 14:30:21.977  1193  1193 I SystemServiceManager: Starting com.android.server.twilight.TwilightService
11-04 14:30:21.978  1193  1193 I SystemServer: StartNightDisplay
11-04 14:30:21.978  1193  1193 I SystemServiceManager: Starting com.android.server.display.ColorDisplayService
11-04 14:30:21.978  1193  1193 I SystemServer: StartJobScheduler
11-04 14:30:21.978  1193  1193 I SystemServiceManager: Starting com.android.server.job.JobSchedulerService
11-04 14:30:21.979  1193  1407 E PackageManager: Failed to create app data for jp.kyocera.kerr, but trying to recover: com.android.server.pm.Installer$InstallerException: android.os.ServiceSpecificException: Failed to restorecon /data/data/jp.kyocera.kerr (code 13)
11-04 14:30:21.983  1193  1407 W PackageManager: com.android.server.pm.Installer$InstallerException: android.os.ServiceSpecificException: Failed to delete /data/user_de/0/jp.kyocera.kerr (code 2)
11-04 14:30:21.985  1193  1193 D JobStore: Start tag: job-info
11-04 14:30:21.986  1193  1407 D PackageManager: Recovery failed!
11-04 14:30:21.986  1193  1193 W JobStore: Periodic job for uid='1000' persisted run-time is too big [24:01:54, 48:01:54]. Clamping to [24:00:20,48:00:20]
